D/MSimSignalClusterView(23931): wifi: GONE sig=0 act=2130837832
D/MSimSignalClusterView(23931): sub1Visible = true  sub2Visible = false  mMobileVisible = true  subscription = 0
D/MSimSignalClusterView(23931): wifi: GONE sig=0 act=2130837832
D/MSimSignalClusterView(23931): sub1Visible = true  sub2Visible = false  mMobileVisible = false  subscription = 1
D/MSimSignalClusterView(23931): wifi: GONE sig=0 act=2130837832
D/MSimSignalClusterView(23931): sub1Visible = true  sub2Visible = false  mMobileVisible = false  subscription = 1
D/MSimSignalClusterView(23931): wifi: GONE sig=0 act=2130837832
D/MSimSignalClusterView(23931): sub1Visible = true  sub2Visible = false  mMobileVisible = true  subscription = 0
V/WLAN_PSA(  215): NL MSG, len[048], NL type[0x11] WNI type[0x5050] len[028]
D/nubiatel:tel-callBack-service(  201): onDataActivity arg0 = 0
D/nubiatel:tel-callBack-service(  201): onDataActivity arg0 = 0
D/StatusBar.MSimNetworkController(23931): onDataActivity received on subscription :0direction=0
D/StatusBar.MSimNetworkController(23931): updateDataIcon subscription =0
D/StatusBar.MSimNetworkController(23931): updateDataIcon dataSub =0
D/StatusBar.MSimNetworkController(23931): updateDataIcon  when SimState =READY
D/StatusBar.MSimNetworkController(23931): updateDataIcon  when gsm mMSimState =READY
D/StatusBar.MSimNetworkController(23931): updateDataIcon when mMSimDataConnected =true
D/StatusBar.MSimNetworkController(23931): refreshViews subscription =0mMSimDataConnected =true
D/StatusBar.MSimNetworkController(23931): refreshViews mMSimDataActivity =0
D/nubiatel:tel-callBack-service(  201): onDataActivity arg0 = 0
D/StatusBar.MSimNetworkController(23931): refreshViews connected={ data } level=4 mMSimcombinedSignalIconId=0x7f020135/com.android.systemui:drawable/stat_sys_signal_4 mMSimcombinedActivityIconId=0x7f02013d mAirplaneMode=false mMSimDataActivity=0 mMSimPhoneSignalIconId=0x7f020135 mMSimDataDirectionIconId=0x7f020117 mMSimDataSignalIconId=0x7f020135 mMSimDataTypeIconId=0x7f020117 mNoMSimIconId=0x0 mWifiIconId=0x0 mBluetoothTetherIconId=0x1080669
D/MSimSignalClusterView(23931): wifi: GONE sig=0 act=2130837832
D/MSimSignalClusterView(23931): sub1Visible = true  sub2Visible = false  mMobileVisible = true  subscription = 0
D/MSimSignalClusterView(23931): wifi: GONE sig=0 act=2130837832
D/MSimSignalClusterView(23931): sub1Visible = true  sub2Visible = false  mMobileVisible = true  subscription = 0
D/MSimSignalClusterView(23931): wifi: GONE sig=0 act=2130837832
D/MSimSignalClusterView(23931): sub1Visible = true  sub2Visible = false  mMobileVisible = true  subscription = 0
D/MSimSignalClusterView(23931): wifi: GONE sig=0 act=2130837832
D/MSimSignalClusterView(23931): sub1Visible = true  sub2Visible = false  mMobileVisible = true  subscription = 0
D/MSimSignalClusterView(23931): wifi: GONE sig=0 act=2130837832
D/MSimSignalClusterView(23931): sub1Visible = true  sub2Visible = false  mMobileVisible = true  subscription = 0
D/MSimSignalClusterView(23931): wifi: GONE sig=0 act=2130837832
D/MSimSignalClusterView(23931): sub1Visible = true  sub2Visible = false  mMobileVisible = true  subscription = 0
D/MSimSignalClusterView(23931): wifi: GONE sig=0 act=2130837832
D/StatusBar.MSimNetworkController(23931): refreshViews: mWifiConnected=false, mMDataConnected=true, mSimReady=true
D/MSimSignalClusterView(23931): sub1Visible = true  sub2Visible = false  mMobileVisible = true  subscription = 0
D/MSimSignalClusterView(23931): wifi: GONE sig=0 act=2130837832
D/MSimSignalClusterView(23931): sub1Visible = true  sub2Visible = false  mMobileVisible = true  subscription = 0
D/StatusBar.MSimNetworkController(23931): onDataActivity received on subscription :1direction=0
D/StatusBar.MSimNetworkController(23931): updateDataIcon subscription =1
D/StatusBar.MSimNetworkController(23931): updateDataIcon dataSub =0
D/StatusBar.MSimNetworkController(23931): updateDataIconi: SUB1 is not DDS.  Clear the mMSimDataConnected Flag and return
D/StatusBar.MSimNetworkController(23931): refreshViews subscription =1mMSimDataConnected =false
D/StatusBar.MSimNetworkController(23931): refreshViews mMSimDataActivity =0
D/StatusBar.MSimNetworkController(23931): refreshViews: Data not connected!! Set no data type icon / Roaming for subscription: 1
D/StatusBar.MSimNetworkController(23931): refreshViews connected={ } level=1 mMSimcombinedSignalIconId=0x7f02013e/com.android.systemui:drawable/stat_sys_signal_null mMSimcombinedActivityIconId=0x7f020146 mAirplaneMode=false mMSimDataActivity=0 mMSimPhoneSignalIconId=0x7f02013e mMSimDataDirectionIconId=0x0 mMSimDataSignalIconId=0x7f02013e mMSimDataTypeIconId=0x0 mNoMSimIconId=0x0 mWifiIconId=0x0 mBluetoothTetherIconId=0x1080669
D/MSimSignalClusterView(23931): wifi: GONE sig=0 act=2130837832
D/MSimSignalClusterView(23931): sub1Visible = true  sub2Visible = false  mMobileVisible = true  subscription = 0
D/MSimSignalClusterView(23931): wifi: GONE sig=0 act=2130837832
D/MSimSignalClusterView(23931): sub1Visible = true  sub2Visible = false  mMobileVisible = false  subscription = 1
D/MSimSignalClusterView(23931): wifi: GONE sig=0 act=2130837832
D/StatusBar.MSimNetworkController(23931): refreshViews: mWifiConnected=false, mMDataConnected=true, mSimReady=true
D/MSimSignalClusterView(23931): sub1Visible = true  sub2Visible = false  mMobileVisible = false  subscription = 1
D/MSimSignalClusterView(23931): wifi: GONE sig=0 act=2130837832
D/MSimSignalClusterView(23931): sub1Visible = true  sub2Visible = false  mMobileVisible = true  subscription = 0
D/MSimSignalClusterView(23931): wifi: GONE sig=0 act=2130837832
D/MSimSignalClusterView(23931): sub1Visible = true  sub2Visible = false  mMobileVisible = true  subscription = 0
D/MSimSignalClusterView(23931): wifi: GONE sig=0 act=2130837832
D/MSimSignalClusterView(23931): sub1Visible = true  sub2Visible = false  mMobileVisible = false  subscription = 1
D/MSimSignalClusterView(23931): wifi: GONE sig=0 act=2130837832
D/MSimSignalClusterView(23931): sub1Visible = true  sub2Visible = false  mMobileVisible = false  subscription = 1
D/MSimSignalClusterView(23931): wifi: GONE sig=0 act=2130837832
D/MSimSignalClusterView(23931): sub1Visible = true  sub2Visible = false  mMobileVisible = true  subscription = 0
D/nubiatel:tel-callBack-service(  201): onDataActivity arg0 = 3
D/nubiatel:tel-callBack-service(  201): onDataActivity arg0 = 3
D/StatusBar.MSimNetworkController(23931): onDataActivity received on subscription :0direction=3
D/StatusBar.MSimNetworkController(23931): updateDataIcon subscription =0
D/StatusBar.MSimNetworkController(23931): updateDataIcon dataSub =0
D/StatusBar.MSimNetworkController(23931): updateDataIcon  when SimState =READY
D/StatusBar.MSimNetworkController(23931): updateDataIcon  when gsm mMSimState =READY
D/StatusBar.MSimNetworkController(23931): updateDataIcon when mMSimDataConnected =true
D/StatusBar.MSimNetworkController(23931): refreshViews subscription =0mMSimDataConnected =true
D/StatusBar.MSimNetworkController(23931): refreshViews mMSimDataActivity =3
D/nubiatel:tel-callBack-service(  201): onDataActivity arg0 = 3
D/StatusBar.MSimNetworkController(23931): refreshViews connected={ data } level=4 mMSimcombinedSignalIconId=0x7f020135/com.android.systemui:drawable/stat_sys_signal_4 mMSimcombinedActivityIconId=0x7f02013c mAirplaneMode=false mMSimDataActivity=3 mMSimPhoneSignalIconId=0x7f020135 mMSimDataDirectionIconId=0x7f020117 mMSimDataSignalIconId=0x7f020135 mMSimDataTypeIconId=0x7f020117 mNoMSimIconId=0x0 mWifiIconId=0x0 mBluetoothTetherIconId=0x1080669
D/MSimSignalClusterView(23931): wifi: GONE sig=0 act=2130837832
D/MSimSignalClusterView(23931): sub1Visible = true  sub2Visible = false  mMobileVisible = true  subscription = 0
D/MSimSignalClusterView(23931): wifi: GONE sig=0 act=2130837832
D/MSimSignalClusterView(23931): sub1Visible = true  sub2Visible = false  mMobileVisible = true  subscription = 0
D/MSimSignalClusterView(23931): wifi: GONE sig=0 act=2130837832
D/MSimSignalClusterView(23931): sub1Visible = true  sub2Visible = false  mMobileVisible = true  subscription = 0
D/MSimSignalClusterView(23931): wifi: GONE sig=0 act=2130837832
D/MSimSignalClusterView(23931): sub1Visible = true  sub2Visible = false  mMobileVisible = true  subscription = 0
D/MSimSignalClusterView(23931): wifi: GONE sig=0 act=2130837832
D/MSimSignalClusterView(23931): sub1Visible = true  sub2Visible = false  mMobileVisible = true  subscription = 0
D/StatusBar.MSimNetworkController(23931): refreshViews: mWifiConnected=false, mMDataConnected=true, mSimReady=true
D/MSimSignalClusterView(23931): wifi: GONE sig=0 act=2130837832
D/MSimSignalClusterView(23931): sub1Visible = true  sub2Visible = false  mMobileVisible = true  subscription = 0
D/MSimSignalClusterView(23931): wifi: GONE sig=0 act=2130837832
D/MSimSignalClusterView(23931): sub1Visible = true  sub2Visible = false  mMobileVisible = true  subscription = 0
D/MSimSignalClusterView(23931): wifi: GONE sig=0 act=2130837832
D/MSimSignalClusterView(23931): sub1Visible = true  sub2Visible = false  mMobileVisible = true  subscription = 0
D/StatusBar.MSimNetworkController(23931): onDataActivity received on subscription :1direction=3
D/StatusBar.MSimNetworkController(23931): updateDataIcon subscription =1
D/StatusBar.MSimNetworkController(23931): updateDataIcon dataSub =0
D/StatusBar.MSimNetworkController(23931): updateDataIconi: SUB1 is not DDS.  Clear the mMSimDataConnected Flag and return
D/StatusBar.MSimNetworkController(23931): refreshViews subscription =1mMSimDataConnected =false
D/StatusBar.MSimNetworkController(23931): refreshViews mMSimDataActivity =3
D/StatusBar.MSimNetworkController(23931): refreshViews: Data not connected!! Set no data type icon / Roaming for subscription: 1
D/StatusBar.MSimNetworkController(23931): refreshViews connected={ } level=1 mMSimcombinedSignalIconId=0x7f02013e/com.android.systemui:drawable/stat_sys_signal_null mMSimcombinedActivityIconId=0x7f020146 mAirplaneMode=false mMSimDataActivity=3 mMSimPhoneSignalIconId=0x7f02013e mMSimDataDirectionIconId=0x0 mMSimDataSignalIconId=0x7f02013e mMSimDataTypeIconId=0x0 mNoMSimIconId=0x0 mWifiIconId=0x0 mBluetoothTetherIconId=0x1080669
D/MSimSignalClusterView(23931): wifi: GONE sig=0 act=2130837832
D/MSimSignalClusterView(23931): sub1Visible = true  sub2Visible = false  mMobileVisible = true  subscription = 0
D/MSimSignalClusterView(23931): wifi: GONE sig=0 act=2130837832
D/MSimSignalClusterView(23931): sub1Visible = true  sub2Visible = false  mMobileVisible = false  subscription = 1
D/MSimSignalClusterView(23931): wifi: GONE sig=0 act=2130837832
D/MSimSignalClusterView(23931): sub1Visible = true  sub2Visible = false  mMobileVisible = false  subscription = 1
D/MSimSignalClusterView(23931): wifi: GONE sig=0 act=2130837832
D/MSimSignalClusterView(23931): sub1Visible = true  sub2Visible = false  mMobileVisible = true  subscription = 0
D/MSimSignalClusterView(23931): wifi: GONE sig=0 act=2130837832
D/StatusBar.MSimNetworkController(23931): refreshViews: mWifiConnected=false, mMDataConnected=true, mSimReady=true
D/MSimSignalClusterView(23931): sub1Visible = true  sub2Visible = false  mMobileVisible = true  subscription = 0
D/MSimSignalClusterView(23931): wifi: GONE sig=0 act=2130837832
D/MSimSignalClusterView(23931): sub1Visible = true  sub2Visible = false  mMobileVisible = false  subscription = 1
D/MSimSignalClusterView(23931): wifi: GONE sig=0 act=2130837832
D/MSimSignalClusterView(23931): sub1Visible = true  sub2Visible = false  mMobileVisible = false  subscription = 1
D/MSimSignalClusterView(23931): wifi: GONE sig=0 act=2130837832
D/MSimSignalClusterView(23931): sub1Visible = true  sub2Visible = false  mMobileVisible = true  subscription = 0
D/nubiatel:tel-callBack-service(  201): onServiceStateChanged arg0 = 0 0 home MegaFon MegaFon 25002  UMTS HSPA CSS not supported -1 -1 RoamInd=-1 DefRoamInd=-1 EmergOnly=false
I/MSimTelephonyRegistry( 1184): notifyServiceState: 0 0 home MegaFon MegaFon 25002  UMTS HSPA CSS not supported -1 -1 RoamInd=-1 DefRoamInd=-1 EmergOnly=false
D/StatusBar.MSimNetworkController(23931): onServiceStateChanged received on subscription :0state=0
D/StatusBar.MSimNetworkController(23931): Combining data service state 0 for signal
D/StatusBar.MSimNetworkController(23931): updateTelephonySignalStrength: subscription =0
D/StatusBar.MSimNetworkController(23931): isGsm = true  evdoLevel =0   cdmaLevel = 0  lteLevel = 0 mIsInCdmaCall = false iconLevel = 4
D/StatusBar.MSimNetworkController(23931): updateDataNetType sub = 0 mDataNetType = 15
D/nubiatel:tel-callBack-service(  201): onServiceStateChanged arg0 = 0 0 home MegaFon MegaFon 25002  UMTS HSPA CSS not supported -1 -1 RoamInd=-1 DefRoamInd=-1 EmergOnly=false
D/StatusBar.MSimNetworkController(23931): updateDataIcon subscription =0
D/StatusBar.MSimNetworkController(23931): updateDataIcon dataSub =0
D/StatusBar.MSimNetworkController(23931): updateDataIcon  when SimState =READY
D/StatusBar.MSimNetworkController(23931): updateDataIcon  when gsm mMSimState =READY
D/StatusBar.MSimNetworkController(23931): updateDataIcon when mMSimDataConnected =true
D/StatusBar.MSimNetworkController(23931): updateNetworkName showSpn=true spn=MegaFon showPlmn=false plmn=MegaFon
D/CarrierLabel(23931): updateNetworkName networkOperator = 25002 subscription = 0
D/StatusBar.MSimNetworkController(23931): mMSimNetworkName[subscription] MegaFonsubscription 0
D/StatusBar.MSimNetworkController(23931): updateCarrierText for sub:0 simState =READY
D/StatusBar.MSimNetworkController(23931): refreshViews subscription =0mMSimDataConnected =true
D/StatusBar.MSimNetworkController(23931): refreshViews mMSimDataActivity =3
D/StatusBar.MSimNetworkController(23931): refreshViews connected={ data } level=4 mMSimcombinedSignalIconId=0x7f020135/com.android.systemui:drawable/stat_sys_signal_4 mMSimcombinedActivityIconId=0x7f02013c mAirplaneMode=false mMSimDataActivity=3 mMSimPhoneSignalIconId=0x7f020135 mMSimDataDirectionIconId=0x7f020117 mMSimDataSignalIconId=0x7f020135 mMSimDataTypeIconId=0x7f020117 mNoMSimIconId=0x0 mWifiIconId=0x0 mBluetoothTetherIconId=0x1080669
D/MSimSignalClusterView(23931): wifi: GONE sig=0 act=2130837832
D/nubiatel:tel-callBack-service(  201): onDataConnectionStateChanged arg0 = 2 arg1 = 10
D/MSimSignalClusterView(23931): sub1Visible = true  sub2Visible = false  mMobileVisible = true  subscription = 0
D/MSimSignalClusterView(23931): wifi: GONE sig=0 act=2130837832
D/MSimSignalClusterView(23931): sub1Visible = true  sub2Visible = false  mMobileVisible = true  subscription = 0
D/MSimSignalClusterView(23931): wifi: GONE sig=0 act=2130837832
D/MSimSignalClusterView(23931): sub1Visible = true  sub2Visible = false  mMobileVisible = true  subscription = 0
D/MSimSignalClusterView(23931): wifi: GONE sig=0 act=2130837832
D/nubiatel:tel-callBack-service(  201): onDataConnectionStateChanged arg0 = 2 arg1 = 10
V/MSimPhoneGlobals( 1473): Action intent recieved:android.intent.action.SERVICE_STATE
V/MSimPhoneGlobals( 1473): Action intent recieved:android.intent.action.ANY_DATA_STATE
D/PhoneApp( 1473): mReceiver: ACTION_ANY_DATA_CONNECTION_STATE_CHANGED
D/PhoneApp( 1473): - state: CONNECTED
D/PhoneApp( 1473): - reason: null
D/MSimTelephonyRegistry( 1184): Notify data connection state changed on sub: 0
D/MSimTelephonyRegistry( 1184): Notify data connection state changed on sub: 0
D/MSimTelephonyRegistry( 1184): Notify data connection state changed on sub: 0
D/BroadcastQueue( 1184): check whether exist:srcDir = /system/app/GsmTuneAway.apk
D/MSimSignalClusterView(23931): sub1Visible = true  sub2Visible = false  mMobileVisible = true  subscription = 0
D/ConnectivityServiceHSM( 1184): Actual State: DefaultConnectivityState, Current State: DefaultConnectivityState.processMessage what=458755
D/ConnectivityServiceHSM( 1184): Actual State: DefaultConnectivityState, Current State: DefaultConnectivityState.processMessage what=5011
D/MSimSignalClusterView(23931): wifi: GONE sig=0 act=2130837832
D/MobileDataStateTracker( 1184): default: Broadcast received: android.intent.action.ANY_DATA_STATE apnType=default
D/MobileDataStateTracker( 1184): default: subscription=0, dds=0
D/MSimSignalClusterView(23931): sub1Visible = true  sub2Visible = false  mMobileVisible = true  subscription = 0
D/MSimSignalClusterView(23931): wifi: GONE sig=0 act=2130837832
D/MobileDataStateTracker( 1184): default: Received state=CONNECTED, old=CONNECTED, reason=(unspecified)
D/QcConnectivityService( 1184): Setting TCP values: [4094,87380,1220608,4096,16384,1220608] which comes from [net.tcp.buffersize.hspa]
D/MSimSignalClusterView(23931): sub1Visible = true  sub2Visible = false  mMobileVisible = true  subscription = 0
D/MSimSignalClusterView(23931): wifi: GONE sig=0 act=2130837832
D/MSimSignalClusterView(23931): sub1Visible = true  sub2Visible = false  mMobileVisible = true  subscription = 0
D/MSimSignalClusterView(23931): wifi: GONE sig=0 act=2130837832
D/StatusBar.MSimNetworkController(23931): refreshViews: mWifiConnected=false, mMDataConnected=true, mSimReady=true
D/MSimSignalClusterView(23931): sub1Visible = true  sub2Visible = false  mMobileVisible = true  subscription = 0
D/KeyguardUpdateMonitor(23931): ACTION_SERVICE_STATE_CHANGED on sub: 0 mServiceState: 0 0 home MegaFon MegaFon 25002  UMTS HSPA CSS not supported -1 -1 RoamInd=-1 DefRoamInd=-1 EmergOnly=false
D/StatusBar.MSimNetworkController(23931): onDataConnectionStateChanged received on subscription :0state=2 type=10
D/StatusBar.MSimNetworkController(23931): updateDataNetType sub = 0 mDataNetType = 10
D/StatusBar.MSimNetworkController(23931): updateDataIcon subscription =0
D/StatusBar.MSimNetworkController(23931): updateDataIcon dataSub =0
D/StatusBar.MSimNetworkController(23931): updateDataIcon  when SimState =READY
D/StatusBar.MSimNetworkController(23931): updateDataIcon  when gsm mMSimState =READY
D/StatusBar.MSimNetworkController(23931): updateDataIcon when mMSimDataConnected =true
D/StatusBar.MSimNetworkController(23931): refreshViews subscription =0mMSimDataConnected =true
D/StatusBar.MSimNetworkController(23931): refreshViews mMSimDataActivity =3
D/StatusBar.MSimNetworkController(23931): refreshViews connected={ data } level=4 mMSimcombinedSignalIconId=0x7f020135/com.android.systemui:drawable/stat_sys_signal_4 mMSimcombinedActivityIconId=0x7f02013c mAirplaneMode=false mMSimDataActivity=3 mMSimPhoneSignalIconId=0x7f020135 mMSimDataDirectionIconId=0x7f020116 mMSimDataSignalIconId=0x7f020135 mMSimDataTypeIconId=0x7f02011e mNoMSimIconId=0x0 mWifiIconId=0x0 mBluetoothTetherIconId=0x1080669
D/MSimSignalClusterView(23931): wifi: GONE sig=0 act=2130837832
D/MSimSignalClusterView(23931): sub1Visible = true  sub2Visible = false  mMobileVisible = true  subscription = 0
D/MSimSignalClusterView(23931): wifi: GONE sig=0 act=2130837832
D/MSimSignalClusterView(23931): sub1Visible = true  sub2Visible = false  mMobileVisible = true  subscription = 0
D/MSimSignalClusterView(23931): wifi: GONE sig=0 act=2130837832
D/MSimSignalClusterView(23931): sub1Visible = true  sub2Visible = false  mMobileVisible = true  subscription = 0
D/MSimSignalClusterView(23931): wifi: GONE sig=0 act=2130837832
D/nubiatel:tel-callBack-service(  201): onDataActivity arg0 = 0
D/nubiatel:tel-callBack-service(  201): onDataActivity arg0 = 0
D/nubiatel:tel-callBack-service(  201): onDataActivity arg0 = 0
D/MSimSignalClusterView(23931): sub1Visible = true  sub2Visible = false  mMobileVisible = true  subscription = 0
D/MSimSignalClusterView(23931): wifi: GONE sig=0 act=2130837832
D/MSimSignalClusterView(23931): sub1Visible = true  sub2Visible = false  mMobileVisible = true  subscription = 0
D/MSimSignalClusterView(23931): wifi: GONE sig=0 act=2130837832
D/MSimSignalClusterView(23931): sub1Visible = true  sub2Visible = false  mMobileVisible = true  subscription = 0
D/MSimSignalClusterView(23931): wifi: GONE sig=0 act=2130837832
D/MSimSignalClusterView(23931): sub1Visible = true  sub2Visible = false  mMobileVisible = true  subscription = 0
D/MSimSignalClusterView(23931): wifi: GONE sig=0 act=2130837832
D/StatusBar.MSimNetworkController(23931): refreshViews: mWifiConnected=false, mMDataConnected=true, mSimReady=true
D/MSimSignalClusterView(23931): sub1Visible = true  sub2Visible = false  mMobileVisible = true  subscription = 0
D/StatusBar.MSimNetworkController(23931): onDataActivity received on subscription :0direction=0
D/StatusBar.MSimNetworkController(23931): updateDataIcon subscription =0
D/StatusBar.MSimNetworkController(23931): updateDataIcon dataSub =0
D/StatusBar.MSimNetworkController(23931): updateDataIcon  when SimState =READY
D/StatusBar.MSimNetworkController(23931): updateDataIcon  when gsm mMSimState =READY
D/StatusBar.MSimNetworkController(23931): updateDataIcon when mMSimDataConnected =true
D/StatusBar.MSimNetworkController(23931): refreshViews subscription =0mMSimDataConnected =true
D/StatusBar.MSimNetworkController(23931): refreshViews mMSimDataActivity =0
D/StatusBar.MSimNetworkController(23931): refreshViews connected={ data } level=4 mMSimcombinedSignalIconId=0x7f020135/com.android.systemui:drawable/stat_sys_signal_4 mMSimcombinedActivityIconId=0x7f02013d mAirplaneMode=false mMSimDataActivity=0 mMSimPhoneSignalIconId=0x7f020135 mMSimDataDirectionIconId=0x7f020116 mMSimDataSignalIconId=0x7f020135 mMSimDataTypeIconId=0x7f02011e mNoMSimIconId=0x0 mWifiIconId=0x0 mBluetoothTetherIconId=0x1080669
D/MSimSignalClusterView(23931): wifi: GONE sig=0 act=2130837832
D/MSimSignalClusterView(23931): sub1Visible = true  sub2Visible = false  mMobileVisible = true  subscription = 0
D/MSimSignalClusterView(23931): wifi: GONE sig=0 act=2130837832
D/MSimSignalClusterView(23931): sub1Visible = true  sub2Visible = false  mMobileVisible = true  subscription = 0
D/MSimSignalClusterView(23931): wifi: GONE sig=0 act=2130837832
D/MSimSignalClusterView(23931): sub1Visible = true  sub2Visible = false  mMobileVisible = true  subscription = 0
D/MSimSignalClusterView(23931): wifi: GONE sig=0 act=2130837832
D/MSimSignalClusterView(23931): sub1Visible = true  sub2Visible = false  mMobileVisible = true  subscription = 0
D/MSimSignalClusterView(23931): wifi: GONE sig=0 act=2130837832
D/MSimSignalClusterView(23931): sub1Visible = true  sub2Visible = false  mMobileVisible = true  subscription = 0
D/MSimSignalClusterView(23931): wifi: GONE sig=0 act=2130837832
D/MSimSignalClusterView(23931): sub1Visible = true  sub2Visible = false  mMobileVisible = true  subscription = 0
D/MSimSignalClusterView(23931): wifi: GONE sig=0 act=2130837832
D/MSimSignalClusterView(23931): sub1Visible = true  sub2Visible = false  mMobileVisible = true  subscription = 0
D/MSimSignalClusterView(23931): wifi: GONE sig=0 act=2130837832
D/StatusBar.MSimNetworkController(23931): refreshViews: mWifiConnected=false, mMDataConnected=true, mSimReady=true
D/MSimSignalClusterView(23931): sub1Visible = true  sub2Visible = false  mMobileVisible = true  subscription = 0
D/StatusBar.MSimNetworkController(23931): onDataActivity received on subscription :1direction=0
D/StatusBar.MSimNetworkController(23931): updateDataIcon subscription =1
D/StatusBar.MSimNetworkController(23931): updateDataIcon dataSub =0
D/StatusBar.MSimNetworkController(23931): updateDataIconi: SUB1 is not DDS.  Clear the mMSimDataConnected Flag and return
D/StatusBar.MSimNetworkController(23931): refreshViews subscription =1mMSimDataConnected =false
D/StatusBar.MSimNetworkController(23931): refreshViews mMSimDataActivity =0
D/StatusBar.MSimNetworkController(23931): refreshViews: Data not connected!! Set no data type icon / Roaming for subscription: 1
D/StatusBar.MSimNetworkController(23931): refreshViews connected={ } level=1 mMSimcombinedSignalIconId=0x7f02013e/com.android.systemui:drawable/stat_sys_signal_null mMSimcombinedActivityIconId=0x7f020146 mAirplaneMode=false mMSimDataActivity=0 mMSimPhoneSignalIconId=0x7f02013e mMSimDataDirectionIconId=0x0 mMSimDataSignalIconId=0x7f02013e mMSimDataTypeIconId=0x0 mNoMSimIconId=0x0 mWifiIconId=0x0 mBluetoothTetherIconId=0x1080669
D/MSimSignalClusterView(23931): wifi: GONE sig=0 act=2130837832
D/MSimSignalClusterView(23931): sub1Visible = true  sub2Visible = false  mMobileVisible = true  subscription = 0
D/MSimSignalClusterView(23931): wifi: GONE sig=0 act=2130837832
D/MSimSignalClusterView(23931): sub1Visible = true  sub2Visible = false  mMobileVisible = false  subscription = 1
D/MSimSignalClusterView(23931): wifi: GONE sig=0 act=2130837832
D/MSimSignalClusterView(23931): sub1Visible = true  sub2Visible = false  mMobileVisible = false  subscription = 1
D/MSimSignalClusterView(23931): wifi: GONE sig=0 act=2130837832
D/MSimSignalClusterView(23931): sub1Visible = true  sub2Visible = false  mMobileVisible = true  subscription = 0
D/MSimSignalClusterView(23931): wifi: GONE sig=0 act=2130837832
D/MSimSignalClusterView(23931): sub1Visible = true  sub2Visible = false  mMobileVisible = true  subscription = 0
D/MSimSignalClusterView(23931): wifi: GONE sig=0 act=2130837832
D/MSimSignalClusterView(23931): sub1Visible = true  sub2Visible = false  mMobileVisible = false  subscription = 1
D/MSimSignalClusterView(23931): wifi: GONE sig=0 act=2130837832
D/MSimSignalClusterView(23931): sub1Visible = true  sub2Visible = false  mMobileVisible = false  subscription = 1
D/MSimSignalClusterView(23931): wifi: GONE sig=0 act=2130837832
D/MSimSignalClusterView(23931): sub1Visible = true  sub2Visible = false  mMobileVisible = true  subscription = 0
D/StatusBar.MSimNetworkController(23931): refreshViews: mWifiConnected=false, mMDataConnected=true, mSimReady=true
V/WLAN_PSA(  215): NL MSG, len[048], NL type[0x11] WNI type[0x5050] len[028]
D/nubiatel:tel-callBack-service(  201): onSignalStrengthsChanged arg0 = SignalStrength: 31 0 -120 -160 -120 -1 -1 99 2147483647 2147483647 2147483647 2147483647 2147483647 gsm|lte
D/nubiatel:tel-callBack-service(  201): onSignalStrengthsChanged arg0 = SignalStrength: 31 0 -120 -160 -120 -1 -1 99 2147483647 2147483647 2147483647 2147483647 2147483647 gsm|lte
D/StatusBar.MSimNetworkController(23931): onSignalStrengthsChanged received on subscription :0signalStrength=SignalStrength: 31 0 -120 -160 -120 -1 -1 99 2147483647 2147483647 2147483647 2147483647 2147483647 gsm|lte level=4
D/StatusBar.MSimNetworkController(23931): updateTelephonySignalStrength: subscription =0
D/nubiatel:tel-callBack-service(  201): onSignalStrengthChanged arg0 = 31
D/nubiatel:tel-callBack-service(  201): onSignalStrengthChanged arg0 = 31
D/StatusBar.MSimNetworkController(23931): isGsm = true  evdoLevel =0   cdmaLevel = 0  lteLevel = 0 mIsInCdmaCall = false iconLevel = 4
D/StatusBar.MSimNetworkController(23931): refreshViews subscription =0mMSimDataConnected =true
D/StatusBar.MSimNetworkController(23931): refreshViews mMSimDataActivity =0
D/StatusBar.MSimNetworkController(23931): refreshViews connected={ data } level=4 mMSimcombinedSignalIconId=0x7f020135/com.android.systemui:drawable/stat_sys_signal_4 mMSimcombinedActivityIconId=0x7f02013d mAirplaneMode=false mMSimDataActivity=0 mMSimPhoneSignalIconId=0x7f020135 mMSimDataDirectionIconId=0x7f020116 mMSimDataSignalIconId=0x7f020135 mMSimDataTypeIconId=0x7f02011e mNoMSimIconId=0x0 mWifiIconId=0x0 mBluetoothTetherIconId=0x1080669
D/MSimSignalClusterView(23931): wifi: GONE sig=0 act=2130837832
D/MSimSignalClusterView(23931): sub1Visible = true  sub2Visible = false  mMobileVisible = true  subscription = 0
D/MSimSignalClusterView(23931): wifi: GONE sig=0 act=2130837832
D/MSimSignalClusterView(23931): sub1Visible = true  sub2Visible = false  mMobileVisible = true  subscription = 0
D/MSimSignalClusterView(23931): wifi: GONE sig=0 act=2130837832
D/MSimSignalClusterView(23931): sub1Visible = true  sub2Visible = false  mMobileVisible = true  subscription = 0
D/MSimSignalClusterView(23931): wifi: GONE sig=0 act=2130837832
D/StatusBar.MSimNetworkController(23931): refreshViews: mWifiConnected=false, mMDataConnected=true, mSimReady=true
D/MSimSignalClusterView(23931): sub1Visible = true  sub2Visible = false  mMobileVisible = true  subscription = 0
D/MSimSignalClusterView(23931): wifi: GONE sig=0 act=2130837832
D/MSimSignalClusterView(23931): sub1Visible = true  sub2Visible = false  mMobileVisible = true  subscription = 0
D/MSimSignalClusterView(23931): wifi: GONE sig=0 act=2130837832
D/MSimSignalClusterView(23931): sub1Visible = true  sub2Visible = false  mMobileVisible = true  subscription = 0
D/MSimSignalClusterView(23931): wifi: GONE sig=0 act=2130837832
D/MSimSignalClusterView(23931): sub1Visible = true  sub2Visible = false  mMobileVisible = true  subscription = 0
D/MSimSignalClusterView(23931): wifi: GONE sig=0 act=2130837832
D/MSimSignalClusterView(23931): sub1Visible = true  sub2Visible = false  mMobileVisible = true  subscription = 0
E/AddrConfig(  206): zte_addr_config is still alive.
V/WLAN_PSA(  215): NL MSG, len[048], NL type[0x11] WNI type[0x5050] len[028]
D/nubiatel:tel-callBack-service(  201): onDataActivity arg0 = 4
D/nubiatel:tel-callBack-service(  201): onDataActivity arg0 = 4
D/nubiatel:tel-callBack-service(  201): onDataActivity arg0 = 4
D/StatusBar.MSimNetworkController(23931): onDataActivity received on subscription :0direction=4
D/StatusBar.MSimNetworkController(23931): updateDataIcon subscription =0
D/StatusBar.MSimNetworkController(23931): updateDataIcon dataSub =0
D/StatusBar.MSimNetworkController(23931): updateDataIcon  when SimState =READY
D/StatusBar.MSimNetworkController(23931): refreshViews: mWifiConnected=false, mMDataConnected=true, mSimReady=true
D/StatusBar.MSimNetworkController(23931): updateDataIcon  when gsm mMSimState =READY
D/StatusBar.MSimNetworkController(23931): updateDataIcon when mMSimDataConnected =true
D/StatusBar.MSimNetworkController(23931): refreshViews subscription =0mMSimDataConnected =true
D/StatusBar.MSimNetworkController(23931): refreshViews mMSimDataActivity =4
D/StatusBar.MSimNetworkController(23931): refreshViews connected={ data } level=4 mMSimcombinedSignalIconId=0x7f020135/com.android.systemui:drawable/stat_sys_signal_4 mMSimcombinedActivityIconId=0x7f02013d mAirplaneMode=false mMSimDataActivity=4 mMSimPhoneSignalIconId=0x7f020135 mMSimDataDirectionIconId=0x7f020116 mMSimDataSignalIconId=0x7f020135 mMSimDataTypeIconId=0x7f02011e mNoMSimIconId=0x0 mWifiIconId=0x0 mBluetoothTetherIconId=0x1080669
D/StatusBar.MSimNetworkController(23931): onDataActivity received on subscription :1direction=4
D/StatusBar.MSimNetworkController(23931): updateDataIcon subscription =1
D/StatusBar.MSimNetworkController(23931): updateDataIcon dataSub =0
D/StatusBar.MSimNetworkController(23931): updateDataIconi: SUB1 is not DDS.  Clear the mMSimDataConnected Flag and return
D/StatusBar.MSimNetworkController(23931): refreshViews subscription =1mMSimDataConnected =false
D/StatusBar.MSimNetworkController(23931): refreshViews mMSimDataActivity =4
D/StatusBar.MSimNetworkController(23931): refreshViews: Data not connected!! Set no data type icon / Roaming for subscription: 1
D/StatusBar.MSimNetworkController(23931): refreshViews connected={ } level=1 mMSimcombinedSignalIconId=0x7f02013e/com.android.systemui:drawable/stat_sys_signal_null mMSimcombinedActivityIconId=0x7f020146 mAirplaneMode=false mMSimDataActivity=4 mMSimPhoneSignalIconId=0x7f02013e mMSimDataDirectionIconId=0x0 mMSimDataSignalIconId=0x7f02013e mMSimDataTypeIconId=0x0 mNoMSimIconId=0x0 mWifiIconId=0x0 mBluetoothTetherIconId=0x1080669
D/MSimSignalClusterView(23931): wifi: GONE sig=0 act=2130837832
D/MSimSignalClusterView(23931): sub1Visible = true  sub2Visible = false  mMobileVisible = true  subscription = 0
D/MSimSignalClusterView(23931): wifi: GONE sig=0 act=2130837832
D/MSimSignalClusterView(23931): sub1Visible = true  sub2Visible = false  mMobileVisible = false  subscription = 1
D/MSimSignalClusterView(23931): wifi: GONE sig=0 act=2130837832
D/MSimSignalClusterView(23931): sub1Visible = true  sub2Visible = false  mMobileVisible = false  subscription = 1
D/MSimSignalClusterView(23931): wifi: GONE sig=0 act=2130837832
D/StatusBar.MSimNetworkController(23931): refreshViews: mWifiConnected=false, mMDataConnected=true, mSimReady=true
D/MSimSignalClusterView(23931): sub1Visible = true  sub2Visible = false  mMobileVisible = true  subscription = 0
D/MSimSignalClusterView(23931): wifi: GONE sig=0 act=2130837832
D/MSimSignalClusterView(23931): sub1Visible = true  sub2Visible = false  mMobileVisible = true  subscription = 0
D/MSimSignalClusterView(23931): wifi: GONE sig=0 act=2130837832
D/MSimSignalClusterView(23931): sub1Visible = true  sub2Visible = false  mMobileVisible = false  subscription = 1
D/MSimSignalClusterView(23931): wifi: GONE sig=0 act=2130837832
D/MSimSignalClusterView(23931): sub1Visible = true  sub2Visible = false  mMobileVisible = false  subscription = 1
D/MSimSignalClusterView(23931): wifi: GONE sig=0 act=2130837832
D/MSimSignalClusterView(23931): sub1Visible = true  sub2Visible = false  mMobileVisible = true  subscription = 0
D/nubiatel:tel-callBack-service(  201): onSignalStrengthsChanged arg0 = SignalStrength: 31 0 -120 -160 -120 -1 -1 99 2147483647 2147483647 2147483647 2147483647 2147483647 gsm|lte
D/nubiatel:tel-callBack-service(  201): onSignalStrengthsChanged arg0 = SignalStrength: 31 0 -120 -160 -120 -1 -1 99 2147483647 2147483647 2147483647 2147483647 2147483647 gsm|lte
D/nubiatel:tel-callBack-service(  201): onSignalStrengthChanged arg0 = 31
D/nubiatel:tel-callBack-service(  201): onSignalStrengthChanged arg0 = 31
D/StatusBar.MSimNetworkController(23931): onSignalStrengthsChanged received on subscription :0signalStrength=SignalStrength: 31 0 -120 -160 -120 -1 -1 99 2147483647 2147483647 2147483647 2147483647 2147483647 gsm|lte level=4
D/StatusBar.MSimNetworkController(23931): updateTelephonySignalStrength: subscription =0
D/StatusBar.MSimNetworkController(23931): isGsm = true  evdoLevel =0   cdmaLevel = 0  lteLevel = 0 mIsInCdmaCall = false iconLevel = 4
D/StatusBar.MSimNetworkController(23931): refreshViews subscription =0mMSimDataConnected =true
D/StatusBar.MSimNetworkController(23931): refreshViews mMSimDataActivity =4
D/StatusBar.MSimNetworkController(23931): refreshViews connected={ data } level=4 mMSimcombinedSignalIconId=0x7f020135/com.android.systemui:drawable/stat_sys_signal_4 mMSimcombinedActivityIconId=0x7f02013d mAirplaneMode=false mMSimDataActivity=4 mMSimPhoneSignalIconId=0x7f020135 mMSimDataDirectionIconId=0x7f020116 mMSimDataSignalIconId=0x7f020135 mMSimDataTypeIconId=0x7f02011e mNoMSimIconId=0x0 mWifiIconId=0x0 mBluetoothTetherIconId=0x1080669
D/MSimSignalClusterView(23931): wifi: GONE sig=0 act=2130837832
D/MSimSignalClusterView(23931): sub1Visible = true  sub2Visible = false  mMobileVisible = true  subscription = 0
D/MSimSignalClusterView(23931): wifi: GONE sig=0 act=2130837832
D/MSimSignalClusterView(23931): sub1Visible = true  sub2Visible = false  mMobileVisible = true  subscription = 0
D/MSimSignalClusterView(23931): wifi: GONE sig=0 act=2130837832
D/MSimSignalClusterView(23931): sub1Visible = true  sub2Visible = false  mMobileVisible = true  subscription = 0
D/MSimSignalClusterView(23931): wifi: GONE sig=0 act=2130837832
D/MSimSignalClusterView(23931): sub1Visible = true  sub2Visible = false  mMobileVisible = true  subscription = 0
D/MSimSignalClusterView(23931): wifi: GONE sig=0 act=2130837832
D/MSimSignalClusterView(23931): sub1Visible = true  sub2Visible = false  mMobileVisible = true  subscription = 0
D/MSimSignalClusterView(23931): wifi: GONE sig=0 act=2130837832
D/StatusBar.MSimNetworkController(23931): refreshViews: mWifiConnected=false, mMDataConnected=true, mSimReady=true
D/MSimSignalClusterView(23931): sub1Visible = true  sub2Visible = false  mMobileVisible = true  subscription = 0
D/MSimSignalClusterView(23931): wifi: GONE sig=0 act=2130837832
D/MSimSignalClusterView(23931): sub1Visible = true  sub2Visible = false  mMobileVisible = true  subscription = 0
D/MSimSignalClusterView(23931): wifi: GONE sig=0 act=2130837832
D/MSimSignalClusterView(23931): sub1Visible = true  sub2Visible = false  mMobileVisible = true  subscription = 0
D/BroadcastQueue( 1184): check whether exist:srcDir = /data/app/com.google.android.gms-1.apk
V/WLAN_PSA(  215): NL MSG, len[048], NL type[0x11] WNI type[0x5050] len[028]
D/nubiatel:tel-callBack-service(  201): onDataActivity arg0 = 0
D/nubiatel:tel-callBack-service(  201): onDataActivity arg0 = 0
D/StatusBar.MSimNetworkController(23931): refreshViews: mWifiConnected=false, mMDataConnected=true, mSimReady=true
D/nubiatel:tel-callBack-service(  201): onDataActivity arg0 = 0
D/StatusBar.MSimNetworkController(23931): onDataActivity received on subscription :0direction=0
D/StatusBar.MSimNetworkController(23931): updateDataIcon subscription =0
D/StatusBar.MSimNetworkController(23931): updateDataIcon dataSub =0
D/StatusBar.MSimNetworkController(23931): updateDataIcon  when SimState =READY
D/StatusBar.MSimNetworkController(23931): updateDataIcon  when gsm mMSimState =READY
D/StatusBar.MSimNetworkController(23931): updateDataIcon when mMSimDataConnected =true
D/StatusBar.MSimNetworkController(23931): refreshViews subscription =0mMSimDataConnected =true
D/StatusBar.MSimNetworkController(23931): refreshViews mMSimDataActivity =0
D/StatusBar.MSimNetworkController(23931): refreshViews connected={ data } level=4 mMSimcombinedSignalIconId=0x7f020135/com.android.systemui:drawable/stat_sys_signal_4 mMSimcombinedActivityIconId=0x7f02013d mAirplaneMode=false mMSimDataActivity=0 mMSimPhoneSignalIconId=0x7f020135 mMSimDataDirectionIconId=0x7f020116 mMSimDataSignalIconId=0x7f020135 mMSimDataTypeIconId=0x7f02011e mNoMSimIconId=0x0 mWifiIconId=0x0 mBluetoothTetherIconId=0x1080669
D/StatusBar.MSimNetworkController(23931): onDataActivity received on subscription :1direction=0
D/StatusBar.MSimNetworkController(23931): updateDataIcon subscription =1
D/StatusBar.MSimNetworkController(23931): updateDataIcon dataSub =0
D/StatusBar.MSimNetworkController(23931): updateDataIconi: SUB1 is not DDS.  Clear the mMSimDataConnected Flag and return
D/StatusBar.MSimNetworkController(23931): refreshViews subscription =1mMSimDataConnected =false
D/StatusBar.MSimNetworkController(23931): refreshViews mMSimDataActivity =0
D/StatusBar.MSimNetworkController(23931): refreshViews: Data not connected!! Set no data type icon / Roaming for subscription: 1
D/StatusBar.MSimNetworkController(23931): refreshViews connected={ } level=1 mMSimcombinedSignalIconId=0x7f02013e/com.android.systemui:drawable/stat_sys_signal_null mMSimcombinedActivityIconId=0x7f020146 mAirplaneMode=false mMSimDataActivity=0 mMSimPhoneSignalIconId=0x7f02013e mMSimDataDirectionIconId=0x0 mMSimDataSignalIconId=0x7f02013e mMSimDataTypeIconId=0x0 mNoMSimIconId=0x0 mWifiIconId=0x0 mBluetoothTetherIconId=0x1080669
D/MSimSignalClusterView(23931): wifi: GONE sig=0 act=2130837832
D/MSimSignalClusterView(23931): sub1Visible = true  sub2Visible = false  mMobileVisible = true  subscription = 0
D/MSimSignalClusterView(23931): wifi: GONE sig=0 act=2130837832
D/MSimSignalClusterView(23931): sub1Visible = true  sub2Visible = false  mMobileVisible = false  subscription = 1
D/MSimSignalClusterView(23931): wifi: GONE sig=0 act=2130837832
D/MSimSignalClusterView(23931): sub1Visible = true  sub2Visible = false  mMobileVisible = false  subscription = 1
D/MSimSignalClusterView(23931): wifi: GONE sig=0 act=2130837832
D/MSimSignalClusterView(23931): sub1Visible = true  sub2Visible = false  mMobileVisible = true  subscription = 0
D/MSimSignalClusterView(23931): wifi: GONE sig=0 act=2130837832
D/MSimSignalClusterView(23931): sub1Visible = true  sub2Visible = false  mMobileVisible = true  subscription = 0
D/MSimSignalClusterView(23931): wifi: GONE sig=0 act=2130837832
D/MSimSignalClusterView(23931): sub1Visible = true  sub2Visible = false  mMobileVisible = false  subscription = 1
D/MSimSignalClusterView(23931): wifi: GONE sig=0 act=2130837832
D/MSimSignalClusterView(23931): sub1Visible = true  sub2Visible = false  mMobileVisible = false  subscription = 1
D/MSimSignalClusterView(23931): wifi: GONE sig=0 act=2130837832
D/MSimSignalClusterView(23931): sub1Visible = true  sub2Visible = false  mMobileVisible = true  subscription = 0
D/StatusBar.MSimNetworkController(23931): refreshViews: mWifiConnected=false, mMDataConnected=true, mSimReady=true
V/WLAN_PSA(  215): NL MSG, len[048], NL type[0x11] WNI type[0x5050] len[028]
D/nubiatel:tel-callBack-service(  201): onDataActivity arg0 = 3
D/nubiatel:tel-callBack-service(  201): onDataActivity arg0 = 3
D/StatusBar.MSimNetworkController(23931): onDataActivity received on subscription :0direction=3
D/StatusBar.MSimNetworkController(23931): updateDataIcon subscription =0
D/StatusBar.MSimNetworkController(23931): updateDataIcon dataSub =0
D/StatusBar.MSimNetworkController(23931): updateDataIcon  when SimState =READY
D/StatusBar.MSimNetworkController(23931): updateDataIcon  when gsm mMSimState =READY
D/StatusBar.MSimNetworkController(23931): updateDataIcon when mMSimDataConnected =true
D/StatusBar.MSimNetworkController(23931): refreshViews subscription =0mMSimDataConnected =true
D/StatusBar.MSimNetworkController(23931): refreshViews mMSimDataActivity =3
D/nubiatel:tel-callBack-service(  201): onDataActivity arg0 = 3
D/StatusBar.MSimNetworkController(23931): refreshViews connected={ data } level=4 mMSimcombinedSignalIconId=0x7f020135/com.android.systemui:drawable/stat_sys_signal_4 mMSimcombinedActivityIconId=0x7f02013c mAirplaneMode=false mMSimDataActivity=3 mMSimPhoneSignalIconId=0x7f020135 mMSimDataDirectionIconId=0x7f020116 mMSimDataSignalIconId=0x7f020135 mMSimDataTypeIconId=0x7f02011e mNoMSimIconId=0x0 mWifiIconId=0x0 mBluetoothTetherIconId=0x1080669
D/MSimSignalClusterView(23931): wifi: GONE sig=0 act=2130837832
D/MSimSignalClusterView(23931): sub1Visible = true  sub2Visible = false  mMobileVisible = true  subscription = 0
D/MSimSignalClusterView(23931): wifi: GONE sig=0 act=2130837832
D/MSimSignalClusterView(23931): sub1Visible = true  sub2Visible = false  mMobileVisible = true  subscription = 0
D/MSimSignalClusterView(23931): wifi: GONE sig=0 act=2130837832
D/MSimSignalClusterView(23931): sub1Visible = true  sub2Visible = false  mMobileVisible = true  subscription = 0
D/MSimSignalClusterView(23931): wifi: GONE sig=0 act=2130837832
D/MSimSignalClusterView(23931): sub1Visible = true  sub2Visible = false  mMobileVisible = true  subscription = 0
D/MSimSignalClusterView(23931): wifi: GONE sig=0 act=2130837832
D/MSimSignalClusterView(23931): sub1Visible = true  sub2Visible = false  mMobileVisible = true  subscription = 0
D/MSimSignalClusterView(23931): wifi: GONE sig=0 act=2130837832
D/MSimSignalClusterView(23931): sub1Visible = true  sub2Visible = false  mMobileVisible = true  subscription = 0
D/MSimSignalClusterView(23931): wifi: GONE sig=0 act=2130837832
D/MSimSignalClusterView(23931): sub1Visible = true  sub2Visible = false  mMobileVisible = true  subscription = 0
D/MSimSignalClusterView(23931): wifi: GONE sig=0 act=2130837832
D/StatusBar.MSimNetworkController(23931): refreshViews: mWifiConnected=false, mMDataConnected=true, mSimReady=true
D/MSimSignalClusterView(23931): sub1Visible = true  sub2Visible = false  mMobileVisible = true  subscription = 0
D/StatusBar.MSimNetworkController(23931): onDataActivity received on subscription :1direction=3
D/StatusBar.MSimNetworkController(23931): updateDataIcon subscription =1
D/StatusBar.MSimNetworkController(23931): updateDataIcon dataSub =0
D/StatusBar.MSimNetworkController(23931): updateDataIconi: SUB1 is not DDS.  Clear the mMSimDataConnected Flag and return
D/StatusBar.MSimNetworkController(23931): refreshViews subscription =1mMSimDataConnected =false
D/StatusBar.MSimNetworkController(23931): refreshViews mMSimDataActivity =3
D/StatusBar.MSimNetworkController(23931): refreshViews: Data not connected!! Set no data type icon / Roaming for subscription: 1
D/StatusBar.MSimNetworkController(23931): refreshViews connected={ } level=1 mMSimcombinedSignalIconId=0x7f02013e/com.android.systemui:drawable/stat_sys_signal_null mMSimcombinedActivityIconId=0x7f020146 mAirplaneMode=false mMSimDataActivity=3 mMSimPhoneSignalIconId=0x7f02013e mMSimDataDirectionIconId=0x0 mMSimDataSignalIconId=0x7f02013e mMSimDataTypeIconId=0x0 mNoMSimIconId=0x0 mWifiIconId=0x0 mBluetoothTetherIconId=0x1080669
D/MSimSignalClusterView(23931): wifi: GONE sig=0 act=2130837832
D/MSimSignalClusterView(23931): sub1Visible = true  sub2Visible = false  mMobileVisible = true  subscription = 0
D/MSimSignalClusterView(23931): wifi: GONE sig=0 act=2130837832
D/MSimSignalClusterView(23931): sub1Visible = true  sub2Visible = false  mMobileVisible = false  subscription = 1
D/MSimSignalClusterView(23931): wifi: GONE sig=0 act=2130837832
D/MSimSignalClusterView(23931): sub1Visible = true  sub2Visible = false  mMobileVisible = false  subscription = 1
D/MSimSignalClusterView(23931): wifi: GONE sig=0 act=2130837832
D/MSimSignalClusterView(23931): sub1Visible = true  sub2Visible = false  mMobileVisible = true  subscription = 0
D/MSimSignalClusterView(23931): wifi: GONE sig=0 act=2130837832
D/StatusBar.MSimNetworkController(23931): refreshViews: mWifiConnected=false, mMDataConnected=true, mSimReady=true
D/MSimSignalClusterView(23931): sub1Visible = true  sub2Visible = false  mMobileVisible = true  subscription = 0
D/MSimSignalClusterView(23931): wifi: GONE sig=0 act=2130837832
D/MSimSignalClusterView(23931): sub1Visible = true  sub2Visible = false  mMobileVisible = false  subscription = 1
D/MSimSignalClusterView(23931): wifi: GONE sig=0 act=2130837832
D/MSimSignalClusterView(23931): sub1Visible = true  sub2Visible = false  mMobileVisible = false  subscription = 1
D/MSimSignalClusterView(23931): wifi: GONE sig=0 act=2130837832
D/MSimSignalClusterView(23931): sub1Visible = true  sub2Visible = false  mMobileVisible = true  subscription = 0
D/nubiatel:tel-callBack-service(  201): onDataActivity arg0 = 0
D/nubiatel:tel-callBack-service(  201): onDataActivity arg0 = 0
D/StatusBar.MSimNetworkController(23931): onDataActivity received on subscription :0direction=0
D/StatusBar.MSimNetworkController(23931): updateDataIcon subscription =0
D/StatusBar.MSimNetworkController(23931): updateDataIcon dataSub =0
D/StatusBar.MSimNetworkController(23931): updateDataIcon  when SimState =READY
D/nubiatel:tel-callBack-service(  201): onDataActivity arg0 = 0
D/StatusBar.MSimNetworkController(23931): updateDataIcon  when gsm mMSimState =READY
D/StatusBar.MSimNetworkController(23931): updateDataIcon when mMSimDataConnected =true
D/StatusBar.MSimNetworkController(23931): refreshViews subscription =0mMSimDataConnected =true
D/StatusBar.MSimNetworkController(23931): refreshViews mMSimDataActivity =0
D/StatusBar.MSimNetworkController(23931): refreshViews connected={ data } level=4 mMSimcombinedSignalIconId=0x7f020135/com.android.systemui:drawable/stat_sys_signal_4 mMSimcombinedActivityIconId=0x7f02013d mAirplaneMode=false mMSimDataActivity=0 mMSimPhoneSignalIconId=0x7f020135 mMSimDataDirectionIconId=0x7f020116 mMSimDataSignalIconId=0x7f020135 mMSimDataTypeIconId=0x7f02011e mNoMSimIconId=0x0 mWifiIconId=0x0 mBluetoothTetherIconId=0x1080669
D/MSimSignalClusterView(23931): wifi: GONE sig=0 act=2130837832
D/MSimSignalClusterView(23931): sub1Visible = true  sub2Visible = false  mMobileVisible = true  subscription = 0
D/MSimSignalClusterView(23931): wifi: GONE sig=0 act=2130837832
D/MSimSignalClusterView(23931): sub1Visible = true  sub2Visible = false  mMobileVisible = true  subscription = 0
D/MSimSignalClusterView(23931): wifi: GONE sig=0 act=2130837832
D/MSimSignalClusterView(23931): sub1Visible = true  sub2Visible = false  mMobileVisible = true  subscription = 0
D/MSimSignalClusterView(23931): wifi: GONE sig=0 act=2130837832
D/MSimSignalClusterView(23931): sub1Visible = true  sub2Visible = false  mMobileVisible = true  subscription = 0
D/MSimSignalClusterView(23931): wifi: GONE sig=0 act=2130837832
D/MSimSignalClusterView(23931): sub1Visible = true  sub2Visible = false  mMobileVisible = true  subscription = 0
D/MSimSignalClusterView(23931): wifi: GONE sig=0 act=2130837832
D/StatusBar.MSimNetworkController(23931): refreshViews: mWifiConnected=false, mMDataConnected=true, mSimReady=true
D/MSimSignalClusterView(23931): sub1Visible = true  sub2Visible = false  mMobileVisible = true  subscription = 0
D/MSimSignalClusterView(23931): wifi: GONE sig=0 act=2130837832
D/MSimSignalClusterView(23931): sub1Visible = true  sub2Visible = false  mMobileVisible = true  subscription = 0
D/MSimSignalClusterView(23931): wifi: GONE sig=0 act=2130837832
D/MSimSignalClusterView(23931): sub1Visible = true  sub2Visible = false  mMobileVisible = true  subscription = 0
D/StatusBar.MSimNetworkController(23931): onDataActivity received on subscription :1direction=0
D/StatusBar.MSimNetworkController(23931): updateDataIcon subscription =1
D/StatusBar.MSimNetworkController(23931): updateDataIcon dataSub =0
D/StatusBar.MSimNetworkController(23931): updateDataIconi: SUB1 is not DDS.  Clear the mMSimDataConnected Flag and return
D/StatusBar.MSimNetworkController(23931): refreshViews subscription =1mMSimDataConnected =false
D/StatusBar.MSimNetworkController(23931): refreshViews mMSimDataActivity =0
D/StatusBar.MSimNetworkController(23931): refreshViews: Data not connected!! Set no data type icon / Roaming for subscription: 1
D/StatusBar.MSimNetworkController(23931): refreshViews connected={ } level=1 mMSimcombinedSignalIconId=0x7f02013e/com.android.systemui:drawable/stat_sys_signal_null mMSimcombinedActivityIconId=0x7f020146 mAirplaneMode=false mMSimDataActivity=0 mMSimPhoneSignalIconId=0x7f02013e mMSimDataDirectionIconId=0x0 mMSimDataSignalIconId=0x7f02013e mMSimDataTypeIconId=0x0 mNoMSimIconId=0x0 mWifiIconId=0x0 mBluetoothTetherIconId=0x1080669
D/MSimSignalClusterView(23931): wifi: GONE sig=0 act=2130837832
D/MSimSignalClusterView(23931): sub1Visible = true  sub2Visible = false  mMobileVisible = true  subscription = 0
D/MSimSignalClusterView(23931): wifi: GONE sig=0 act=2130837832
D/MSimSignalClusterView(23931): sub1Visible = true  sub2Visible = false  mMobileVisible = false  subscription = 1
