I/a       ( 5671): Sending file 1449066622875-VerifyError-18187053.stacktrace
D/a       ( 5671): Connect to https://www.facebook.com/mobile/instagram_android_crash_logs/
D/a       ( 5671): #checkAndSendReports - finish
D/hardware_info(18524): hw_info_append_hw_type : device_name = speaker-lite
D/dalvikvm( 1184): GC_FOR_ALLOC freed 6568K, 30% free 40246K/57104K, paused 243ms, total 243ms
E/Diag_Lib(  736): [IMS_FATAL]| 2915 | 764 |ims-rtp-daemon ims_rtp_qmi_handler_thread_func waiting on select thread>
I/ActivityManager( 5064): Timeline: Activity_idle id: android.os.BinderProxy@419c6aa8 time:788440924
D/cindy   ( 5746): EventsReceiver: action = android.cn.nubia.ACTION_CATCH_LOG
D/cindy   ( 5746): CatchLogService action:android.cn.nubia.ACTION_CATCH_LOG
D/cindy   ( 5746): handleMessage serviceId: 1, intent: Intent { act=android.cn.nubia.ACTION_CATCH_LOG flg=0x10 cmp=cn.nubia.zcrashlogupload/.CatchLogService (has extras) }
D/cindy   ( 5746): handleMessage action: android.cn.nubia.ACTION_CATCH_LOG
D/cindy   ( 5746): createLogFile pkgName: com.instagram.android, logTimeTag: 2015-12-02-18-30-24
W/ColdStartPerformanceTracer( 5671): .                   TOTAL   THREAD
W/ColdStartPerformanceTracer( 5671): ____0 00.000 Start    ...     ...   ColdStartPerformanceTracer
W/ColdStartPerformanceTracer( 5671): _3501 03.501 Done _3501 ms _1326 ms ColdStartPerformanceTracer
D/cindy   ( 5746): createLogFile logFilePath: /storage/sdcard0/Android/data/cn.nubia.zcrashlogupload/files/logcat_2015-12-02-18-30-24.bug
I/ActivityManager( 1184): Timeline: Activity_windows_visible id: ActivityRecord{429ef768 u0 cn.nubia.myfile/.CategoryActivity t207} time:788441273
D/ConnectivityServiceHSM( 1184): Actual State: DefaultConnectivityState, Current State: DefaultConnectivityState.processMessage what=104
D/ConnectivityServiceHSM( 1184): Actual State: DefaultConnectivityState, Current State: DefaultConnectivityState.processMessage what=5006
D/GEOMOJO ( 5576): {"VUN":{"name":"VISA Unembossed","version":1441700590,"weight":1},"MCU":{"name":"MasterCard Unembossed","version":1441700590,"weight":2},"VCL":{"name":"VISA Classic","version":1441700590,"weight":3},"MCC":{"name":"MasterCard Standard","version":1441700590,"weight":4},"MCG":{"name":"MasterCard Gold","version":1441700590,"weight":5},"VGL":{"name":"VISA Gold","version":1441700590,"weight":6},"MCW":{"name":"MasterCard World","version":1441700590,"weight":7},"MCP":{"name":"MasterCard Platinum","version":1441700590,"weight":8},"VPL":{"name":"VISA Platinum","version":1441700590,"weight":9},"MCB":{"name":"MasterCard Black Edition","version":1441700590,"weight":10},"VSI":{"name":"VISA Signature","version":1441700590,"weight":11},"MCE":{"name":"MasterCard World Elite","version":1441700590,"weight":12},"COS":{"name":"Cosmo","version":1441700590,"weight":13},"MEN":{"name":"\u041c\u0443\u0436\u0441\u043a\u0430\u044f \u043a\u0430\u0440\u0442\u0430","version":1441700590,"weight":14},"VIN":{"name":"VISA Infinite","version":1441700590,"weight":15}}
I/TableUtils( 5576): clearing table 'dealclientcard' with 'DELETE FROM `dealclientcard`
D/ConnectivityServiceHSM( 1184): Actual State: DefaultConnectivityState, Current State: DefaultConnectivityState.processMessage what=105
D/ConnectivityServiceHSM( 1184): Actual State: DefaultConnectivityState, Current State: DefaultConnectivityState.processMessage what=5007
D/StatusBar.MSimNetworkController(23931): refreshViews: mWifiConnected=false, mMDataConnected=true, mSimReady=true
D/audio_hw_primary(18524): select_devices: out_snd_device(2: speaker) in_snd_device(0: )
D/hardware_info(18524): hw_info_append_hw_type : device_name = speaker-lite
D/ACDB-LOADER(18524): ACDB -> send_audio_cal, acdb_id = 14, path =  0
D/ACDB-LOADER(18524): ACDB -> send_adm_topology
D/ACDB-LOADER(18524): ACDB -> ACDB_CMD_GET_AUDPROC_COMMON_TOPOLOGY_ID
D/ACDB-LOADER(18524): ACDB -> send_asm_topology
D/ACDB-LOADER(18524): ACDB -> ACDB_CMD_GET_AUDPROC_STREAM_TOPOLOGY_ID
D/ACDB-LOADER(18524): ACDB -> send_audtable
D/ACDB-LOADER(18524): ACDB -> ACDB_CMD_GET_AUDPROC_COMMON_TABLE
D/ACDB-LOADER(18524): ACDB -> AUDIO_SET_AUDPROC_CAL
D/ACDB-LOADER(18524): ACDB -> send_audvoltable
D/ACDB-LOADER(18524): ACDB -> ACDB_CMD_GET_AUDPROC_GAIN_DEP_STEP_TABLE
D/ACDB-LOADER(18524): ACDB -> AUDIO_SET_AUDPROC_VOL_CAL
D/ACDB-LOADER(18524): ACDB -> send_afe_cal
D/ACDB-LOADER(18524): ACDB -> ACDB_CMD_GET_AFE_COMMON_TABLE
D/ACDB-LOADER(18524): ACDB -> AUDIO_SET_AFE_CAL
I/Process ( 5671): Sending signal. PID: 5671 SIG: 9
D/cindy   ( 5746): EventsReceiver: action = android.cn.nubia.ACTION_DELETE_LOG
D/cindy   ( 5746): CatchLogService action:android.cn.nubia.ACTION_DELETE_LOG
D/cindy   ( 5746): createUserSettingsFile logTimeTag: 2015-12-02-18-30-24
D/cindy   ( 5746): createUserSettingsFile userSettingFilePath: /storage/sdcard0/Android/data/cn.nubia.zcrashlogupload/files/userSettings_2015-12-02-18-30-24.settings
E/        ( 1184): grade_parameter buf sprintf = 6 196 , len = 5
E/        ( 1184): grade_parameter write =  5
D/cindy   ( 5746): handleMessage serviceId: 2, intent: Intent { act=android.cn.nubia.ACTION_DELETE_LOG flg=0x10 cmp=cn.nubia.zcrashlogupload/.CatchLogService (has extras) }
D/cindy   ( 5746): handleMessage action: android.cn.nubia.ACTION_DELETE_LOG
D/cindy   ( 5746): handleDeleteLog intent:Intent { act=android.cn.nubia.ACTION_DELETE_LOG flg=0x10 cmp=cn.nubia.zcrashlogupload/.CatchLogService (has extras) }
D/cindy   ( 5746): handleDeleteLog logTimeTag: 2015-12-02-18-30-24
D/cindy   ( 5746): handleDeleteLog logFilePath: /storage/sdcard0/Android/data/cn.nubia.zcrashlogupload/files/logcat_2015-12-02-18-30-24.bug
D/cindy   ( 5746): handleDeleteLog: delete log file result = true
D/cindy   ( 5746): handleDeleteLog settingsFilePath: /storage/sdcard0/Android/data/cn.nubia.zcrashlogupload/files/userSettings_2015-12-02-18-30-24.settings
D/cindy   ( 5746): handleDeleteLog: delete user settings file result = true
D/KAVSDK  (23532): ea WLIP1 sent
V/WLAN_PSA(  215): NL MSG, len[048], NL type[0x11] WNI type[0x5050] len[028]
E/        ( 1184): grade_parameter buf sprintf = 6 196 , len = 5
E/        ( 1184): grade_parameter write =  5
E/        ( 1184): grade_parameter buf sprintf = 6 196 , len = 5
E/        ( 1184): grade_parameter write =  5
V/yztest0 (23931): mHomeKeyReceiver:com.android.keyguard.sendhomekey
D/dalvikvm( 1184): GC_FOR_ALLOC freed 2139K, 29% free 41028K/57104K, paused 150ms, total 150ms
D/nubiatel:tel-callBack-service(  201): onDataActivity arg0 = 1
D/nubiatel:tel-callBack-service(  201): onDataActivity arg0 = 1
D/nubiatel:tel-callBack-service(  201): onDataActivity arg0 = 1
E/        ( 1184): grade_parameter buf sprintf = 6 196 , len = 5
E/        ( 1184): grade_parameter write =  5
D/ZLauncher3( 1500): Launcher, onNewIntent
D/ZLauncher3( 1500): Launcher, onStart
D/ZLauncher3( 1500): Launcher, mNeedPlayAnimation = false
D/ZLauncher3( 1500): Launcher, updateWorkspaceItemVisibility,page=0 ,b=true
D/ZLauncher3( 1500): Launcher, updateWorkspaceItemVisibility,page=1 ,b=true
D/ZLauncher3( 1500): Launcher, updateWorkspaceItemVisibility,page=2 ,b=true
D/ZLauncher3( 1500): Launcher, updateWorkspaceItemVisibility,page=3 ,b=true
D/ZLauncher3( 1500): Launcher, updateWorkspaceItemVisibility,page=4 ,b=true
D/ZLauncher3( 1500): Launcher, showBottomBar,show=true,animation=false,mIndicatorBar.getY()=1020.0,mHotseat.getY()=1090.0
D/ZLauncher3( 1500): Launcher, launcher-animation activity  first step onResume , mOnResumeState=WORKSPACE, mState=WORKSPACE, mRestoring=false, mOnResumeNeedsLoad=true, mOnResumeCallbacks.size=2, mNeedPlayAnimation=false, mWorkspaceLoading=false
D/ZLauncher3( 1500): dV, startLoader isLaunching=true ,synchronousBindPage=-1 ,mAllAppsLoaded=true ,mWorkspaceLoaded=false
D/ZLauncher3( 1500): fj, Setting thread priority to DEFAULT
D/ZLauncher3( 1500): fj, step 1: special: loading all apps
D/ZLauncher3( 1500): fj, loadAndBindAllApps mAllAppsLoaded=true
D/ZLauncher3( 1500): fj, Setting thread priority to BACKGROUND
E/ZLauncher3( 1500): Launcher, effective bubbleTextView onResume 7
D/StatusBar.MSimNetworkController(23931): refreshViews: mWifiConnected=false, mMDataConnected=true, mSimReady=true
D/StatusBar.MSimNetworkController(23931): refreshViews: mWifiConnected=false, mMDataConnected=true, mSimReady=true
V/yztest0 (23931): mHomeKeyReceiver:com.android.keyguard.sendhomekey
D/ZLauncher3( 1500): Launcher, launcher-animation activity resume mWorkspaceLoading=true, mNeedPlayAnimation=false
D/ZLauncher3( 1500): fj, xing,oldCallbacks =com.android.launcher2.Launcher@435cdcc8 ,mStopped=false
D/ZLauncher3( 1500): fj, xing,callbacks =com.android.launcher2.Launcher@435cdcc8
D/ZLauncher3( 1500): ft, bound all 67 apps from cache in 138ms
D/ZLauncher3( 1500): Launcher, onPause
D/ZLauncher3( 1500): Launcher, onNewIntent
D/ZLauncher3( 1500): Launcher, launcher-animation activity  first step onResume , mOnResumeState=NONE, mState=WORKSPACE, mRestoring=false, mOnResumeNeedsLoad=false, mOnResumeCallbacks.size=0, mNeedPlayAnimation=false, mWorkspaceLoading=true
D/ZLauncher3( 1500): Launcher, launcher-animation activity resume mWorkspaceLoading=true, mNeedPlayAnimation=false
I/ActivityManager( 1500): Timeline: Activity_idle id: android.os.BinderProxy@419c35b8 time:788446121
D/ZLauncher3( 1500): LauncherModel, done with previous binding step
D/ZLauncher3( 1500): fj, waited 553ms for previous step to finish binding
D/ZLauncher3( 1500): fj, step 2: special: loading workspace
D/ZLauncher3( 1500): fj, loadAndBindWorkspace mWorkspaceLoaded=false
D/ZLauncher3( 1500): fj, loaded workspace in 50ms
D/ZLauncher3( 1500): fj, workspace layout: 
D/ZLauncher3( 1500): fj, [ .#.. | #### | #### | .### | #### ]
D/ZLauncher3( 1500): fj, [ .... | .##. | .### | #### | #### ]
D/ZLauncher3( 1500): fj, [ ##.. | ...# | #.## | #### | #### ]
D/ZLauncher3( 1500): fj, [ ###. | #### | #### | ##.# | #### ]
D/ZLauncher3( 1500): fj, [ #### | #### | #### | ..#. | #... ]
D/ZLauncher3( 1500): fj, xing sfolder = 3,workspaceItems. = 63
D/ZLauncher3( 1500): fj, xing,oldCallbacks =com.android.launcher2.Launcher@435cdcc8 ,mStopped=false
D/ZLauncher3( 1500): fj, xing,callbacks =com.android.launcher2.Launcher@435cdcc8
D/ZLauncher3( 1500): fj, Comparing loaded icons to database icons
D/ZLauncher3( 1500): fj, xing,oldCallbacks =com.android.launcher2.Launcher@435cdcc8 ,mStopped=false
D/ZLauncher3( 1500): fj, xing,callbacks =com.android.launcher2.Launcher@435cdcc8
D/ZLauncher3( 1500): dV, going to save icon bitmap for info=ShortcutInfo(title=intent=Intent { act=android.intent.action.MAIN cat=[android.intent.category.LAUNCHER] flg=0x10200000 cmp=cn.nubia.calendar.preset/cn.nubia.calendar.AllInOneActivity }id=10 type=0 container=-100 screen=0 cellX=1 cellY=3 spanX=1 spanY=1 dropPos=null)
D/dalvikvm( 1500): GC_FOR_ALLOC freed 12972K, 30% free 35019K/49780K, paused 73ms, total 74ms
D/ZLauncher3( 1500): LauncherModel, DbDebug  1  Modify item () in db, id: 3 (2, 0, 0, 0) --> (2, 0, 0, 0)
D/ZLauncher3( 1500): LauncherModel, DbDebug  1  Modify item () in db, id: 4 (2, 0, 1, 0) --> (2, 0, 1, 0)
D/ZLauncher3( 1500): LauncherModel, DbDebug  1  Modify item () in db, id: 5 (2, 0, 2, 0) --> (2, 0, 2, 0)
D/ZLauncher3( 1500): LauncherModel, DbDebug  1  Modify item (FM ) in db, id: 6 (2, 0, 3, 0) --> (2, 0, 3, 0)
D/ZLauncher3( 1500): LauncherModel, DbDebug  1  Modify item () in db, id: 7 (2, 0, 0, 1) --> (2, 0, 0, 1)
D/ZLauncher3( 1500): dV, going to save icon bitmap for info=ShortcutInfo(title=intent=Intent { act=android.intent.action.MAIN cat=[android.intent.category.LAUNCHER] flg=0x10200000 cmp=cn.nubia.deskclock.preset/cn.nubia.deskclock.DeskClock }id=11 type=0 container=-100 screen=0 cellX=2 cellY=3 spanX=1 spanY=1 dropPos=null)
D/ZLauncher3( 1500): fj, xing,oldCallbacks =com.android.launcher2.Launcher@435cdcc8 ,mStopped=false
D/ZLauncher3( 1500): fj, xing,callbacks =com.android.launcher2.Launcher@435cdcc8
D/ZLauncher3( 1500): Workspace, snapToPage 2,mCurrentPage=0 ,go whichPage=2
D/ZLauncher3( 1500): fj, xing,oldCallbacks =com.android.launcher2.Launcher@435cdcc8 ,mStopped=false
D/ZLauncher3( 1500): fj, xing,callbacks =com.android.launcher2.Launcher@435cdcc8
D/nubiatel:tel-callBack-service(  201): onDataActivity arg0 = 0
D/nubiatel:tel-callBack-service(  201): onDataActivity arg0 = 0
D/nubiatel:tel-callBack-service(  201): onDataActivity arg0 = 0
I/ActivityManager( 1184): Timeline: Activity_windows_visible id: ActivityRecord{42261ac0 u0 cn.nubia.launcher/com.android.launcher2.Launcher t1} time:788446539
D/ZLauncher3( 1500): LauncherModel, DbDebug  1  Modify item (Wi-Fi ) in db, id: 18 (17, 0, 0, 0) --> (17, 0, 0, 0)
D/ZLauncher3( 1500): LauncherModel, DbDebug  1  Modify item ( DLNA) in db, id: 19 (17, 0, 1, 0) --> (17, 0, 1, 0)
D/ZLauncher3( 1500): LauncherModel, DbDebug  1  Modify item (Bluetooth Companion) in db, id: 20 (17, 0, 2, 0) --> (17, 0, 2, 0)
D/ZLauncher3( 1500): LauncherModel, DbDebug  1  Modify item (Bluetooth Finder) in db, id: 21 (17, 0, 3, 0) --> (17, 0, 3, 0)
D/StatusBar.MSimNetworkController(23931): refreshViews: mWifiConnected=false, mMDataConnected=true, mSimReady=true
D/StatusBar.MSimNetworkController(23931): refreshViews: mWifiConnected=false, mMDataConnected=true, mSimReady=true
D/dalvikvm( 1500): GC_CONCURRENT freed 6990K, 28% free 36185K/49780K, paused 5ms+19ms, total 80ms
D/dalvikvm( 1500): WAIT_FOR_CONCURRENT_GC blocked 70ms
D/dalvikvm( 1500): WAIT_FOR_CONCURRENT_GC blocked 72ms
V/BreathinglightService( 1184): oldCall = 0;  missedCallCount = 0
V/BreathinglightService( 1184): oldMmsSMS = 160;  missMmsCount = 160
D/ZLauncher3( 1500): LauncherModel, DbDebug  1  Modify item (WebMoney) in db, id: 49 (52, 0, 0, 0) --> (52, 0, 0, 0)
D/ZLauncher3( 1500): LauncherModel, DbDebug  1  Modify item () in db, id: 50 (52, 0, 1, 0) --> (52, 0, 1, 0)
D/ZLauncher3( 1500): LauncherModel, DbDebug  1  Modify item (YouTube) in db, id: 54 (52, 0, 2, 0) --> (52, 0, 2, 0)
D/ZLauncher3( 1500): LauncherModel, DbDebug  1  Modify item (Chrome) in db, id: 60 (52, 0, 3, 0) --> (52, 0, 3, 0)
D/ZLauncher3( 1500): LauncherModel, DbDebug  1  Modify item () in db, id: 62 (52, 0, 0, 1) --> (52, 0, 0, 1)
D/ZLauncher3( 1500): LauncherModel, DbDebug  1  Modify item (InstaSize) in db, id: 39 (52, 0, 1, 1) --> (52, 0, 1, 1)
D/ZLauncher3( 1500): LauncherModel, DbDebug  1  Modify item (Rutaxi) in db, id: 91 (52, 0, 2, 1) --> (52, 0, 2, 1)
D/ZLauncher3( 1500): LauncherModel, DbDebug  1  Modify item (tPacketCapture) in db, id: 106 (52, 0, 3, 1) --> (52, 0, 3, 1)
D/ZLauncher3( 1500): LauncherModel, DbDebug  1  Modify item (Google Keep) in db, id: 109 (52, 0, 0, 2) --> (52, 0, 0, 2)
D/ZLauncher3( 1500): LauncherModel, DbDebug  1  Modify item (InShot) in db, id: 140 (52, 0, 1, 2) --> (52, 0, 1, 2)
D/ZLauncher3( 1500): LauncherModel, DbDebug  1  Modify item (WhatsApp) in db, id: 77 (52, 0, 2, 2) --> (52, 0, 2, 2)
D/ZLauncher3( 1500): LauncherModel, DbDebug  1  Modify item (Viber) in db, id: 79 (52, 0, 3, 2) --> (52, 0, 3, 2)
D/ZLauncher3( 1500): LauncherModel, DbDebug  1  Modify item (Aviary) in db, id: 86 (52, 0, 0, 3) --> (52, 0, 0, 3)
D/ZLauncher3( 1500): LauncherModel, DbDebug  1  Modify item (Spinky) in db, id: 131 (52, 0, 1, 3) --> (52, 0, 1, 3)
D/ZLauncher3( 1500): LauncherModel, DbDebug  1  Modify item (InstaSave) in db, id: 138 (52, 0, 2, 3) --> (52, 0, 2, 3)
D/ZLauncher3( 1500): LauncherModel, DbDebug  1  Modify item () in db, id: 122 (52, 0, 3, 3) --> (52, 0, 3, 3)
E/        ( 1184): grade_parameter buf sprintf = 6 196 , len = 5
E/        ( 1184): grade_parameter write =  5
D/ZLauncher3( 1500): fj, xing,oldCallbacks =com.android.launcher2.Launcher@435cdcc8 ,mStopped=false
D/ZLauncher3( 1500): fj, xing,callbacks =com.android.launcher2.Launcher@435cdcc8
I/Choreographer( 1500): Skipped 32 frames!  The application may be doing too much work on its main thread.
D/dalvikvm(23532): GC_CONCURRENT freed 1880K, 66% free 3975K/11376K, paused 3ms+3ms, total 58ms
D/dalvikvm( 1500): GC_CONCURRENT freed 8835K, 29% free 35486K/49780K, paused 3ms+8ms, total 64ms
D/dalvikvm( 1500): WAIT_FOR_CONCURRENT_GC blocked 57ms
D/ZLauncher3( 1500): fj, xing,oldCallbacks =com.android.launcher2.Launcher@435cdcc8 ,mStopped=false
D/ZLauncher3( 1500): fj, xing,callbacks =com.android.launcher2.Launcher@435cdcc8
D/ZLauncher3( 1500): fj, xing,oldCallbacks =com.android.launcher2.Launcher@435cdcc8 ,mStopped=false
D/ZLauncher3( 1500): fj, xing,callbacks =com.android.launcher2.Launcher@435cdcc8
D/ZLauncher3( 1500): Workspace, computeScrollHelper1, mCurrentPage=0 ,update mCurrentPage=2
D/ZLauncher3( 1500): fj, xing,oldCallbacks =com.android.launcher2.Launcher@435cdcc8 ,mStopped=false
D/ZLauncher3( 1500): fj, xing,callbacks =com.android.launcher2.Launcher@435cdcc8
E/        ( 1184): grade_parameter buf sprintf = 6 196 , len = 5
E/        ( 1184): grade_parameter write =  5
D/ZLauncher3( 1500): fj, xing,oldCallbacks =com.android.launcher2.Launcher@435cdcc8 ,mStopped=false
D/ZLauncher3( 1500): fj, xing,callbacks =com.android.launcher2.Launcher@435cdcc8
D/ZLauncher3( 1500): fj, xing,oldCallbacks =com.android.launcher2.Launcher@435cdcc8 ,mStopped=false
D/ZLauncher3( 1500): fj, xing,callbacks =com.android.launcher2.Launcher@435cdcc8
V/ZLauncher3( 1500): Launcher, launcher-check bindAppNotInScreen
D/ZLauncher3( 1500): fj, xing,oldCallbacks =com.android.launcher2.Launcher@435cdcc8 ,mStopped=false
D/ZLauncher3( 1500): fj, xing,callbacks =com.android.launcher2.Launcher@435cdcc8
D/ZLauncher3( 1500): Launcher, showBottomBar,show=true,animation=false,mIndicatorBar.getY()=1020.0,mHotseat.getY()=1090.0
D/ZLauncher3( 1500): fr, bound workspace in 1334ms
D/ZLauncher3( 1500): Workspace, snapToPage 2,mCurrentPage=2 ,go whichPage=1
E/        ( 1184): grade_parameter buf sprintf = 6 196 , len = 5
E/        ( 1184): grade_parameter write =  5
D/ZLauncher3( 1500): Workspace, computeScrollHelper1, mCurrentPage=2 ,update mCurrentPage=1
D/hardware_info(18524): hw_info_append_hw_type : device_name = speaker-lite
D/ZLauncher3( 1500): Workspace, mDensity=2.0 ,velocityY=0 ,deltaY=0 ,pageHeight=1050
D/ZLauncher3( 1500): Workspace, snapToPage 2,mCurrentPage=1 ,go whichPage=1
I/ActivityManager( 1500): Timeline: Activity_launch_request id:dstudio.tool.instasave time:788448993
D/audio_hw_primary(18524): select_devices: out_snd_device(2: speaker) in_snd_device(0: )
D/hardware_info(18524): hw_info_append_hw_type : device_name = speaker-lite
D/ACDB-LOADER(18524): ACDB -> send_audio_cal, acdb_id = 14, path =  0
D/ACDB-LOADER(18524): ACDB -> send_adm_topology
D/ACDB-LOADER(18524): ACDB -> ACDB_CMD_GET_AUDPROC_COMMON_TOPOLOGY_ID
D/ACDB-LOADER(18524): ACDB -> send_asm_topology
D/ACDB-LOADER(18524): ACDB -> ACDB_CMD_GET_AUDPROC_STREAM_TOPOLOGY_ID
D/ACDB-LOADER(18524): ACDB -> send_audtable
D/ACDB-LOADER(18524): ACDB -> ACDB_CMD_GET_AUDPROC_COMMON_TABLE
D/ACDB-LOADER(18524): ACDB -> AUDIO_SET_AUDPROC_CAL
D/ACDB-LOADER(18524): ACDB -> send_audvoltable
D/ACDB-LOADER(18524): ACDB -> ACDB_CMD_GET_AUDPROC_GAIN_DEP_STEP_TABLE
D/ACDB-LOADER(18524): ACDB -> AUDIO_SET_AUDPROC_VOL_CAL
D/ACDB-LOADER(18524): ACDB -> send_afe_cal
D/ACDB-LOADER(18524): ACDB -> ACDB_CMD_GET_AFE_COMMON_TABLE
D/ACDB-LOADER(18524): ACDB -> AUDIO_SET_AFE_CAL
D/ZLauncher3( 1500): Launcher, onPause
D/dalvikvm(  202): GC_EXPLICIT freed 41K, 74% free 3018K/11376K, paused 2ms+2ms, total 19ms
E/        ( 1184): grade_parameter buf sprintf = 6 196 , len = 5
E/        ( 1184): grade_parameter write =  5
D/dalvikvm(  202): GC_EXPLICIT freed <1K, 74% free 3018K/11376K, paused 1ms+2ms, total 17ms
D/dalvikvm(  202): GC_EXPLICIT freed <1K, 74% free 3018K/11376K, paused 1ms+2ms, total 22ms
E/ZLauncher3( 1500): Launcher, onStop
D/ZLauncher3( 1500): Launcher, updateWorkspaceItemVisibility,page=1 ,b=false
D/ZLauncher3( 1500): Launcher, showBottomBar,show=false,animation=false,mIndicatorBar.getY()=1020.0,mHotseat.getY()=1090.0
V/WLAN_PSA(  215): NL MSG, len[048], NL type[0x11] WNI type[0x5050] len[028]
D/nubiatel:tel-callBack-service(  201): onDataActivity arg0 = 3
D/nubiatel:tel-callBack-service(  201): onDataActivity arg0 = 3
D/nubiatel:tel-callBack-service(  201): onDataActivity arg0 = 3
E/        ( 1184): grade_parameter buf sprintf = 6 196 , len = 5
E/        ( 1184): grade_parameter write =  5
D/StatusBar.MSimNetworkController(23931): refreshViews: mWifiConnected=false, mMDataConnected=true, mSimReady=true
D/StatusBar.MSimNetworkController(23931): refreshViews: mWifiConnected=false, mMDataConnected=true, mSimReady=true
V/yztest0 (23931): mHomeKeyReceiver:com.android.keyguard.sendhomekey
D/dalvikvm( 1184): GC_FOR_ALLOC freed 2993K, 30% free 40200K/57104K, paused 126ms, total 126ms
E/        ( 1184): grade_parameter buf sprintf = 6 196 , len = 5
E/        ( 1184): grade_parameter write =  5
V/yztest0 (23931): mHomeKeyReceiver:com.android.keyguard.sendhomekey
I/dalvikvm( 5816): Could not find method android.app.Notification$Builder.setLocalOnly, referenced from method com.google.android.gms.common.GooglePlayServicesUtil.zza
W/dalvikvm( 5816): VFY: unable to resolve virtual method 231: Landroid/app/Notification$Builder;.setLocalOnly (Z)Landroid/app/Notification$Builder;
D/dalvikvm( 5816): VFY: replacing opcode 0x6e at 0x00c8
I/dalvikvm( 5816): Could not find method android.content.pm.PackageManager.getPackageInstaller, referenced from method com.google.android.gms.common.GooglePlayServicesUtil.zzj
W/dalvikvm( 5816): VFY: unable to resolve virtual method 500: Landroid/content/pm/PackageManager;.getPackageInstaller ()Landroid/content/pm/PackageInstaller;
D/dalvikvm( 5816): VFY: replacing opcode 0x6e at 0x000b
E/        ( 1184): grade_parameter buf sprintf = 6 196 , len = 5
E/        ( 1184): grade_parameter write =  5
V/yztest0 (23931): mHomeKeyReceiver:com.android.keyguard.sendhomekey
I/dalvikvm( 5816): Could not find method android.security.NetworkSecurityPolicy.getInstance, referenced from method com.google.android.gms.ads.internal.t.e.a
W/dalvikvm( 5816): VFY: unable to resolve static method 1165: Landroid/security/NetworkSecurityPolicy;.getInstance ()Landroid/security/NetworkSecurityPolicy;
D/dalvikvm( 5816): VFY: replacing opcode 0x71 at 0x0046
I/dalvikvm( 5816): Could not find method android.content.pm.PackageManager.getPackageInstaller, referenced from method com.google.android.gms.common.ma.a
W/dalvikvm( 5816): VFY: unable to resolve virtual method 484: Landroid/content/pm/PackageManager;.getPackageInstaller ()Landroid/content/pm/PackageInstaller;
D/dalvikvm( 5816): VFY: replacing opcode 0x6e at 0x000d
I/dalvikvm( 5816): Could not find method android.app.Notification$Builder.setLocalOnly, referenced from method com.google.android.gms.common.ma.b
W/dalvikvm( 5816): VFY: unable to resolve virtual method 148: Landroid/app/Notification$Builder;.setLocalOnly (Z)Landroid/app/Notification$Builder;
D/dalvikvm( 5816): VFY: replacing opcode 0x6e at 0x0220
E/        ( 1184): grade_parameter buf sprintf = 6 196 , len = 5
E/        ( 1184): grade_parameter write =  5
V/WebViewChromium( 5816): Binding Chromium to the main looper Looper (main, tid 1) {419cb158}
V/yztest0 (23931): mHomeKeyReceiver:com.android.keyguard.sendhomekey
D/dalvikvm( 5816): DexOpt: --- BEGIN 'ads989651948.jar' (bootstrap=0) ---
I/chromium( 5816): [INFO:library_loader_hooks.cc(112)] Chromium logging enabled: level = 0, default verbosity = 0
I/BrowserProcessMain( 5816): Initializing chromium process, renderers=0
W/chromium( 5816): [WARNING:proxy_service.cc(888)] PAC support disabled because there is no system implementation
I/Adreno-EGL( 5816): <qeglDrvAPI_eglInitialize:410>: EGL 1.4 QUALCOMM build:  ()
I/Adreno-EGL( 5816): OpenGL ES Shader Compiler Version: E031.24.00.14
I/Adreno-EGL( 5816): Build Date: 07/11/14 Fri
I/Adreno-EGL( 5816): Local Branch: YUV
I/Adreno-EGL( 5816): Remote Branch: 
I/Adreno-EGL( 5816): Local Patches: 
I/Adreno-EGL( 5816): Reconstruct Branch: 
D/dalvikvm(23931): GC_FOR_ALLOC freed 5861K, 30% free 42580K/60304K, paused 80ms, total 80ms
D/dalvikvm( 5856): DexOpt: load 5ms, verify+opt 29ms, 193364 bytes
E/        ( 1184): grade_parameter buf sprintf = 6 196 , len = 5
E/        ( 1184): grade_parameter write =  5
V/yztest0 (23931): mHomeKeyReceiver:com.android.keyguard.sendhomekey
D/dalvikvm( 5816): DexOpt: --- END 'ads989651948.jar' (success) ---
D/dalvikvm( 5816): DEX prep '/data/data/dstudio.tool.instasave/cache/ads989651948.jar': unzip in 4ms, rewrite 206ms
D/ZLauncher3( 1500): Launcher, onNewIntent
D/ZLauncher3( 1500): Launcher, onNewIntent
D/ZLauncher3( 1500): Launcher, onNewIntent
D/ZLauncher3( 1500): Launcher, onNewIntent
D/ZLauncher3( 1500): Launcher, onNewIntent
D/ZLauncher3( 1500): Launcher, onStart
D/ZLauncher3( 1500): Launcher, mNeedPlayAnimation = false
D/ZLauncher3( 1500): Launcher, updateWorkspaceItemVisibility,page=0 ,b=true
D/ZLauncher3( 1500): Launcher, updateWorkspaceItemVisibility,page=1 ,b=true
D/ZLauncher3( 1500): Launcher, updateWorkspaceItemVisibility,page=2 ,b=true
D/ZLauncher3( 1500): Launcher, updateWorkspaceItemVisibility,page=3 ,b=true
D/ZLauncher3( 1500): Launcher, updateWorkspaceItemVisibility,page=4 ,b=true
D/ZLauncher3( 1500): Launcher, showBottomBar,show=true,animation=false,mIndicatorBar.getY()=1020.0,mHotseat.getY()=1090.0
D/ZLauncher3( 1500): Launcher, launcher-animation activity  first step onResume , mOnResumeState=WORKSPACE, mState=WORKSPACE, mRestoring=false, mOnResumeNeedsLoad=false, mOnResumeCallbacks.size=0, mNeedPlayAnimation=false, mWorkspaceLoading=false
D/ZLauncher3( 1500): Launcher, launcher-animation activity resume mWorkspaceLoading=false, mNeedPlayAnimation=false
V/BreathinglightService( 1184): oldCall = 0;  missedCallCount = 0
I/dalvikvm( 5816): Could not find method android.security.NetworkSecurityPolicy.getInstance, referenced from method com.google.android.gms.internal.zzhu.zzb
W/dalvikvm( 5816): VFY: unable to resolve static method 1558: Landroid/security/NetworkSecurityPolicy;.getInstance ()Landroid/security/NetworkSecurityPolicy;
D/dalvikvm( 5816): VFY: replacing opcode 0x71 at 0x002e
I/Ads     ( 5816): Starting ad request.
I/Ads     ( 5816): Use AdRequest.Builder.addTestDevice("14B96725D910EB18BB45253618504B19") to get test ads on this device.
V/BreathinglightService( 1184): oldMmsSMS = 160;  missMmsCount = 160
D/nubiatel:tel-callBack-service(  201): onDataActivity arg0 = 0
D/nubiatel:tel-callBack-service(  201): onDataActivity arg0 = 0
D/nubiatel:tel-callBack-service(  201): onDataActivity arg0 = 0
E/        ( 1184): grade_parameter buf sprintf = 6 196 , len = 5
E/        ( 1184): grade_parameter write =  5
D/ZLauncher3( 1500): Workspace, computeScrollHelper1, mCurrentPage=1 ,update mCurrentPage=1
I/ActivityManager( 1500): Timeline: Activity_idle id: android.os.BinderProxy@419c35b8 time:788450659
D/StatusBar.MSimNetworkController(23931): refreshViews: mWifiConnected=false, mMDataConnected=true, mSimReady=true
E/libEGL  ( 5816): call to OpenGL ES API with no current context (logged once per thread)
I/ActivityManager( 5816): Timeline: Activity_idle id: android.os.BinderProxy@419cc960 time:788450729
D/StatusBar.MSimNetworkController(23931): refreshViews: mWifiConnected=false, mMDataConnected=true, mSimReady=true
D/Finsky  ( 3488): [18261] AppStatesReplicator.handleContentSyncResponse: Completed 0 account content syncs with 0 successful.
D/Finsky  ( 3488): [1] ContentSyncService$5.onFinished: Installation state replication succeeded.
D/dalvikvm( 5816): GC_FOR_ALLOC freed 2561K, 38% free 7097K/11376K, paused 28ms, total 29ms
I/dalvikvm-heap( 5816): Grow heap (frag case) to 10.666MB for 1638416-byte allocation
D/dalvikvm( 5816): GC_FOR_ALLOC freed 66K, 34% free 8635K/12980K, paused 20ms, total 20ms
I/dalvikvm-heap( 5816): Grow heap (frag case) to 12.167MB for 1638416-byte allocation
I/dalvikvm( 5816): Total arena pages for JIT: 11
I/dalvikvm( 5816): Total arena pages for JIT: 12
I/dalvikvm( 5816): Total arena pages for JIT: 13
I/dalvikvm( 5816): Total arena pages for JIT: 14
I/ActivityManager( 1184): Timeline: Activity_windows_visible id: ActivityRecord{42261ac0 u0 cn.nubia.launcher/com.android.launcher2.Launcher t1} time:788451022
D/ZLauncher3( 1500): dV, onReceive intent=Intent { act=android.intent.action.PACKAGE_CHANGED dat=package:com.instagram.android flg=0x4000010 (has extras) }
D/ZLauncher3( 1500): dV, onReceive ,action=android.intent.action.PACKAGE_CHANGED
D/ZLauncher3( 1500): dV, onReceive ,op=2
D/ZLauncher3( 1500): eE, mAllAppsList.updatePackage =com.instagram.android
I/InputReader( 1184): Reconfiguring input devices.  changes=0x00000010
D/AccountTypeManager(20207): Registering external account type=org.telegram.messenger, packageName=org.telegram.messenger
I/PackageManager( 1184):   Action: "android.intent.action.SENDTO"
I/PackageManager( 1184):   Category: "android.intent.category.DEFAULT"
I/PackageManager( 1184):   Scheme: "sms"
D/AccountTypeManager(20207): Registering external account type=com.whatsapp, packageName=com.whatsapp
D/Documents( 5024): Used cached roots for com.android.providers.downloads.documents
D/Documents( 5024): Ignoring stopped authority com.android.externalstorage.documents
D/Documents( 5024): Used cached roots for com.android.providers.media.documents
D/Documents( 5024): Used cached roots for com.google.android.apps.docs.storage
D/Documents( 5024): Update found 8 roots in 48ms
I/PackageManager( 1184):   Action: "android.intent.action.SENDTO"
I/PackageManager( 1184):   Category: "android.intent.category.DEFAULT"
I/PackageManager( 1184):   Scheme: "smsto"
W/cr.ChildProcessConnect( 4251): onServiceDisconnected (crash or killed by oom): pid=21301
E/        ( 1184): grade_parameter buf sprintf = 6 196 , len = 5
E/        ( 1184): grade_parameter write =  5
I/PackageManager( 1184):   Action: "android.intent.action.SENDTO"
I/PackageManager( 1184):   Category: "android.intent.category.DEFAULT"
I/PackageManager( 1184):   Scheme: "mms"
D/AccountTypeManager(20207): Registering external account type=com.webmoney.my.account, packageName=com.webmoney.my
I/PackageManager( 1184):   Action: "android.intent.action.SENDTO"
I/PackageManager( 1184):   Category: "android.intent.category.DEFAULT"
I/PackageManager( 1184):   Scheme: "mmsto"
D/AccountTypeManager(20207): Registering external account type=com.vkontakte.account, packageName=com.vkontakte.android
I/Tab     ( 4251): renderProcessGone() for tab id: 617, oom protected: false, already needs reload: false
I/PackageManager( 1184):   Action: "android.intent.action.SENDTO"
I/PackageManager( 1184):   Category: "android.intent.category.DEFAULT"
I/PackageManager( 1184):   Scheme: "sms"
D/AccountTypeManager(20207): Registering external account type=com.viber.voip, packageName=com.viber.voip
D/MinidumpUploadService( 4251): Could not find any crash dumps to upload
I/PackageManager( 1184):   Action: "android.intent.action.SENDTO"
I/PackageManager( 1184):   Category: "android.intent.category.DEFAULT"
I/PackageManager( 1184):   Scheme: "smsto"
D/AccountTypeManager(20207): Registering 1 extension packages
I/PackageManager( 1184):   Action: "android.intent.action.SENDTO"
I/PackageManager( 1184):   Category: "android.intent.category.DEFAULT"
I/PackageManager( 1184):   Scheme: "mms"
I/PackageManager( 1184):   Action: "android.intent.action.SENDTO"
I/PackageManager( 1184):   Category: "android.intent.category.DEFAULT"
I/PackageManager( 1184):   Scheme: "mmsto"
I/AccountTypeManager(20207): Loaded meta-data for 7 account types, 10 accounts in 371ms(wall) 21ms(cpu)
V/RmtRprtRfrshSvc(32442): [9126] RemoteReportsRefreshService.a: If not already scheduled, schedule for 1800 to 12600 seconds from now
D/nubiatel:tel-callBack-service(  201): onDataActivity arg0 = 3
D/nubiatel:tel-callBack-service(  201): onDataActivity arg0 = 3
D/nubiatel:tel-callBack-service(  201): onDataActivity arg0 = 3
D/StatusBar.MSimNetworkController(23931): refreshViews: mWifiConnected=false, mMDataConnected=true, mSimReady=true
D/StatusBar.MSimNetworkController(23931): refreshViews: mWifiConnected=false, mMDataConnected=true, mSimReady=true
D/dalvikvm(32442): GC_FOR_ALLOC freed 799K, 47% free 9877K/18484K, paused 96ms, total 96ms
I/dalvikvm-heap(32442): Grow heap (frag case) to 12.957MB for 1127536-byte allocation
D/ZLauncher3( 1500): Workspace, snapToPage 2,mCurrentPage=1 ,go whichPage=0
I/Choreographer( 1500): Skipped 36 frames!  The application may be doing too much work on its main thread.
D/ZLauncher3( 1500): Workspace, snapToPage 2,mCurrentPage=1 ,go whichPage=0
D/ZLauncher3( 1500): dV, onReceive intent=Intent { act=android.search.action.SEARCHABLES_CHANGED flg=0x24000010 }
D/ZLauncher3( 1500): dV, onReceive ,action=android.search.action.SEARCHABLES_CHANGED
D/ZLauncher3( 1500): dV, onReceive ,bindSearchablesChanged
D/PackageBroadcastService(32442): Received broadcast action=android.intent.action.PACKAGE_CHANGED and uri=com.instagram.android
I/UpdateIcingCorporaServi( 3539): Updating corpora: APPS=com.instagram.android, CONTACTS=MAYBE
E/        ( 1184): grade_parameter buf sprintf = 6 196 , len = 5
E/        ( 1184): grade_parameter write =  5
I/PeopleContactsSync(32442): CP2 sync disabled
I/UpdateIcingCorporaServi( 3539): UpdateCorporaTask done [took 101 ms] updated apps [took 101 ms] 
D/ZLauncher3( 1500): Workspace, computeScrollHelper1, mCurrentPage=1 ,update mCurrentPage=0
E/Ads     (32442): JS: Not allowed to load local resource: file:///android_asset/webkit/android-weberror.png (data:text/html,chromewebdata:11)
I/chromium(32442): [INFO:CONSOLE(11)] "Not allowed to load local resource: file:///android_asset/webkit/android-weberror.png", source: data:text/html,chromewebdata (11)
D/ZLauncher3( 1500): Workspace, adjustScreens1,set mCurrentPage = 1
D/dalvikvm( 1500): GC_FOR_ALLOC freed 2418K, 19% free 40351K/49772K, paused 56ms, total 56ms
D/dalvikvm( 1500): GC_FOR_ALLOC freed 71K, 18% free 41038K/49772K, paused 57ms, total 58ms
I/dalvikvm-heap( 1500): Grow heap (frag case) to 42.374MB for 129216-byte allocation
D/nubiatel:tel-callBack-service(  201): onDataActivity arg0 = 0
E/        ( 1184): grade_parameter buf sprintf = 6 196 , len = 5
E/        ( 1184): grade_parameter write =  5
D/nubiatel:tel-callBack-service(  201): onDataActivity arg0 = 0
D/nubiatel:tel-callBack-service(  201): onDataActivity arg0 = 0
D/StatusBar.MSimNetworkController(23931): refreshViews: mWifiConnected=false, mMDataConnected=true, mSimReady=true
D/dalvikvm( 1500): GC_FOR_ALLOC freed <1K, 18% free 41165K/49900K, paused 57ms, total 57ms
I/dalvikvm-heap( 1500): Grow heap (frag case) to 42.498MB for 129216-byte allocation
D/StatusBar.MSimNetworkController(23931): refreshViews: mWifiConnected=false, mMDataConnected=true, mSimReady=true
D/dalvikvm( 1500): GC_FOR_ALLOC freed 0K, 18% free 41291K/50028K, paused 59ms, total 59ms
I/dalvikvm-heap( 1500): Grow heap (frag case) to 42.622MB for 129216-byte allocation
D/dalvikvm( 1500): GC_FOR_ALLOC freed 0K, 18% free 41418K/50156K, paused 53ms, total 53ms
I/dalvikvm-heap( 1500): Grow heap (frag case) to 42.745MB for 129216-byte allocation
D/dalvikvm( 1500): GC_FOR_ALLOC freed 0K, 18% free 41545K/50284K, paused 57ms, total 57ms
I/dalvikvm-heap( 1500): Grow heap (frag case) to 42.869MB for 129216-byte allocation
D/dalvikvm( 1500): GC_FOR_ALLOC freed 0K, 18% free 41671K/50412K, paused 55ms, total 55ms
I/dalvikvm-heap( 1500): Grow heap (frag case) to 42.992MB for 129216-byte allocation
D/dalvikvm( 1500): GC_FOR_ALLOC freed 0K, 18% free 41798K/50540K, paused 55ms, total 55ms
I/dalvikvm-heap( 1500): Grow heap (frag case) to 43.116MB for 129216-byte allocation
D/ZLauncher3( 1500): Workspace, snapToPage 2,mCurrentPage=1 ,go whichPage=0
D/ZLauncher3( 1500): Workspace, computeScrollHelper1, mCurrentPage=1 ,update mCurrentPage=4
D/ZLauncher3( 1500): Workspace, snapToPage 2,mCurrentPage=4 ,go whichPage=3
E/        ( 1184): grade_parameter buf sprintf = 6 196 , len = 5
E/        ( 1184): grade_parameter write =  5
D/ZLauncher3( 1500): Workspace, computeScrollHelper1, mCurrentPage=4 ,update mCurrentPage=3
D/ZLauncher3( 1500): Workspace, snapToPage 2,mCurrentPage=3 ,go whichPage=4
E/        ( 1184): grade_parameter buf sprintf = 6 196 , len = 5
E/        ( 1184): grade_parameter write =  5
D/hardware_info(18524): hw_info_append_hw_type : device_name = speaker-lite
D/ZLauncher3( 1500): Workspace, computeScrollHelper1, mCurrentPage=3 ,update mCurrentPage=4
D/dalvikvm( 1500): GC_FOR_ALLOC freed 74K, 18% free 41860K/50668K, paused 57ms, total 58ms
I/dalvikvm-heap( 1500): Grow heap (frag case) to 43.211MB for 166080-byte allocation
D/dalvikvm( 1500): GC_FOR_ALLOC freed 5K, 18% free 42017K/50832K, paused 53ms, total 53ms
I/dalvikvm-heap( 1500): Grow heap (frag case) to 43.365MB for 166080-byte allocation
D/ZLauncher3( 1500): Workspace, mDensity=2.0 ,velocityY=0 ,deltaY=0 ,pageHeight=1050
D/ZLauncher3( 1500): Workspace, snapToPage 2,mCurrentPage=4 ,go whichPage=4
D/audio_hw_primary(18524): select_devices: out_snd_device(2: speaker) in_snd_device(0: )
D/hardware_info(18524): hw_info_append_hw_type : device_name = speaker-lite
D/ACDB-LOADER(18524): ACDB -> send_audio_cal, acdb_id = 14, path =  0
D/ACDB-LOADER(18524): ACDB -> send_adm_topology
D/ACDB-LOADER(18524): ACDB -> ACDB_CMD_GET_AUDPROC_COMMON_TOPOLOGY_ID
D/ACDB-LOADER(18524): ACDB -> send_asm_topology
D/ACDB-LOADER(18524): ACDB -> ACDB_CMD_GET_AUDPROC_STREAM_TOPOLOGY_ID
D/ACDB-LOADER(18524): ACDB -> send_audtable
D/ACDB-LOADER(18524): ACDB -> ACDB_CMD_GET_AUDPROC_COMMON_TABLE
D/ACDB-LOADER(18524): ACDB -> AUDIO_SET_AUDPROC_CAL
D/ACDB-LOADER(18524): ACDB -> send_audvoltable
D/ACDB-LOADER(18524): ACDB -> ACDB_CMD_GET_AUDPROC_GAIN_DEP_STEP_TABLE
D/ACDB-LOADER(18524): ACDB -> AUDIO_SET_AUDPROC_VOL_CAL
D/ACDB-LOADER(18524): ACDB -> send_afe_cal
D/ACDB-LOADER(18524): ACDB -> ACDB_CMD_GET_AFE_COMMON_TABLE
D/ACDB-LOADER(18524): ACDB -> AUDIO_SET_AFE_CAL
V/WLAN_PSA(  215): NL MSG, len[048], NL type[0x11] WNI type[0x5050] len[028]
I/ActivityManager( 1500): Timeline: Activity_launch_request id:com.instagram.android time:788454251
E/        ( 1184): grade_parameter buf sprintf = 6 196 , len = 5
E/        ( 1184): grade_parameter write =  5
D/ZLauncher3( 1500): Launcher, onPause
E/ZLauncher3( 1500): Launcher, onStop
D/ZLauncher3( 1500): Launcher, updateWorkspaceItemVisibility,page=4 ,b=false
D/ZLauncher3( 1500): Launcher, showBottomBar,show=false,animation=false,mIndicatorBar.getY()=1020.0,mHotseat.getY()=1090.0
D/a       ( 5917): ACRA is enabled for com.instagram.android, intializing...
V/fb-UnpackingSoSource( 5917): locked dso store /data/data/com.instagram.android/lib-main
I/fb-UnpackingSoSource( 5917): dso store is up-to-date: /data/data/com.instagram.android/lib-main
V/fb-UnpackingSoSource( 5917): releasing dso store lock for /data/data/com.instagram.android/lib-main
D/dalvikvm( 5917): Trying to load lib /data/app-lib/com.instagram.android-1/libgnustl_shared.so 0x419cc6a8
D/dalvikvm( 5917): Added shared lib /data/app-lib/com.instagram.android-1/libgnustl_shared.so 0x419cc6a8
D/dalvikvm( 5917): No JNI_OnLoad found in /data/app-lib/com.instagram.android-1/libgnustl_shared.so 0x419cc6a8, skipping init
D/dalvikvm( 5917): Trying to load lib /data/app-lib/com.instagram.android-1/libbreakpad.so 0x419cc6a8
D/dalvikvm( 5917): Added shared lib /data/app-lib/com.instagram.android-1/libbreakpad.so 0x419cc6a8
D/dalvikvm( 5917): Trying to load lib /data/app-lib/com.instagram.android-1/libscrambler.so 0x419cc6a8
D/dalvikvm( 5917): Added shared lib /data/app-lib/com.instagram.android-1/libscrambler.so 0x419cc6a8
D/dalvikvm( 5917): Trying to load lib /data/app-lib/com.instagram.android-1/libstrings.so 0x419cc6a8
D/dalvikvm( 5917): Added shared lib /data/app-lib/com.instagram.android-1/libstrings.so 0x419cc6a8
D/dalvikvm( 5917): No JNI_OnLoad found in /data/app-lib/com.instagram.android-1/libstrings.so 0x419cc6a8, skipping init
I/dalvikvm( 5917): Could not find method android.content.Context.checkSelfPermission, referenced from method com.facebook.android.maps.a.ad.b
W/dalvikvm( 5917): VFY: unable to resolve virtual method 300: Landroid/content/Context;.checkSelfPermission (Ljava/lang/String;)I
D/dalvikvm( 5917): VFY: replacing opcode 0x6e at 0x000e
I/ActivityManager( 5917): Timeline: Activity_launch_request id:com.instagram.android time:788454611
I/dalvikvm( 5917): Could not find method android.widget.TextView.setFontFeatureSettings, referenced from method com.instagram.actionbar.k.<init>
W/dalvikvm( 5917): VFY: unable to resolve virtual method 6564: Landroid/widget/TextView;.setFontFeatureSettings (Ljava/lang/String;)V
D/dalvikvm( 5917): VFY: replacing opcode 0x6e at 0x0045
I/dalvikvm( 5917): Could not find method android.view.Window.setStatusBarColor, referenced from method com.instagram.actionbar.k.c
W/dalvikvm( 5917): VFY: unable to resolve virtual method 5781: Landroid/view/Window;.setStatusBarColor (I)V
D/dalvikvm( 5917): VFY: replacing opcode 0x6e at 0x0025
W/SSO     ( 5917): com.facebook.katana content provider has no session entry.
W/SSO     ( 5917): com.facebook.wakizashi content provider has no session entry.
I/Adreno-EGL( 5917): <qeglDrvAPI_eglInitialize:410>: EGL 1.4 QUALCOMM build:  ()
I/Adreno-EGL( 5917): OpenGL ES Shader Compiler Version: E031.24.00.14
I/Adreno-EGL( 5917): Build Date: 07/11/14 Fri
I/Adreno-EGL( 5917): Local Branch: YUV
I/Adreno-EGL( 5917): Remote Branch: 
I/Adreno-EGL( 5917): Local Patches: 
I/Adreno-EGL( 5917): Reconstruct Branch: 
D/nubiatel:tel-callBack-service(  201): onServiceStateChanged arg0 = 0 0 home MegaFon MegaFon 25002  UMTS HSPA CSS not supported -1 -1 RoamInd=-1 DefRoamInd=-1 EmergOnly=false
D/nubiatel:tel-callBack-service(  201): onServiceStateChanged arg0 = 0 0 home MegaFon MegaFon 25002  UMTS HSPA CSS not supported -1 -1 RoamInd=-1 DefRoamInd=-1 EmergOnly=false
D/nubiatel:tel-callBack-service(  201): onDataConnectionStateChanged arg0 = 2 arg1 = 10
D/nubiatel:tel-callBack-service(  201): onDataConnectionStateChanged arg0 = 2 arg1 = 10
D/OpenGLRenderer( 5917): Enabling debug mode 0
V/MSimPhoneGlobals( 1473): Action intent recieved:android.intent.action.SERVICE_STATE
V/MSimPhoneGlobals( 1473): Action intent recieved:android.intent.action.ANY_DATA_STATE
D/PhoneApp( 1473): mReceiver: ACTION_ANY_DATA_CONNECTION_STATE_CHANGED
D/PhoneApp( 1473): - state: CONNECTED
D/PhoneApp( 1473): - reason: null
D/ConnectivityServiceHSM( 1184): Actual State: DefaultConnectivityState, Current State: DefaultConnectivityState.processMessage what=458755
D/ConnectivityServiceHSM( 1184): Actual State: DefaultConnectivityState, Current State: DefaultConnectivityState.processMessage what=5011
D/StatusBar.MSimNetworkController(23931): refreshViews: mWifiConnected=false, mMDataConnected=true, mSimReady=true
D/KeyguardUpdateMonitor(23931): ACTION_SERVICE_STATE_CHANGED on sub: 0 mServiceState: 0 0 home MegaFon MegaFon 25002  UMTS HSPA CSS not supported -1 -1 RoamInd=-1 DefRoamInd=-1 EmergOnly=false
D/StatusBar.MSimNetworkController(23931): refreshViews: mWifiConnected=false, mMDataConnected=true, mSimReady=true
I/ActivityManager( 1184): Displayed com.instagram.android/.nux.SignedOutFragmentActivity: +691ms (total +6s305ms)
I/ActivityManager( 1184): Timeline: Activity_windows_visible id: ActivityRecord{423ff608 u0 com.instagram.android/.nux.SignedOutFragmentActivity t905} time:788455339
D/nubiatel:tel-callBack-service(  201): onDataActivity arg0 = 3
D/nubiatel:tel-callBack-service(  201): onDataActivity arg0 = 3
D/nubiatel:tel-callBack-service(  201): onDataActivity arg0 = 3
D/StatusBar.MSimNetworkController(23931): refreshViews: mWifiConnected=false, mMDataConnected=true, mSimReady=true
D/StatusBar.MSimNetworkController(23931): refreshViews: mWifiConnected=false, mMDataConnected=true, mSimReady=true
D/nubiatel:tel-callBack-service(  201): onDataActivity arg0 = 2
D/nubiatel:tel-callBack-service(  201): onDataActivity arg0 = 2
D/nubiatel:tel-callBack-service(  201): onDataActivity arg0 = 2
D/StatusBar.MSimNetworkController(23931): refreshViews: mWifiConnected=false, mMDataConnected=true, mSimReady=true
D/hardware_info(18524): hw_info_append_hw_type : device_name = speaker-lite
D/StatusBar.MSimNetworkController(23931): refreshViews: mWifiConnected=false, mMDataConnected=true, mSimReady=true
D/nubiatel:tel-callBack-service(  201): onDataActivity arg0 = 3
D/nubiatel:tel-callBack-service(  201): onDataActivity arg0 = 3
D/nubiatel:tel-callBack-service(  201): onDataActivity arg0 = 3
D/StatusBar.MSimNetworkController(23931): refreshViews: mWifiConnected=false, mMDataConnected=true, mSimReady=true
D/StatusBar.MSimNetworkController(23931): refreshViews: mWifiConnected=false, mMDataConnected=true, mSimReady=true
V/WLAN_PSA(  215): NL MSG, len[048], NL type[0x11] WNI type[0x5050] len[028]
E/        ( 1184): grade_parameter buf sprintf = 6 196 , len = 5
E/        ( 1184): grade_parameter write =  5
E/        ( 1184): grade_parameter buf sprintf = 6 196 , len = 5
E/        ( 1184): grade_parameter write =  5
D/nubiatel:tel-callBack-service(  201): onDataActivity arg0 = 0
D/nubiatel:tel-callBack-service(  201): onDataActivity arg0 = 0
D/nubiatel:tel-callBack-service(  201): onDataActivity arg0 = 0
D/StatusBar.MSimNetworkController(23931): refreshViews: mWifiConnected=false, mMDataConnected=true, mSimReady=true
D/StatusBar.MSimNetworkController(23931): refreshViews: mWifiConnected=false, mMDataConnected=true, mSimReady=true
D/dalvikvm( 5917): GC_CONCURRENT freed 3481K, 33% free 7656K/11376K, paused 4ms+5ms, total 33ms
W/dalvikvm( 5917): VFY: Ljava/net/URI; is not instance of Ljava/lang/String;
W/dalvikvm( 5917): VFY: bad arg 1 (into Ljava/lang/String;)
W/dalvikvm( 5917): VFY:  rejecting call to Landroid/util/Log;.d (Ljava/lang/String;Ljava/lang/String;)I
W/dalvikvm( 5917): VFY:  rejecting opcode 0x71 at 0x0008
W/dalvikvm( 5917): VFY:  rejected Lch/boye/httpclientandroidlib/client/methods/HttpPost;.<init> (Ljava/net/URI;)V
W/dalvikvm( 5917): Verifier rejected class Lch/boye/httpclientandroidlib/client/methods/HttpPost;
W/dalvikvm( 5917): threadid=10: thread exiting with uncaught exception (group=0x416add58)
E/a       ( 5917): ACRA caught a VerifyError exception for com.instagram.android. Building report.
E/a       ( 5917): Handling exception for crash
E/a       ( 5917): java.lang.VerifyError: ch/boye/httpclientandroidlib/client/methods/HttpPost
E/a       ( 5917): 	at com.instagram.common.d.g.f.b(ChboyeHttpStack.java:235)
E/a       ( 5917): 	at com.instagram.common.d.g.f.a(ChboyeHttpStack.java:188)
E/a       ( 5917): 	at com.instagram.common.d.b.d.a(BasicHttpContinuations.java:24)
E/a       ( 5917): 	at com.instagram.common.d.b.d.a(BasicHttpContinuations.java:21)
E/a       ( 5917): 	at com.instagram.common.i.a.run(ChainableTask.java:134)
E/a       ( 5917): 	at com.instagram.common.i.a.run(ChainableTask.java:129)
E/a       ( 5917): 	at com.instagram.common.d.b.k.b(HttpRequestTask.java:27)
E/a       ( 5917): 	at com.instagram.common.i.g.run(ExecutorScheduler.java:38)
E/a       ( 5917): 	at java.util.concurrent.ThreadPoolExecutor.runWorker(ThreadPoolExecutor.java:1112)
E/a       ( 5917): 	at java.util.concurrent.ThreadPoolExecutor$Worker.run(ThreadPoolExecutor.java:587)
E/a       ( 5917): 	at java.lang.Thread.run(Thread.java:841)
E/a       ( 5917): 	at com.instagram.common.c.b.c.run(IgThread.java:41)
D/a       ( 5917): Generating report file for crash
I/dalvikvm( 5917): Rejecting re-init on previously-failed class Lch/boye/httpclientandroidlib/client/methods/HttpPost; v=0x416a1ca8
W/dalvikvm( 5917): threadid=11: thread exiting with uncaught exception (group=0x416add58)
E/a       ( 5917): ACRA caught a VerifyError exception for com.instagram.android. Building report.
E/a       ( 5917): Handling exception for crash
E/a       ( 5917): java.lang.VerifyError: ch/boye/httpclientandroidlib/client/methods/HttpPost
E/a       ( 5917): 	at com.instagram.common.d.g.f.b(ChboyeHttpStack.java:235)
E/a       ( 5917): 	at com.instagram.common.d.g.f.a(ChboyeHttpStack.java:188)
E/a       ( 5917): 	at com.instagram.common.d.b.d.a(BasicHttpContinuations.java:24)
E/a       ( 5917): 	at com.instagram.common.d.b.d.a(BasicHttpContinuations.java:21)
E/a       ( 5917): 	at com.instagram.common.i.a.run(ChainableTask.java:134)
E/a       ( 5917): 	at com.instagram.common.i.a.run(ChainableTask.java:129)
E/a       ( 5917): 	at com.instagram.common.d.b.k.b(HttpRequestTask.java:27)
E/a       ( 5917): 	at com.instagram.common.i.g.run(ExecutorScheduler.java:38)
E/a       ( 5917): 	at java.util.concurrent.ThreadPoolExecutor.runWorker(ThreadPoolExecutor.java:1112)
E/a       ( 5917): 	at java.util.concurrent.ThreadPoolExecutor$Worker.run(ThreadPoolExecutor.java:587)
E/a       ( 5917): 	at java.lang.Thread.run(Thread.java:841)
E/a       ( 5917): 	at com.instagram.common.c.b.c.run(IgThread.java:41)
D/a       ( 5917): Generating report file for crash
V/a       ( 5917): About to start ReportSenderWorker from #handleException
D/a       ( 5917): #checkAndSendReports - start
D/a       ( 5917): Looking for error files in /data/data/com.instagram.android/app_acra-reports
D/a       ( 5917): Loading file 1449066644834-VerifyError-18187053.stacktrace
V/a       ( 5917): About to start ReportSenderWorker from #handleException
I/a       ( 5917): Sending file 1449066644834-VerifyError-18187053.stacktrace
D/a       ( 5917): Connect to https://www.facebook.com/mobile/instagram_android_crash_logs/
D/nubiatel:tel-callBack-service(  201): onDataActivity arg0 = 4
D/nubiatel:tel-callBack-service(  201): onDataActivity arg0 = 4
D/nubiatel:tel-callBack-service(  201): onDataActivity arg0 = 4
D/StatusBar.MSimNetworkController(23931): refreshViews: mWifiConnected=false, mMDataConnected=true, mSimReady=true
D/StatusBar.MSimNetworkController(23931): refreshViews: mWifiConnected=false, mMDataConnected=true, mSimReady=true
D/nubiatel:tel-callBack-service(  201): onDataActivity arg0 = 0
D/nubiatel:tel-callBack-service(  201): onDataActivity arg0 = 0
D/nubiatel:tel-callBack-service(  201): onDataActivity arg0 = 0
D/StatusBar.MSimNetworkController(23931): refreshViews: mWifiConnected=false, mMDataConnected=true, mSimReady=true
W/Ads     ( 5816): There was a problem getting an ad response. ErrorCode: 0
W/Ads     ( 5816): Failed to load ad: 0
