D/MSimSignalClusterView(23931): sub1Visible = true  sub2Visible = false  mMobileVisible = true  subscription = 0
D/MSimSignalClusterView(23931): wifi: GONE sig=0 act=2130837832
D/MSimSignalClusterView(23931): sub1Visible = true  sub2Visible = false  mMobileVisible = true  subscription = 0
D/MSimSignalClusterView(23931): wifi: GONE sig=0 act=2130837832
D/MSimSignalClusterView(23931): sub1Visible = true  sub2Visible = false  mMobileVisible = true  subscription = 0
D/MSimSignalClusterView(23931): wifi: GONE sig=0 act=2130837832
D/MSimSignalClusterView(23931): sub1Visible = true  sub2Visible = false  mMobileVisible = true  subscription = 0
D/MSimSignalClusterView(23931): wifi: GONE sig=0 act=2130837832
D/MSimSignalClusterView(23931): sub1Visible = true  sub2Visible = false  mMobileVisible = true  subscription = 0
D/MSimSignalClusterView(23931): wifi: GONE sig=0 act=2130837832
D/MSimSignalClusterView(23931): sub1Visible = true  sub2Visible = false  mMobileVisible = true  subscription = 0
D/MSimSignalClusterView(23931): wifi: GONE sig=0 act=2130837832
D/MSimSignalClusterView(23931): sub1Visible = true  sub2Visible = false  mMobileVisible = true  subscription = 0
D/StatusBar.MSimNetworkController(23931): refreshViews: mWifiConnected=false, mMDataConnected=true, mSimReady=true
D/StatusBar.MSimNetworkController(23931): onDataActivity received on subscription :1direction=3
D/StatusBar.MSimNetworkController(23931): updateDataIcon subscription =1
D/StatusBar.MSimNetworkController(23931): updateDataIcon dataSub =0
D/StatusBar.MSimNetworkController(23931): updateDataIconi: SUB1 is not DDS.  Clear the mMSimDataConnected Flag and return
D/StatusBar.MSimNetworkController(23931): refreshViews subscription =1mMSimDataConnected =false
D/StatusBar.MSimNetworkController(23931): refreshViews mMSimDataActivity =3
D/StatusBar.MSimNetworkController(23931): refreshViews: Data not connected!! Set no data type icon / Roaming for subscription: 1
D/StatusBar.MSimNetworkController(23931): refreshViews connected={ } level=1 mMSimcombinedSignalIconId=0x7f02013e/com.android.systemui:drawable/stat_sys_signal_null mMSimcombinedActivityIconId=0x7f020146 mAirplaneMode=false mMSimDataActivity=3 mMSimPhoneSignalIconId=0x7f02013e mMSimDataDirectionIconId=0x0 mMSimDataSignalIconId=0x7f02013e mMSimDataTypeIconId=0x0 mNoMSimIconId=0x0 mWifiIconId=0x0 mBluetoothTetherIconId=0x1080669
D/MSimSignalClusterView(23931): wifi: GONE sig=0 act=2130837832
D/MSimSignalClusterView(23931): sub1Visible = true  sub2Visible = false  mMobileVisible = true  subscription = 0
D/MSimSignalClusterView(23931): wifi: GONE sig=0 act=2130837832
D/MSimSignalClusterView(23931): sub1Visible = true  sub2Visible = false  mMobileVisible = false  subscription = 1
D/MSimSignalClusterView(23931): wifi: GONE sig=0 act=2130837832
D/MSimSignalClusterView(23931): sub1Visible = true  sub2Visible = false  mMobileVisible = false  subscription = 1
D/MSimSignalClusterView(23931): wifi: GONE sig=0 act=2130837832
D/MSimSignalClusterView(23931): sub1Visible = true  sub2Visible = false  mMobileVisible = true  subscription = 0
D/MSimSignalClusterView(23931): wifi: GONE sig=0 act=2130837832
D/MSimSignalClusterView(23931): sub1Visible = true  sub2Visible = false  mMobileVisible = true  subscription = 0
D/MSimSignalClusterView(23931): wifi: GONE sig=0 act=2130837832
D/StatusBar.MSimNetworkController(23931): refreshViews: mWifiConnected=false, mMDataConnected=true, mSimReady=true
D/MSimSignalClusterView(23931): sub1Visible = true  sub2Visible = false  mMobileVisible = false  subscription = 1
D/MSimSignalClusterView(23931): wifi: GONE sig=0 act=2130837832
D/MSimSignalClusterView(23931): sub1Visible = true  sub2Visible = false  mMobileVisible = false  subscription = 1
D/MSimSignalClusterView(23931): wifi: GONE sig=0 act=2130837832
D/MSimSignalClusterView(23931): sub1Visible = true  sub2Visible = false  mMobileVisible = true  subscription = 0
V/WLAN_PSA(  215): NL MSG, len[048], NL type[0x11] WNI type[0x5050] len[028]
D/nubiatel:tel-callBack-service(  201): onDataActivity arg0 = 4
D/StatusBar.MSimNetworkController(23931): onDataActivity received on subscription :0direction=4
D/StatusBar.MSimNetworkController(23931): updateDataIcon subscription =0
D/nubiatel:tel-callBack-service(  201): onDataActivity arg0 = 4
D/nubiatel:tel-callBack-service(  201): onDataActivity arg0 = 4
D/StatusBar.MSimNetworkController(23931): updateDataIcon dataSub =0
D/StatusBar.MSimNetworkController(23931): updateDataIcon  when SimState =READY
D/StatusBar.MSimNetworkController(23931): updateDataIcon  when gsm mMSimState =READY
D/StatusBar.MSimNetworkController(23931): updateDataIcon when mMSimDataConnected =true
D/StatusBar.MSimNetworkController(23931): refreshViews subscription =0mMSimDataConnected =true
D/StatusBar.MSimNetworkController(23931): refreshViews mMSimDataActivity =4
D/StatusBar.MSimNetworkController(23931): refreshViews connected={ data } level=4 mMSimcombinedSignalIconId=0x7f020135/com.android.systemui:drawable/stat_sys_signal_4 mMSimcombinedActivityIconId=0x7f02013d mAirplaneMode=false mMSimDataActivity=4 mMSimPhoneSignalIconId=0x7f020135 mMSimDataDirectionIconId=0x7f020116 mMSimDataSignalIconId=0x7f020135 mMSimDataTypeIconId=0x7f02011e mNoMSimIconId=0x0 mWifiIconId=0x0 mBluetoothTetherIconId=0x1080669
D/MSimSignalClusterView(23931): wifi: GONE sig=0 act=2130837832
D/MSimSignalClusterView(23931): sub1Visible = true  sub2Visible = false  mMobileVisible = true  subscription = 0
D/MSimSignalClusterView(23931): wifi: GONE sig=0 act=2130837832
D/MSimSignalClusterView(23931): sub1Visible = true  sub2Visible = false  mMobileVisible = true  subscription = 0
D/MSimSignalClusterView(23931): wifi: GONE sig=0 act=2130837832
D/MSimSignalClusterView(23931): sub1Visible = true  sub2Visible = false  mMobileVisible = true  subscription = 0
D/MSimSignalClusterView(23931): wifi: GONE sig=0 act=2130837832
D/MSimSignalClusterView(23931): sub1Visible = true  sub2Visible = false  mMobileVisible = true  subscription = 0
D/MSimSignalClusterView(23931): wifi: GONE sig=0 act=2130837832
D/MSimSignalClusterView(23931): sub1Visible = true  sub2Visible = false  mMobileVisible = true  subscription = 0
D/MSimSignalClusterView(23931): wifi: GONE sig=0 act=2130837832
D/StatusBar.MSimNetworkController(23931): refreshViews: mWifiConnected=false, mMDataConnected=true, mSimReady=true
D/MSimSignalClusterView(23931): sub1Visible = true  sub2Visible = false  mMobileVisible = true  subscription = 0
D/MSimSignalClusterView(23931): wifi: GONE sig=0 act=2130837832
D/MSimSignalClusterView(23931): sub1Visible = true  sub2Visible = false  mMobileVisible = true  subscription = 0
D/MSimSignalClusterView(23931): wifi: GONE sig=0 act=2130837832
D/MSimSignalClusterView(23931): sub1Visible = true  sub2Visible = false  mMobileVisible = true  subscription = 0
D/StatusBar.MSimNetworkController(23931): onDataActivity received on subscription :1direction=4
D/StatusBar.MSimNetworkController(23931): updateDataIcon subscription =1
D/StatusBar.MSimNetworkController(23931): updateDataIcon dataSub =0
D/StatusBar.MSimNetworkController(23931): updateDataIconi: SUB1 is not DDS.  Clear the mMSimDataConnected Flag and return
D/StatusBar.MSimNetworkController(23931): refreshViews subscription =1mMSimDataConnected =false
D/StatusBar.MSimNetworkController(23931): refreshViews mMSimDataActivity =4
D/StatusBar.MSimNetworkController(23931): refreshViews: Data not connected!! Set no data type icon / Roaming for subscription: 1
D/StatusBar.MSimNetworkController(23931): refreshViews connected={ } level=1 mMSimcombinedSignalIconId=0x7f02013e/com.android.systemui:drawable/stat_sys_signal_null mMSimcombinedActivityIconId=0x7f020146 mAirplaneMode=false mMSimDataActivity=4 mMSimPhoneSignalIconId=0x7f02013e mMSimDataDirectionIconId=0x0 mMSimDataSignalIconId=0x7f02013e mMSimDataTypeIconId=0x0 mNoMSimIconId=0x0 mWifiIconId=0x0 mBluetoothTetherIconId=0x1080669
D/MSimSignalClusterView(23931): wifi: GONE sig=0 act=2130837832
D/MSimSignalClusterView(23931): sub1Visible = true  sub2Visible = false  mMobileVisible = true  subscription = 0
D/MSimSignalClusterView(23931): wifi: GONE sig=0 act=2130837832
D/MSimSignalClusterView(23931): sub1Visible = true  sub2Visible = false  mMobileVisible = false  subscription = 1
D/MSimSignalClusterView(23931): wifi: GONE sig=0 act=2130837832
D/MSimSignalClusterView(23931): sub1Visible = true  sub2Visible = false  mMobileVisible = false  subscription = 1
D/MSimSignalClusterView(23931): wifi: GONE sig=0 act=2130837832
D/MSimSignalClusterView(23931): sub1Visible = true  sub2Visible = false  mMobileVisible = true  subscription = 0
D/MSimSignalClusterView(23931): wifi: GONE sig=0 act=2130837832
D/MSimSignalClusterView(23931): sub1Visible = true  sub2Visible = false  mMobileVisible = true  subscription = 0
D/MSimSignalClusterView(23931): wifi: GONE sig=0 act=2130837832
D/MSimSignalClusterView(23931): sub1Visible = true  sub2Visible = false  mMobileVisible = false  subscription = 1
D/MSimSignalClusterView(23931): wifi: GONE sig=0 act=2130837832
D/MSimSignalClusterView(23931): sub1Visible = true  sub2Visible = false  mMobileVisible = false  subscription = 1
D/MSimSignalClusterView(23931): wifi: GONE sig=0 act=2130837832
D/StatusBar.MSimNetworkController(23931): refreshViews: mWifiConnected=false, mMDataConnected=true, mSimReady=true
D/MSimSignalClusterView(23931): sub1Visible = true  sub2Visible = false  mMobileVisible = true  subscription = 0
D/nubiatel:tel-callBack-service(  201): onDataActivity arg0 = 0
D/nubiatel:tel-callBack-service(  201): onDataActivity arg0 = 0
D/StatusBar.MSimNetworkController(23931): onDataActivity received on subscription :1direction=0
D/StatusBar.MSimNetworkController(23931): updateDataIcon subscription =1
D/StatusBar.MSimNetworkController(23931): updateDataIcon dataSub =0
D/StatusBar.MSimNetworkController(23931): updateDataIconi: SUB1 is not DDS.  Clear the mMSimDataConnected Flag and return
D/StatusBar.MSimNetworkController(23931): refreshViews subscription =1mMSimDataConnected =false
D/StatusBar.MSimNetworkController(23931): refreshViews mMSimDataActivity =0
D/StatusBar.MSimNetworkController(23931): refreshViews: Data not connected!! Set no data type icon / Roaming for subscription: 1
D/StatusBar.MSimNetworkController(23931): refreshViews connected={ } level=1 mMSimcombinedSignalIconId=0x7f02013e/com.android.systemui:drawable/stat_sys_signal_null mMSimcombinedActivityIconId=0x7f020146 mAirplaneMode=false mMSimDataActivity=0 mMSimPhoneSignalIconId=0x7f02013e mMSimDataDirectionIconId=0x0 mMSimDataSignalIconId=0x7f02013e mMSimDataTypeIconId=0x0 mNoMSimIconId=0x0 mWifiIconId=0x0 mBluetoothTetherIconId=0x1080669
D/StatusBar.MSimNetworkController(23931): refreshViews: mWifiConnected=false, mMDataConnected=true, mSimReady=true
D/StatusBar.MSimNetworkController(23931): onDataActivity received on subscription :0direction=0
D/StatusBar.MSimNetworkController(23931): updateDataIcon subscription =0
D/StatusBar.MSimNetworkController(23931): updateDataIcon dataSub =0
D/StatusBar.MSimNetworkController(23931): updateDataIcon  when SimState =READY
D/StatusBar.MSimNetworkController(23931): updateDataIcon  when gsm mMSimState =READY
D/StatusBar.MSimNetworkController(23931): updateDataIcon when mMSimDataConnected =true
D/StatusBar.MSimNetworkController(23931): refreshViews subscription =0mMSimDataConnected =true
D/StatusBar.MSimNetworkController(23931): refreshViews mMSimDataActivity =0
D/StatusBar.MSimNetworkController(23931): refreshViews connected={ data } level=4 mMSimcombinedSignalIconId=0x7f020135/com.android.systemui:drawable/stat_sys_signal_4 mMSimcombinedActivityIconId=0x7f02013d mAirplaneMode=false mMSimDataActivity=0 mMSimPhoneSignalIconId=0x7f020135 mMSimDataDirectionIconId=0x7f020116 mMSimDataSignalIconId=0x7f020135 mMSimDataTypeIconId=0x7f02011e mNoMSimIconId=0x0 mWifiIconId=0x0 mBluetoothTetherIconId=0x1080669
D/MSimSignalClusterView(23931): wifi: GONE sig=0 act=2130837832
D/MSimSignalClusterView(23931): sub1Visible = true  sub2Visible = false  mMobileVisible = true  subscription = 0
D/nubiatel:tel-callBack-service(  201): onDataActivity arg0 = 0
D/MSimSignalClusterView(23931): wifi: GONE sig=0 act=2130837832
D/MSimSignalClusterView(23931): sub1Visible = true  sub2Visible = false  mMobileVisible = true  subscription = 0
D/MSimSignalClusterView(23931): wifi: GONE sig=0 act=2130837832
D/MSimSignalClusterView(23931): sub1Visible = true  sub2Visible = false  mMobileVisible = true  subscription = 0
D/MSimSignalClusterView(23931): wifi: GONE sig=0 act=2130837832
D/MSimSignalClusterView(23931): sub1Visible = true  sub2Visible = false  mMobileVisible = true  subscription = 0
D/MSimSignalClusterView(23931): wifi: GONE sig=0 act=2130837832
D/MSimSignalClusterView(23931): sub1Visible = true  sub2Visible = false  mMobileVisible = true  subscription = 0
D/MSimSignalClusterView(23931): wifi: GONE sig=0 act=2130837832
D/MSimSignalClusterView(23931): sub1Visible = true  sub2Visible = false  mMobileVisible = true  subscription = 0
D/MSimSignalClusterView(23931): wifi: GONE sig=0 act=2130837832
D/StatusBar.MSimNetworkController(23931): refreshViews: mWifiConnected=false, mMDataConnected=true, mSimReady=true
D/MSimSignalClusterView(23931): sub1Visible = true  sub2Visible = false  mMobileVisible = true  subscription = 0
D/MSimSignalClusterView(23931): wifi: GONE sig=0 act=2130837832
D/MSimSignalClusterView(23931): sub1Visible = true  sub2Visible = false  mMobileVisible = true  subscription = 0
D/BroadcastQueue( 1184): check whether exist:srcDir = /data/app/com.google.android.gms-1.apk
D/nubiatel:tel-callBack-service(  201): onDataActivity arg0 = 0
D/nubiatel:tel-callBack-service(  201): onDataActivity arg0 = 0
D/StatusBar.MSimNetworkController(23931): onDataActivity received on subscription :0direction=0
D/StatusBar.MSimNetworkController(23931): updateDataIcon subscription =0
D/nubiatel:tel-callBack-service(  201): onDataActivity arg0 = 0
D/StatusBar.MSimNetworkController(23931): updateDataIcon dataSub =0
D/StatusBar.MSimNetworkController(23931): updateDataIcon  when SimState =READY
D/StatusBar.MSimNetworkController(23931): updateDataIcon  when gsm mMSimState =READY
D/StatusBar.MSimNetworkController(23931): updateDataIcon when mMSimDataConnected =true
D/StatusBar.MSimNetworkController(23931): refreshViews subscription =0mMSimDataConnected =true
D/StatusBar.MSimNetworkController(23931): refreshViews mMSimDataActivity =0
D/StatusBar.MSimNetworkController(23931): refreshViews: mWifiConnected=false, mMDataConnected=true, mSimReady=true
D/StatusBar.MSimNetworkController(23931): refreshViews connected={ data } level=4 mMSimcombinedSignalIconId=0x7f020135/com.android.systemui:drawable/stat_sys_signal_4 mMSimcombinedActivityIconId=0x7f02013d mAirplaneMode=false mMSimDataActivity=0 mMSimPhoneSignalIconId=0x7f020135 mMSimDataDirectionIconId=0x7f020116 mMSimDataSignalIconId=0x7f020135 mMSimDataTypeIconId=0x7f02011e mNoMSimIconId=0x0 mWifiIconId=0x0 mBluetoothTetherIconId=0x1080669
D/StatusBar.MSimNetworkController(23931): onDataActivity received on subscription :1direction=0
D/StatusBar.MSimNetworkController(23931): updateDataIcon subscription =1
D/StatusBar.MSimNetworkController(23931): updateDataIcon dataSub =0
D/StatusBar.MSimNetworkController(23931): updateDataIconi: SUB1 is not DDS.  Clear the mMSimDataConnected Flag and return
D/StatusBar.MSimNetworkController(23931): refreshViews subscription =1mMSimDataConnected =false
D/StatusBar.MSimNetworkController(23931): refreshViews mMSimDataActivity =0
D/StatusBar.MSimNetworkController(23931): refreshViews: Data not connected!! Set no data type icon / Roaming for subscription: 1
D/StatusBar.MSimNetworkController(23931): refreshViews connected={ } level=1 mMSimcombinedSignalIconId=0x7f02013e/com.android.systemui:drawable/stat_sys_signal_null mMSimcombinedActivityIconId=0x7f020146 mAirplaneMode=false mMSimDataActivity=0 mMSimPhoneSignalIconId=0x7f02013e mMSimDataDirectionIconId=0x0 mMSimDataSignalIconId=0x7f02013e mMSimDataTypeIconId=0x0 mNoMSimIconId=0x0 mWifiIconId=0x0 mBluetoothTetherIconId=0x1080669
D/MSimSignalClusterView(23931): wifi: GONE sig=0 act=2130837832
D/MSimSignalClusterView(23931): sub1Visible = true  sub2Visible = false  mMobileVisible = true  subscription = 0
D/MSimSignalClusterView(23931): wifi: GONE sig=0 act=2130837832
D/MSimSignalClusterView(23931): sub1Visible = true  sub2Visible = false  mMobileVisible = false  subscription = 1
D/MSimSignalClusterView(23931): wifi: GONE sig=0 act=2130837832
D/MSimSignalClusterView(23931): sub1Visible = true  sub2Visible = false  mMobileVisible = false  subscription = 1
D/MSimSignalClusterView(23931): wifi: GONE sig=0 act=2130837832
D/MSimSignalClusterView(23931): sub1Visible = true  sub2Visible = false  mMobileVisible = true  subscription = 0
D/MSimSignalClusterView(23931): wifi: GONE sig=0 act=2130837832
D/MSimSignalClusterView(23931): sub1Visible = true  sub2Visible = false  mMobileVisible = true  subscription = 0
D/MSimSignalClusterView(23931): wifi: GONE sig=0 act=2130837832
D/MSimSignalClusterView(23931): sub1Visible = true  sub2Visible = false  mMobileVisible = false  subscription = 1
D/MSimSignalClusterView(23931): wifi: GONE sig=0 act=2130837832
D/MSimSignalClusterView(23931): sub1Visible = true  sub2Visible = false  mMobileVisible = false  subscription = 1
D/MSimSignalClusterView(23931): wifi: GONE sig=0 act=2130837832
D/MSimSignalClusterView(23931): sub1Visible = true  sub2Visible = false  mMobileVisible = true  subscription = 0
D/StatusBar.MSimNetworkController(23931): refreshViews: mWifiConnected=false, mMDataConnected=true, mSimReady=true
D/dalvikvm( 1576): GC_CONCURRENT freed 2085K, 48% free 5988K/11376K, paused 4ms+5ms, total 44ms
D/ConnectivityServiceHSM( 1184): Actual State: DefaultConnectivityState, Current State: DefaultConnectivityState.processMessage what=104
D/ConnectivityServiceHSM( 1184): Actual State: DefaultConnectivityState, Current State: DefaultConnectivityState.processMessage what=5006
D/QcConnectivityService( 1184): reportNetworkCondition(0, 100)
D/QcConnectivityService( 1184): handleInetConditionChange: net=0, condition=100,mActiveDefaultNetwork=0
D/QcConnectivityService( 1184): handleInetConditionChange: starting a change hold
D/nubiatel:tel-callBack-service(  201): onDataActivity arg0 = 3
D/nubiatel:tel-callBack-service(  201): onDataActivity arg0 = 3
D/nubiatel:tel-callBack-service(  201): onDataActivity arg0 = 3
D/StatusBar.MSimNetworkController(23931): onDataActivity received on subscription :0direction=3
D/StatusBar.MSimNetworkController(23931): updateDataIcon subscription =0
D/StatusBar.MSimNetworkController(23931): updateDataIcon dataSub =0
D/StatusBar.MSimNetworkController(23931): updateDataIcon  when SimState =READY
D/StatusBar.MSimNetworkController(23931): updateDataIcon  when gsm mMSimState =READY
D/StatusBar.MSimNetworkController(23931): updateDataIcon when mMSimDataConnected =true
D/StatusBar.MSimNetworkController(23931): refreshViews subscription =0mMSimDataConnected =true
D/StatusBar.MSimNetworkController(23931): refreshViews mMSimDataActivity =3
D/StatusBar.MSimNetworkController(23931): refreshViews connected={ data } level=4 mMSimcombinedSignalIconId=0x7f020135/com.android.systemui:drawable/stat_sys_signal_4 mMSimcombinedActivityIconId=0x7f02013c mAirplaneMode=false mMSimDataActivity=3 mMSimPhoneSignalIconId=0x7f020135 mMSimDataDirectionIconId=0x7f020116 mMSimDataSignalIconId=0x7f020135 mMSimDataTypeIconId=0x7f02011e mNoMSimIconId=0x0 mWifiIconId=0x0 mBluetoothTetherIconId=0x1080669
D/MSimSignalClusterView(23931): wifi: GONE sig=0 act=2130837832
D/MSimSignalClusterView(23931): sub1Visible = true  sub2Visible = false  mMobileVisible = true  subscription = 0
D/MSimSignalClusterView(23931): wifi: GONE sig=0 act=2130837832
D/MSimSignalClusterView(23931): sub1Visible = true  sub2Visible = false  mMobileVisible = true  subscription = 0
D/MSimSignalClusterView(23931): wifi: GONE sig=0 act=2130837832
D/MSimSignalClusterView(23931): sub1Visible = true  sub2Visible = false  mMobileVisible = true  subscription = 0
D/MSimSignalClusterView(23931): wifi: GONE sig=0 act=2130837832
D/MSimSignalClusterView(23931): sub1Visible = true  sub2Visible = false  mMobileVisible = true  subscription = 0
D/MSimSignalClusterView(23931): wifi: GONE sig=0 act=2130837832
D/MSimSignalClusterView(23931): sub1Visible = true  sub2Visible = false  mMobileVisible = true  subscription = 0
D/MSimSignalClusterView(23931): wifi: GONE sig=0 act=2130837832
D/MSimSignalClusterView(23931): sub1Visible = true  sub2Visible = false  mMobileVisible = true  subscription = 0
D/MSimSignalClusterView(23931): wifi: GONE sig=0 act=2130837832
D/MSimSignalClusterView(23931): sub1Visible = true  sub2Visible = false  mMobileVisible = true  subscription = 0
D/MSimSignalClusterView(23931): wifi: GONE sig=0 act=2130837832
D/MSimSignalClusterView(23931): sub1Visible = true  sub2Visible = false  mMobileVisible = true  subscription = 0
D/StatusBar.MSimNetworkController(23931): refreshViews: mWifiConnected=false, mMDataConnected=true, mSimReady=true
D/StatusBar.MSimNetworkController(23931): onDataActivity received on subscription :1direction=3
D/StatusBar.MSimNetworkController(23931): updateDataIcon subscription =1
D/StatusBar.MSimNetworkController(23931): updateDataIcon dataSub =0
D/StatusBar.MSimNetworkController(23931): updateDataIconi: SUB1 is not DDS.  Clear the mMSimDataConnected Flag and return
D/StatusBar.MSimNetworkController(23931): refreshViews subscription =1mMSimDataConnected =false
D/StatusBar.MSimNetworkController(23931): refreshViews mMSimDataActivity =3
D/StatusBar.MSimNetworkController(23931): refreshViews: Data not connected!! Set no data type icon / Roaming for subscription: 1
D/StatusBar.MSimNetworkController(23931): refreshViews connected={ } level=1 mMSimcombinedSignalIconId=0x7f02013e/com.android.systemui:drawable/stat_sys_signal_null mMSimcombinedActivityIconId=0x7f020146 mAirplaneMode=false mMSimDataActivity=3 mMSimPhoneSignalIconId=0x7f02013e mMSimDataDirectionIconId=0x0 mMSimDataSignalIconId=0x7f02013e mMSimDataTypeIconId=0x0 mNoMSimIconId=0x0 mWifiIconId=0x0 mBluetoothTetherIconId=0x1080669
D/MSimSignalClusterView(23931): wifi: GONE sig=0 act=2130837832
D/MSimSignalClusterView(23931): sub1Visible = true  sub2Visible = false  mMobileVisible = true  subscription = 0
D/MSimSignalClusterView(23931): wifi: GONE sig=0 act=2130837832
D/MSimSignalClusterView(23931): sub1Visible = true  sub2Visible = false  mMobileVisible = false  subscription = 1
D/MSimSignalClusterView(23931): wifi: GONE sig=0 act=2130837832
D/MSimSignalClusterView(23931): sub1Visible = true  sub2Visible = false  mMobileVisible = false  subscription = 1
D/MSimSignalClusterView(23931): wifi: GONE sig=0 act=2130837832
D/MSimSignalClusterView(23931): sub1Visible = true  sub2Visible = false  mMobileVisible = true  subscription = 0
D/MSimSignalClusterView(23931): wifi: GONE sig=0 act=2130837832
D/MSimSignalClusterView(23931): sub1Visible = true  sub2Visible = false  mMobileVisible = true  subscription = 0
D/MSimSignalClusterView(23931): wifi: GONE sig=0 act=2130837832
D/MSimSignalClusterView(23931): sub1Visible = true  sub2Visible = false  mMobileVisible = false  subscription = 1
D/MSimSignalClusterView(23931): wifi: GONE sig=0 act=2130837832
D/MSimSignalClusterView(23931): sub1Visible = true  sub2Visible = false  mMobileVisible = false  subscription = 1
D/MSimSignalClusterView(23931): wifi: GONE sig=0 act=2130837832
D/StatusBar.MSimNetworkController(23931): refreshViews: mWifiConnected=false, mMDataConnected=true, mSimReady=true
D/MSimSignalClusterView(23931): sub1Visible = true  sub2Visible = false  mMobileVisible = true  subscription = 0
D/ConnectivityServiceHSM( 1184): Actual State: DefaultConnectivityState, Current State: DefaultConnectivityState.processMessage what=105
D/ConnectivityServiceHSM( 1184): Actual State: DefaultConnectivityState, Current State: DefaultConnectivityState.processMessage what=5007
D/QcConnectivityService( 1184): handleInetConditionHoldEnd: net=0, condition=100, published condition=100
D/QcConnectivityService( 1184): sendStickyBroadcast: action=android.net.conn.INET_CONDITION_ACTION
D/StatusBar.MSimNetworkController(23931): updateConnectivity: intent=Intent { act=android.net.conn.INET_CONDITION_ACTION flg=0x4000010 (has extras) }
D/StatusBar.MSimNetworkController(23931): updateConnectivity: networkInfo=NetworkInfo: type: mobile[HSPA], state: CONNECTED/CONNECTED, reason: connected, extra: Internet, roaming: false, failover: false, isAvailable: true, isConnectedToProvisioningNetwork: false
D/StatusBar.MSimNetworkController(23931): updateConnectivity: connectionStatus=100
D/StatusBar.MSimNetworkController(23931): updateDataNetType sub = 0 mDataNetType = 10
D/StatusBar.MSimNetworkController(23931): updateDataIcon subscription =0
D/StatusBar.MSimNetworkController(23931): updateDataIcon dataSub =0
D/StatusBar.MSimNetworkController(23931): updateDataIcon  when SimState =READY
D/StatusBar.MSimNetworkController(23931): updateDataIcon  when gsm mMSimState =READY
D/StatusBar.MSimNetworkController(23931): updateDataIcon when mMSimDataConnected =true
D/StatusBar.MSimNetworkController(23931): updateTelephonySignalStrength: subscription =0
D/StatusBar.MSimNetworkController(23931): isGsm = true  evdoLevel =0   cdmaLevel = 0  lteLevel = 0 mIsInCdmaCall = false iconLevel = 4
D/StatusBar.MSimNetworkController(23931): updateDataNetType: SUB1 is not DDS(=SUB0)!
D/StatusBar.MSimNetworkController(23931): updateDataIcon subscription =1
D/StatusBar.MSimNetworkController(23931): updateDataIcon dataSub =0
D/StatusBar.MSimNetworkController(23931): updateDataIconi: SUB1 is not DDS.  Clear the mMSimDataConnected Flag and return
D/StatusBar.MSimNetworkController(23931): updateTelephonySignalStrength: subscription =1
D/StatusBar.MSimNetworkController(23931):  No service
D/StatusBar.MSimNetworkController(23931): refreshViews subscription =0mMSimDataConnected =true
D/StatusBar.MSimNetworkController(23931): refreshViews mMSimDataActivity =3
D/StatusBar.MSimNetworkController(23931): refreshViews connected={ data } level=4 mMSimcombinedSignalIconId=0x7f020135/com.android.systemui:drawable/stat_sys_signal_4 mMSimcombinedActivityIconId=0x7f02013c mAirplaneMode=false mMSimDataActivity=3 mMSimPhoneSignalIconId=0x7f020135 mMSimDataDirectionIconId=0x7f020116 mMSimDataSignalIconId=0x7f020135 mMSimDataTypeIconId=0x7f02011e mNoMSimIconId=0x0 mWifiIconId=0x0 mBluetoothTetherIconId=0x1080669
D/MSimSignalClusterView(23931): wifi: GONE sig=0 act=2130837832
D/MSimSignalClusterView(23931): sub1Visible = true  sub2Visible = false  mMobileVisible = true  subscription = 0
D/MSimSignalClusterView(23931): wifi: GONE sig=0 act=2130837832
D/MSimSignalClusterView(23931): sub1Visible = true  sub2Visible = false  mMobileVisible = true  subscription = 0
D/MSimSignalClusterView(23931): wifi: GONE sig=0 act=2130837832
D/MSimSignalClusterView(23931): sub1Visible = true  sub2Visible = false  mMobileVisible = true  subscription = 0
D/MSimSignalClusterView(23931): wifi: GONE sig=0 act=2130837832
D/MSimSignalClusterView(23931): sub1Visible = true  sub2Visible = false  mMobileVisible = true  subscription = 0
D/MSimSignalClusterView(23931): wifi: GONE sig=0 act=2130837832
D/MSimSignalClusterView(23931): sub1Visible = true  sub2Visible = false  mMobileVisible = true  subscription = 0
D/MSimSignalClusterView(23931): wifi: GONE sig=0 act=2130837832
D/MSimSignalClusterView(23931): sub1Visible = true  sub2Visible = false  mMobileVisible = true  subscription = 0
D/MSimSignalClusterView(23931): wifi: GONE sig=0 act=2130837832
D/MSimSignalClusterView(23931): sub1Visible = true  sub2Visible = false  mMobileVisible = true  subscription = 0
D/MSimSignalClusterView(23931): wifi: GONE sig=0 act=2130837832
D/StatusBar.MSimNetworkController(23931): refreshViews: mWifiConnected=false, mMDataConnected=true, mSimReady=true
D/MSimSignalClusterView(23931): sub1Visible = true  sub2Visible = false  mMobileVisible = true  subscription = 0
D/nubiatel:tel-callBack-service(  201): onSignalStrengthsChanged arg0 = SignalStrength: 31 0 -120 -160 -120 -1 -1 99 2147483647 2147483647 2147483647 2147483647 2147483647 gsm|lte
D/nubiatel:tel-callBack-service(  201): onSignalStrengthsChanged arg0 = SignalStrength: 31 0 -120 -160 -120 -1 -1 99 2147483647 2147483647 2147483647 2147483647 2147483647 gsm|lte
D/StatusBar.MSimNetworkController(23931): onSignalStrengthsChanged received on subscription :0signalStrength=SignalStrength: 31 0 -120 -160 -120 -1 -1 99 2147483647 2147483647 2147483647 2147483647 2147483647 gsm|lte level=4
D/StatusBar.MSimNetworkController(23931): updateTelephonySignalStrength: subscription =0
D/nubiatel:tel-callBack-service(  201): onSignalStrengthChanged arg0 = 31
D/nubiatel:tel-callBack-service(  201): onSignalStrengthChanged arg0 = 31
D/StatusBar.MSimNetworkController(23931): isGsm = true  evdoLevel =0   cdmaLevel = 0  lteLevel = 0 mIsInCdmaCall = false iconLevel = 4
D/StatusBar.MSimNetworkController(23931): refreshViews subscription =0mMSimDataConnected =true
D/StatusBar.MSimNetworkController(23931): refreshViews mMSimDataActivity =3
D/StatusBar.MSimNetworkController(23931): refreshViews connected={ data } level=4 mMSimcombinedSignalIconId=0x7f020135/com.android.systemui:drawable/stat_sys_signal_4 mMSimcombinedActivityIconId=0x7f02013c mAirplaneMode=false mMSimDataActivity=3 mMSimPhoneSignalIconId=0x7f020135 mMSimDataDirectionIconId=0x7f020116 mMSimDataSignalIconId=0x7f020135 mMSimDataTypeIconId=0x7f02011e mNoMSimIconId=0x0 mWifiIconId=0x0 mBluetoothTetherIconId=0x1080669
D/StatusBar.MSimNetworkController(23931): refreshViews: mWifiConnected=false, mMDataConnected=true, mSimReady=true
D/StatusBar.MSimNetworkController(23931): onDataActivity received on subscription :0direction=0
D/nubiatel:tel-callBack-service(  201): onDataActivity arg0 = 0
D/nubiatel:tel-callBack-service(  201): onDataActivity arg0 = 0
D/nubiatel:tel-callBack-service(  201): onDataActivity arg0 = 0
D/StatusBar.MSimNetworkController(23931): updateDataIcon subscription =0
D/StatusBar.MSimNetworkController(23931): updateDataIcon dataSub =0
D/StatusBar.MSimNetworkController(23931): updateDataIcon  when SimState =READY
D/StatusBar.MSimNetworkController(23931): updateDataIcon  when gsm mMSimState =READY
D/StatusBar.MSimNetworkController(23931): updateDataIcon when mMSimDataConnected =true
D/StatusBar.MSimNetworkController(23931): refreshViews subscription =0mMSimDataConnected =true
D/StatusBar.MSimNetworkController(23931): refreshViews mMSimDataActivity =0
D/StatusBar.MSimNetworkController(23931): refreshViews connected={ data } level=4 mMSimcombinedSignalIconId=0x7f020135/com.android.systemui:drawable/stat_sys_signal_4 mMSimcombinedActivityIconId=0x7f02013d mAirplaneMode=false mMSimDataActivity=0 mMSimPhoneSignalIconId=0x7f020135 mMSimDataDirectionIconId=0x7f020116 mMSimDataSignalIconId=0x7f020135 mMSimDataTypeIconId=0x7f02011e mNoMSimIconId=0x0 mWifiIconId=0x0 mBluetoothTetherIconId=0x1080669
D/MSimSignalClusterView(23931): wifi: GONE sig=0 act=2130837832
D/MSimSignalClusterView(23931): sub1Visible = true  sub2Visible = false  mMobileVisible = true  subscription = 0
D/MSimSignalClusterView(23931): wifi: GONE sig=0 act=2130837832
D/MSimSignalClusterView(23931): sub1Visible = true  sub2Visible = false  mMobileVisible = true  subscription = 0
D/MSimSignalClusterView(23931): wifi: GONE sig=0 act=2130837832
D/MSimSignalClusterView(23931): sub1Visible = true  sub2Visible = false  mMobileVisible = true  subscription = 0
D/MSimSignalClusterView(23931): wifi: GONE sig=0 act=2130837832
D/MSimSignalClusterView(23931): sub1Visible = true  sub2Visible = false  mMobileVisible = true  subscription = 0
D/MSimSignalClusterView(23931): wifi: GONE sig=0 act=2130837832
V/WLAN_PSA(  215): NL MSG, len[048], NL type[0x11] WNI type[0x5050] len[028]
D/MSimSignalClusterView(23931): sub1Visible = true  sub2Visible = false  mMobileVisible = true  subscription = 0
D/MSimSignalClusterView(23931): wifi: GONE sig=0 act=2130837832
D/MSimSignalClusterView(23931): sub1Visible = true  sub2Visible = false  mMobileVisible = true  subscription = 0
D/MSimSignalClusterView(23931): wifi: GONE sig=0 act=2130837832
D/MSimSignalClusterView(23931): sub1Visible = true  sub2Visible = false  mMobileVisible = true  subscription = 0
D/MSimSignalClusterView(23931): wifi: GONE sig=0 act=2130837832
D/MSimSignalClusterView(23931): sub1Visible = true  sub2Visible = false  mMobileVisible = true  subscription = 0
D/StatusBar.MSimNetworkController(23931): refreshViews: mWifiConnected=false, mMDataConnected=true, mSimReady=true
D/StatusBar.MSimNetworkController(23931): onDataActivity received on subscription :1direction=0
D/StatusBar.MSimNetworkController(23931): updateDataIcon subscription =1
D/StatusBar.MSimNetworkController(23931): updateDataIcon dataSub =0
D/StatusBar.MSimNetworkController(23931): updateDataIconi: SUB1 is not DDS.  Clear the mMSimDataConnected Flag and return
D/StatusBar.MSimNetworkController(23931): refreshViews subscription =1mMSimDataConnected =false
D/StatusBar.MSimNetworkController(23931): refreshViews mMSimDataActivity =0
D/StatusBar.MSimNetworkController(23931): refreshViews: Data not connected!! Set no data type icon / Roaming for subscription: 1
D/StatusBar.MSimNetworkController(23931): refreshViews connected={ } level=1 mMSimcombinedSignalIconId=0x7f02013e/com.android.systemui:drawable/stat_sys_signal_null mMSimcombinedActivityIconId=0x7f020146 mAirplaneMode=false mMSimDataActivity=0 mMSimPhoneSignalIconId=0x7f02013e mMSimDataDirectionIconId=0x0 mMSimDataSignalIconId=0x7f02013e mMSimDataTypeIconId=0x0 mNoMSimIconId=0x0 mWifiIconId=0x0 mBluetoothTetherIconId=0x1080669
D/MSimSignalClusterView(23931): wifi: GONE sig=0 act=2130837832
D/MSimSignalClusterView(23931): sub1Visible = true  sub2Visible = false  mMobileVisible = true  subscription = 0
D/MSimSignalClusterView(23931): wifi: GONE sig=0 act=2130837832
D/MSimSignalClusterView(23931): sub1Visible = true  sub2Visible = false  mMobileVisible = false  subscription = 1
D/MSimSignalClusterView(23931): wifi: GONE sig=0 act=2130837832
D/MSimSignalClusterView(23931): sub1Visible = true  sub2Visible = false  mMobileVisible = false  subscription = 1
D/MSimSignalClusterView(23931): wifi: GONE sig=0 act=2130837832
D/MSimSignalClusterView(23931): sub1Visible = true  sub2Visible = false  mMobileVisible = true  subscription = 0
D/MSimSignalClusterView(23931): wifi: GONE sig=0 act=2130837832
D/MSimSignalClusterView(23931): sub1Visible = true  sub2Visible = false  mMobileVisible = true  subscription = 0
D/MSimSignalClusterView(23931): wifi: GONE sig=0 act=2130837832
D/MSimSignalClusterView(23931): sub1Visible = true  sub2Visible = false  mMobileVisible = false  subscription = 1
D/MSimSignalClusterView(23931): wifi: GONE sig=0 act=2130837832
D/MSimSignalClusterView(23931): sub1Visible = true  sub2Visible = false  mMobileVisible = false  subscription = 1
D/MSimSignalClusterView(23931): wifi: GONE sig=0 act=2130837832
D/StatusBar.MSimNetworkController(23931): refreshViews: mWifiConnected=false, mMDataConnected=true, mSimReady=true
D/MSimSignalClusterView(23931): sub1Visible = true  sub2Visible = false  mMobileVisible = true  subscription = 0
D/nubiatel:tel-callBack-service(  201): onDataActivity arg0 = 4
D/nubiatel:tel-callBack-service(  201): onDataActivity arg0 = 4
D/nubiatel:tel-callBack-service(  201): onDataActivity arg0 = 4
D/StatusBar.MSimNetworkController(23931): onDataActivity received on subscription :0direction=4
D/StatusBar.MSimNetworkController(23931): updateDataIcon subscription =0
D/StatusBar.MSimNetworkController(23931): updateDataIcon dataSub =0
D/StatusBar.MSimNetworkController(23931): updateDataIcon  when SimState =READY
D/StatusBar.MSimNetworkController(23931): updateDataIcon  when gsm mMSimState =READY
D/StatusBar.MSimNetworkController(23931): updateDataIcon when mMSimDataConnected =true
D/StatusBar.MSimNetworkController(23931): refreshViews subscription =0mMSimDataConnected =true
D/StatusBar.MSimNetworkController(23931): refreshViews mMSimDataActivity =4
D/StatusBar.MSimNetworkController(23931): refreshViews connected={ data } level=4 mMSimcombinedSignalIconId=0x7f020135/com.android.systemui:drawable/stat_sys_signal_4 mMSimcombinedActivityIconId=0x7f02013d mAirplaneMode=false mMSimDataActivity=4 mMSimPhoneSignalIconId=0x7f020135 mMSimDataDirectionIconId=0x7f020116 mMSimDataSignalIconId=0x7f020135 mMSimDataTypeIconId=0x7f02011e mNoMSimIconId=0x0 mWifiIconId=0x0 mBluetoothTetherIconId=0x1080669
D/MSimSignalClusterView(23931): wifi: GONE sig=0 act=2130837832
D/MSimSignalClusterView(23931): sub1Visible = true  sub2Visible = false  mMobileVisible = true  subscription = 0
D/MSimSignalClusterView(23931): wifi: GONE sig=0 act=2130837832
D/MSimSignalClusterView(23931): sub1Visible = true  sub2Visible = false  mMobileVisible = true  subscription = 0
D/MSimSignalClusterView(23931): wifi: GONE sig=0 act=2130837832
D/MSimSignalClusterView(23931): sub1Visible = true  sub2Visible = false  mMobileVisible = true  subscription = 0
D/MSimSignalClusterView(23931): wifi: GONE sig=0 act=2130837832
D/StatusBar.MSimNetworkController(23931): refreshViews: mWifiConnected=false, mMDataConnected=true, mSimReady=true
D/MSimSignalClusterView(23931): sub1Visible = true  sub2Visible = false  mMobileVisible = true  subscription = 0
D/MSimSignalClusterView(23931): wifi: GONE sig=0 act=2130837832
D/MSimSignalClusterView(23931): sub1Visible = true  sub2Visible = false  mMobileVisible = true  subscription = 0
D/MSimSignalClusterView(23931): wifi: GONE sig=0 act=2130837832
D/MSimSignalClusterView(23931): sub1Visible = true  sub2Visible = false  mMobileVisible = true  subscription = 0
D/MSimSignalClusterView(23931): wifi: GONE sig=0 act=2130837832
D/MSimSignalClusterView(23931): sub1Visible = true  sub2Visible = false  mMobileVisible = true  subscription = 0
D/MSimSignalClusterView(23931): wifi: GONE sig=0 act=2130837832
D/MSimSignalClusterView(23931): sub1Visible = true  sub2Visible = false  mMobileVisible = true  subscription = 0
D/StatusBar.MSimNetworkController(23931): onDataActivity received on subscription :1direction=4
D/StatusBar.MSimNetworkController(23931): updateDataIcon subscription =1
D/StatusBar.MSimNetworkController(23931): updateDataIcon dataSub =0
D/StatusBar.MSimNetworkController(23931): updateDataIconi: SUB1 is not DDS.  Clear the mMSimDataConnected Flag and return
D/StatusBar.MSimNetworkController(23931): refreshViews subscription =1mMSimDataConnected =false
D/StatusBar.MSimNetworkController(23931): refreshViews mMSimDataActivity =4
D/StatusBar.MSimNetworkController(23931): refreshViews: Data not connected!! Set no data type icon / Roaming for subscription: 1
D/StatusBar.MSimNetworkController(23931): refreshViews connected={ } level=1 mMSimcombinedSignalIconId=0x7f02013e/com.android.systemui:drawable/stat_sys_signal_null mMSimcombinedActivityIconId=0x7f020146 mAirplaneMode=false mMSimDataActivity=4 mMSimPhoneSignalIconId=0x7f02013e mMSimDataDirectionIconId=0x0 mMSimDataSignalIconId=0x7f02013e mMSimDataTypeIconId=0x0 mNoMSimIconId=0x0 mWifiIconId=0x0 mBluetoothTetherIconId=0x1080669
D/MSimSignalClusterView(23931): wifi: GONE sig=0 act=2130837832
D/MSimSignalClusterView(23931): sub1Visible = true  sub2Visible = false  mMobileVisible = true  subscription = 0
D/MSimSignalClusterView(23931): wifi: GONE sig=0 act=2130837832
D/MSimSignalClusterView(23931): sub1Visible = true  sub2Visible = false  mMobileVisible = false  subscription = 1
D/MSimSignalClusterView(23931): wifi: GONE sig=0 act=2130837832
D/MSimSignalClusterView(23931): sub1Visible = true  sub2Visible = false  mMobileVisible = false  subscription = 1
D/MSimSignalClusterView(23931): wifi: GONE sig=0 act=2130837832
D/MSimSignalClusterView(23931): sub1Visible = true  sub2Visible = false  mMobileVisible = true  subscription = 0
D/MSimSignalClusterView(23931): wifi: GONE sig=0 act=2130837832
D/MSimSignalClusterView(23931): sub1Visible = true  sub2Visible = false  mMobileVisible = true  subscription = 0
D/MSimSignalClusterView(23931): wifi: GONE sig=0 act=2130837832
D/MSimSignalClusterView(23931): sub1Visible = true  sub2Visible = false  mMobileVisible = false  subscription = 1
D/MSimSignalClusterView(23931): wifi: GONE sig=0 act=2130837832
D/StatusBar.MSimNetworkController(23931): refreshViews: mWifiConnected=false, mMDataConnected=true, mSimReady=true
D/MSimSignalClusterView(23931): sub1Visible = true  sub2Visible = false  mMobileVisible = false  subscription = 1
D/MSimSignalClusterView(23931): wifi: GONE sig=0 act=2130837832
D/MSimSignalClusterView(23931): sub1Visible = true  sub2Visible = false  mMobileVisible = true  subscription = 0
V/WLAN_PSA(  215): NL MSG, len[048], NL type[0x11] WNI type[0x5050] len[028]
V/WLAN_PSA(  215): NL MSG, len[048], NL type[0x11] WNI type[0x5050] len[028]
V/WLAN_PSA(  215): NL MSG, len[048], NL type[0x11] WNI type[0x5050] len[028]
D/nubiatel:tel-callBack-service(  201): onDataActivity arg0 = 0
D/nubiatel:tel-callBack-service(  201): onDataActivity arg0 = 0
D/StatusBar.MSimNetworkController(23931): onDataActivity received on subscription :0direction=0
D/StatusBar.MSimNetworkController(23931): updateDataIcon subscription =0
D/StatusBar.MSimNetworkController(23931): updateDataIcon dataSub =0
D/StatusBar.MSimNetworkController(23931): updateDataIcon  when SimState =READY
D/StatusBar.MSimNetworkController(23931): updateDataIcon  when gsm mMSimState =READY
D/StatusBar.MSimNetworkController(23931): updateDataIcon when mMSimDataConnected =true
D/StatusBar.MSimNetworkController(23931): refreshViews subscription =0mMSimDataConnected =true
D/StatusBar.MSimNetworkController(23931): refreshViews mMSimDataActivity =0
D/StatusBar.MSimNetworkController(23931): refreshViews connected={ data } level=4 mMSimcombinedSignalIconId=0x7f020135/com.android.systemui:drawable/stat_sys_signal_4 mMSimcombinedActivityIconId=0x7f02013d mAirplaneMode=false mMSimDataActivity=0 mMSimPhoneSignalIconId=0x7f020135 mMSimDataDirectionIconId=0x7f020116 mMSimDataSignalIconId=0x7f020135 mMSimDataTypeIconId=0x7f02011e mNoMSimIconId=0x0 mWifiIconId=0x0 mBluetoothTetherIconId=0x1080669
D/MSimSignalClusterView(23931): wifi: GONE sig=0 act=2130837832
D/MSimSignalClusterView(23931): sub1Visible = true  sub2Visible = false  mMobileVisible = true  subscription = 0
D/MSimSignalClusterView(23931): wifi: GONE sig=0 act=2130837832
D/MSimSignalClusterView(23931): sub1Visible = true  sub2Visible = false  mMobileVisible = true  subscription = 0
D/MSimSignalClusterView(23931): wifi: GONE sig=0 act=2130837832
D/nubiatel:tel-callBack-service(  201): onDataActivity arg0 = 0
D/MSimSignalClusterView(23931): sub1Visible = true  sub2Visible = false  mMobileVisible = true  subscription = 0
D/MSimSignalClusterView(23931): wifi: GONE sig=0 act=2130837832
D/MSimSignalClusterView(23931): sub1Visible = true  sub2Visible = false  mMobileVisible = true  subscription = 0
D/MSimSignalClusterView(23931): wifi: GONE sig=0 act=2130837832
D/MSimSignalClusterView(23931): sub1Visible = true  sub2Visible = false  mMobileVisible = true  subscription = 0
D/MSimSignalClusterView(23931): wifi: GONE sig=0 act=2130837832
D/MSimSignalClusterView(23931): sub1Visible = true  sub2Visible = false  mMobileVisible = true  subscription = 0
D/MSimSignalClusterView(23931): wifi: GONE sig=0 act=2130837832
D/StatusBar.MSimNetworkController(23931): refreshViews: mWifiConnected=false, mMDataConnected=true, mSimReady=true
D/MSimSignalClusterView(23931): sub1Visible = true  sub2Visible = false  mMobileVisible = true  subscription = 0
D/MSimSignalClusterView(23931): wifi: GONE sig=0 act=2130837832
D/MSimSignalClusterView(23931): sub1Visible = true  sub2Visible = false  mMobileVisible = true  subscription = 0
D/StatusBar.MSimNetworkController(23931): onDataActivity received on subscription :1direction=0
D/StatusBar.MSimNetworkController(23931): updateDataIcon subscription =1
D/StatusBar.MSimNetworkController(23931): updateDataIcon dataSub =0
D/StatusBar.MSimNetworkController(23931): updateDataIconi: SUB1 is not DDS.  Clear the mMSimDataConnected Flag and return
D/StatusBar.MSimNetworkController(23931): refreshViews subscription =1mMSimDataConnected =false
D/StatusBar.MSimNetworkController(23931): refreshViews mMSimDataActivity =0
D/StatusBar.MSimNetworkController(23931): refreshViews: Data not connected!! Set no data type icon / Roaming for subscription: 1
D/StatusBar.MSimNetworkController(23931): refreshViews connected={ } level=1 mMSimcombinedSignalIconId=0x7f02013e/com.android.systemui:drawable/stat_sys_signal_null mMSimcombinedActivityIconId=0x7f020146 mAirplaneMode=false mMSimDataActivity=0 mMSimPhoneSignalIconId=0x7f02013e mMSimDataDirectionIconId=0x0 mMSimDataSignalIconId=0x7f02013e mMSimDataTypeIconId=0x0 mNoMSimIconId=0x0 mWifiIconId=0x0 mBluetoothTetherIconId=0x1080669
D/MSimSignalClusterView(23931): wifi: GONE sig=0 act=2130837832
D/MSimSignalClusterView(23931): sub1Visible = true  sub2Visible = false  mMobileVisible = true  subscription = 0
D/MSimSignalClusterView(23931): wifi: GONE sig=0 act=2130837832
D/MSimSignalClusterView(23931): sub1Visible = true  sub2Visible = false  mMobileVisible = false  subscription = 1
D/MSimSignalClusterView(23931): wifi: GONE sig=0 act=2130837832
D/MSimSignalClusterView(23931): sub1Visible = true  sub2Visible = false  mMobileVisible = false  subscription = 1
D/MSimSignalClusterView(23931): wifi: GONE sig=0 act=2130837832
D/StatusBar.MSimNetworkController(23931): refreshViews: mWifiConnected=false, mMDataConnected=true, mSimReady=true
D/MSimSignalClusterView(23931): sub1Visible = true  sub2Visible = false  mMobileVisible = true  subscription = 0
D/MSimSignalClusterView(23931): wifi: GONE sig=0 act=2130837832
D/MSimSignalClusterView(23931): sub1Visible = true  sub2Visible = false  mMobileVisible = true  subscription = 0
D/MSimSignalClusterView(23931): wifi: GONE sig=0 act=2130837832
D/MSimSignalClusterView(23931): sub1Visible = true  sub2Visible = false  mMobileVisible = false  subscription = 1
D/MSimSignalClusterView(23931): wifi: GONE sig=0 act=2130837832
D/MSimSignalClusterView(23931): sub1Visible = true  sub2Visible = false  mMobileVisible = false  subscription = 1
D/MSimSignalClusterView(23931): wifi: GONE sig=0 act=2130837832
D/MSimSignalClusterView(23931): sub1Visible = true  sub2Visible = false  mMobileVisible = true  subscription = 0
D/nubiatel:tel-callBack-service(  201): onDataActivity arg0 = 3
D/nubiatel:tel-callBack-service(  201): onDataActivity arg0 = 3
D/StatusBar.MSimNetworkController(23931): onDataActivity received on subscription :0direction=3
D/StatusBar.MSimNetworkController(23931): updateDataIcon subscription =0
D/StatusBar.MSimNetworkController(23931): updateDataIcon dataSub =0
D/StatusBar.MSimNetworkController(23931): updateDataIcon  when SimState =READY
D/StatusBar.MSimNetworkController(23931): updateDataIcon  when gsm mMSimState =READY
D/StatusBar.MSimNetworkController(23931): updateDataIcon when mMSimDataConnected =true
D/StatusBar.MSimNetworkController(23931): refreshViews subscription =0mMSimDataConnected =true
D/StatusBar.MSimNetworkController(23931): refreshViews mMSimDataActivity =3
D/nubiatel:tel-callBack-service(  201): onDataActivity arg0 = 3
D/StatusBar.MSimNetworkController(23931): refreshViews connected={ data } level=4 mMSimcombinedSignalIconId=0x7f020135/com.android.systemui:drawable/stat_sys_signal_4 mMSimcombinedActivityIconId=0x7f02013c mAirplaneMode=false mMSimDataActivity=3 mMSimPhoneSignalIconId=0x7f020135 mMSimDataDirectionIconId=0x7f020116 mMSimDataSignalIconId=0x7f020135 mMSimDataTypeIconId=0x7f02011e mNoMSimIconId=0x0 mWifiIconId=0x0 mBluetoothTetherIconId=0x1080669
D/MSimSignalClusterView(23931): wifi: GONE sig=0 act=2130837832
D/MSimSignalClusterView(23931): sub1Visible = true  sub2Visible = false  mMobileVisible = true  subscription = 0
D/MSimSignalClusterView(23931): wifi: GONE sig=0 act=2130837832
D/MSimSignalClusterView(23931): sub1Visible = true  sub2Visible = false  mMobileVisible = true  subscription = 0
D/MSimSignalClusterView(23931): wifi: GONE sig=0 act=2130837832
D/MSimSignalClusterView(23931): sub1Visible = true  sub2Visible = false  mMobileVisible = true  subscription = 0
D/MSimSignalClusterView(23931): wifi: GONE sig=0 act=2130837832
D/MSimSignalClusterView(23931): sub1Visible = true  sub2Visible = false  mMobileVisible = true  subscription = 0
D/MSimSignalClusterView(23931): wifi: GONE sig=0 act=2130837832
D/MSimSignalClusterView(23931): sub1Visible = true  sub2Visible = false  mMobileVisible = true  subscription = 0
D/MSimSignalClusterView(23931): wifi: GONE sig=0 act=2130837832
D/StatusBar.MSimNetworkController(23931): refreshViews: mWifiConnected=false, mMDataConnected=true, mSimReady=true
D/MSimSignalClusterView(23931): sub1Visible = true  sub2Visible = false  mMobileVisible = true  subscription = 0
D/MSimSignalClusterView(23931): wifi: GONE sig=0 act=2130837832
D/MSimSignalClusterView(23931): sub1Visible = true  sub2Visible = false  mMobileVisible = true  subscription = 0
D/MSimSignalClusterView(23931): wifi: GONE sig=0 act=2130837832
D/MSimSignalClusterView(23931): sub1Visible = true  sub2Visible = false  mMobileVisible = true  subscription = 0
D/StatusBar.MSimNetworkController(23931): onDataActivity received on subscription :1direction=3
D/StatusBar.MSimNetworkController(23931): updateDataIcon subscription =1
D/StatusBar.MSimNetworkController(23931): updateDataIcon dataSub =0
D/StatusBar.MSimNetworkController(23931): updateDataIconi: SUB1 is not DDS.  Clear the mMSimDataConnected Flag and return
D/StatusBar.MSimNetworkController(23931): refreshViews subscription =1mMSimDataConnected =false
D/StatusBar.MSimNetworkController(23931): refreshViews mMSimDataActivity =3
D/StatusBar.MSimNetworkController(23931): refreshViews: Data not connected!! Set no data type icon / Roaming for subscription: 1
