E/        ( 1184): grade_parameter buf sprintf = 6 196 , len = 5
E/        ( 1184): grade_parameter write =  5
D/dalvikvm( 6277): GC_FOR_ALLOC freed 1633K, 32% free 11438K/16696K, paused 47ms, total 47ms
E/        ( 1184): grade_parameter buf sprintf = 6 196 , len = 5
E/        ( 1184): grade_parameter write =  5
E/        ( 1184): grade_parameter buf sprintf = 6 196 , len = 5
E/        ( 1184): grade_parameter write =  5
D/dalvikvm( 6277): GC_FOR_ALLOC freed 1664K, 32% free 11436K/16696K, paused 61ms, total 61ms
E/        ( 1184): grade_parameter buf sprintf = 6 196 , len = 5
E/        ( 1184): grade_parameter write =  5
E/        ( 1184): grade_parameter buf sprintf = 6 196 , len = 5
E/        ( 1184): grade_parameter write =  5
E/        ( 1184): grade_parameter buf sprintf = 6 196 , len = 5
E/        ( 1184): grade_parameter write =  5
W/dalvikvm( 6352): VFY: Ljava/net/URI; is not instance of Ljava/lang/String;
W/dalvikvm( 6352): VFY: bad arg 1 (into Ljava/lang/String;)
W/dalvikvm( 6352): VFY:  rejecting call to Landroid/util/Log;.d (Ljava/lang/String;Ljava/lang/String;)I
W/dalvikvm( 6352): VFY:  rejecting opcode 0x71 at 0x0008
W/dalvikvm( 6352): VFY:  rejected Lch/boye/httpclientandroidlib/client/methods/HttpPost;.<init> (Ljava/net/URI;)V
W/dalvikvm( 6352): Verifier rejected class Lch/boye/httpclientandroidlib/client/methods/HttpPost;
W/dalvikvm( 6352): threadid=12: thread exiting with uncaught exception (group=0x416add58)
E/a       ( 6352): ACRA caught a VerifyError exception for com.instagram.android. Building report.
E/a       ( 6352): Handling exception for crash
E/a       ( 6352): java.lang.VerifyError: ch/boye/httpclientandroidlib/client/methods/HttpPost
E/a       ( 6352): 	at com.instagram.common.d.g.f.b(ChboyeHttpStack.java:235)
E/a       ( 6352): 	at com.instagram.common.d.g.f.a(ChboyeHttpStack.java:188)
E/a       ( 6352): 	at com.instagram.common.d.b.d.a(BasicHttpContinuations.java:24)
E/a       ( 6352): 	at com.instagram.common.d.b.d.a(BasicHttpContinuations.java:21)
E/a       ( 6352): 	at com.instagram.common.i.a.run(ChainableTask.java:134)
E/a       ( 6352): 	at com.instagram.common.i.a.run(ChainableTask.java:129)
E/a       ( 6352): 	at com.instagram.common.d.b.k.b(HttpRequestTask.java:27)
E/a       ( 6352): 	at com.instagram.common.i.g.run(ExecutorScheduler.java:38)
E/a       ( 6352): 	at java.util.concurrent.ThreadPoolExecutor.runWorker(ThreadPoolExecutor.java:1112)
E/a       ( 6352): 	at java.util.concurrent.ThreadPoolExecutor$Worker.run(ThreadPoolExecutor.java:587)
E/a       ( 6352): 	at java.lang.Thread.run(Thread.java:841)
E/a       ( 6352): 	at com.instagram.common.c.b.c.run(IgThread.java:41)
D/a       ( 6352): Generating report file for crash
I/dalvikvm( 6352): Rejecting re-init on previously-failed class Lch/boye/httpclientandroidlib/client/methods/HttpPost; v=0x416a1ca8
W/dalvikvm( 6352): threadid=13: thread exiting with uncaught exception (group=0x416add58)
E/a       ( 6352): ACRA caught a VerifyError exception for com.instagram.android. Building report.
E/a       ( 6352): Handling exception for crash
E/a       ( 6352): java.lang.VerifyError: ch/boye/httpclientandroidlib/client/methods/HttpPost
E/a       ( 6352): 	at com.instagram.common.d.g.f.b(ChboyeHttpStack.java:235)
E/a       ( 6352): 	at com.instagram.common.d.g.f.a(ChboyeHttpStack.java:188)
E/a       ( 6352): 	at com.instagram.common.d.b.d.a(BasicHttpContinuations.java:24)
E/a       ( 6352): 	at com.instagram.common.d.b.d.a(BasicHttpContinuations.java:21)
E/a       ( 6352): 	at com.instagram.common.i.a.run(ChainableTask.java:134)
E/a       ( 6352): 	at com.instagram.common.i.a.run(ChainableTask.java:129)
E/a       ( 6352): 	at com.instagram.common.d.b.k.b(HttpRequestTask.java:27)
E/a       ( 6352): 	at com.instagram.common.i.g.run(ExecutorScheduler.java:38)
E/a       ( 6352): 	at java.util.concurrent.ThreadPoolExecutor.runWorker(ThreadPoolExecutor.java:1112)
E/a       ( 6352): 	at java.util.concurrent.ThreadPoolExecutor$Worker.run(ThreadPoolExecutor.java:587)
E/a       ( 6352): 	at java.lang.Thread.run(Thread.java:841)
E/a       ( 6352): 	at com.instagram.common.c.b.c.run(IgThread.java:41)
D/a       ( 6352): Generating report file for crash
D/dalvikvm( 6277): GC_CONCURRENT freed 2795K, 32% free 11446K/16696K, paused 4ms+7ms, total 92ms
D/dalvikvm( 6277): WAIT_FOR_CONCURRENT_GC blocked 39ms
V/a       ( 6352): About to start ReportSenderWorker from #handleException
D/a       ( 6352): #checkAndSendReports - start
D/a       ( 6352): Looking for error files in /data/data/com.instagram.android/app_acra-reports
V/a       ( 6352): About to start ReportSenderWorker from #handleException
D/a       ( 6352): Loading file 1449066670736-VerifyError-18187053.temp_stacktrace
W/a       ( 6352): temp file 1449066670736-VerifyError-18187053.temp_stacktrace deleted. skipping
D/a       ( 6352): Loading file 1449066670748-VerifyError-18187053.stacktrace
I/a       ( 6352): Sending file 1449066670748-VerifyError-18187053.stacktrace
D/a       ( 6352): Connect to https://www.facebook.com/mobile/instagram_android_crash_logs/
E/        ( 1184): grade_parameter buf sprintf = 6 196 , len = 5
E/        ( 1184): grade_parameter write =  5
D/dalvikvm( 6352): GC_CONCURRENT freed 1081K, 25% free 8613K/11376K, paused 3ms+2ms, total 24ms
D/dalvikvm( 6277): GC_CONCURRENT freed 2645K, 31% free 11612K/16696K, paused 3ms+3ms, total 73ms
D/dalvikvm( 6277): WAIT_FOR_CONCURRENT_GC blocked 55ms
E/        ( 1184): grade_parameter buf sprintf = 6 196 , len = 5
E/        ( 1184): grade_parameter write =  5
D/nubiatel:tel-callBack-service(  201): onDataActivity arg0 = 3
D/nubiatel:tel-callBack-service(  201): onDataActivity arg0 = 3
D/nubiatel:tel-callBack-service(  201): onDataActivity arg0 = 3
D/StatusBar.MSimNetworkController(23931): refreshViews: mWifiConnected=false, mMDataConnected=true, mSimReady=true
D/StatusBar.MSimNetworkController(23931): refreshViews: mWifiConnected=false, mMDataConnected=true, mSimReady=true
E/        ( 1184): grade_parameter buf sprintf = 6 196 , len = 5
E/        ( 1184): grade_parameter write =  5
D/dalvikvm( 6277): GC_FOR_ALLOC freed 1979K, 28% free 12131K/16696K, paused 58ms, total 58ms
D/dalvikvm( 6277): GC_FOR_ALLOC freed 1966K, 25% free 12660K/16696K, paused 63ms, total 63ms
D/a       ( 6352): #checkAndSendReports - finish
D/a       ( 6352): #checkAndSendReports - start
D/a       ( 6352): Looking for error files in /data/data/com.instagram.android/app_acra-reports
D/a       ( 6352): Loading file 1449066670737-VerifyError-18187053.stacktrace
I/a       ( 6352): Sending file 1449066670737-VerifyError-18187053.stacktrace
D/a       ( 6352): Connect to https://www.facebook.com/mobile/instagram_android_crash_logs/
D/ZLauncher3( 1500): Launcher, onStart
D/ZLauncher3( 1500): Launcher, mNeedPlayAnimation = false
D/ZLauncher3( 1500): Launcher, updateWorkspaceItemVisibility,page=0 ,b=true
D/ZLauncher3( 1500): Launcher, updateWorkspaceItemVisibility,page=1 ,b=true
D/ZLauncher3( 1500): Launcher, updateWorkspaceItemVisibility,page=2 ,b=true
D/ZLauncher3( 1500): Launcher, updateWorkspaceItemVisibility,page=3 ,b=true
D/ZLauncher3( 1500): Launcher, updateWorkspaceItemVisibility,page=4 ,b=true
D/ZLauncher3( 1500): Launcher, showBottomBar,show=true,animation=false,mIndicatorBar.getY()=1020.0,mHotseat.getY()=1090.0
D/ZLauncher3( 1500): Launcher, launcher-animation activity  first step onResume , mOnResumeState=NONE, mState=WORKSPACE, mRestoring=false, mOnResumeNeedsLoad=false, mOnResumeCallbacks.size=0, mNeedPlayAnimation=false, mWorkspaceLoading=false
D/ZLauncher3( 1500): Launcher, launcher-animation activity resume mWorkspaceLoading=false, mNeedPlayAnimation=false
D/cindy   ( 5746): EventsReceiver: action = android.cn.nubia.ACTION_CATCH_LOG
D/cindy   ( 5746): CatchLogService action:android.cn.nubia.ACTION_CATCH_LOG
D/cindy   ( 5746): handleMessage serviceId: 1, intent: Intent { act=android.cn.nubia.ACTION_CATCH_LOG flg=0x10 cmp=cn.nubia.zcrashlogupload/.CatchLogService (has extras) }
D/cindy   ( 5746): handleMessage action: android.cn.nubia.ACTION_CATCH_LOG
V/BreathinglightService( 1184): oldCall = 0;  missedCallCount = 0
W/ColdStartPerformanceTracer( 6352): .                   TOTAL   THREAD
W/ColdStartPerformanceTracer( 6352): ____0 00.000 Start    ...     ...   ColdStartPerformanceTracer
W/ColdStartPerformanceTracer( 6352): _7790 07.790 Done _7790 ms _2485 ms ColdStartPerformanceTracer
D/cindy   ( 5746): createLogFile pkgName: com.instagram.android, logTimeTag: 2015-12-02-18-31-12
D/cindy   ( 5746): createLogFile logFilePath: /storage/sdcard0/Android/data/cn.nubia.zcrashlogupload/files/logcat_2015-12-02-18-31-12.bug
V/BreathinglightService( 1184): oldMmsSMS = 160;  missMmsCount = 160
E/Diag_Lib(  736): [IMS_FATAL]| 2915 | 764 |ims-rtp-daemon ims_rtp_qmi_handler_thread_func waiting on select thread>
I/ActivityManager( 1500): Timeline: Activity_idle id: android.os.BinderProxy@419c35b8 time:788488431
D/dalvikvm( 6277): GC_FOR_ALLOC freed 1948K, 22% free 13181K/16696K, paused 131ms, total 131ms
E/        ( 1184): grade_parameter buf sprintf = 6 196 , len = 5
E/        ( 1184): grade_parameter write =  5
D/dalvikvm( 6277): GC_FOR_ALLOC freed 2063K, 18% free 13743K/16752K, paused 70ms, total 70ms
I/ActivityManager( 1184): Timeline: Activity_windows_visible id: ActivityRecord{42261ac0 u0 cn.nubia.launcher/com.android.launcher2.Launcher t1} time:788488874
D/ZLauncher3( 1500): Workspace, computeScrollHelper1, mCurrentPage=4 ,update mCurrentPage=4
V/WLAN_PSA(  215): NL MSG, len[048], NL type[0x11] WNI type[0x5050] len[028]
D/cindy   ( 5746): createUserSettingsFile logTimeTag: 2015-12-02-18-31-12
D/cindy   ( 5746): createUserSettingsFile userSettingFilePath: /storage/sdcard0/Android/data/cn.nubia.zcrashlogupload/files/userSettings_2015-12-02-18-31-12.settings
D/a       ( 6352): #checkAndSendReports - finish
I/Process ( 6352): Sending signal. PID: 6352 SIG: 9
W/Binder  ( 1442): Caught a RuntimeException from the binder stub implementation.
W/Binder  ( 1442): java.lang.NullPointerException
W/Binder  ( 1442): 	at android.inputmethodservice.IInputMethodWrapper.setSessionEnabled(IInputMethodWrapper.java:280)
W/Binder  ( 1442): 	at com.android.internal.view.IInputMethod$Stub.onTransact(IInputMethod.java:129)
W/Binder  ( 1442): 	at android.os.Binder.execTransact(Binder.java:404)
W/Binder  ( 1442): 	at dalvik.system.NativeStart.run(Native Method)
D/dalvikvm( 6277): GC_CONCURRENT freed 4734K, 29% free 12580K/17500K, paused 5ms+3ms, total 85ms
D/dalvikvm( 6277): WAIT_FOR_CONCURRENT_GC blocked 61ms
D/dalvikvm( 6277): WAIT_FOR_CONCURRENT_GC blocked 56ms
D/dalvikvm( 6277): GC_FOR_ALLOC freed 776K, 28% free 12620K/17500K, paused 54ms, total 54ms
D/dalvikvm( 6277): GC_FOR_ALLOC freed 1109K, 28% free 12686K/17500K, paused 53ms, total 53ms
D/dalvikvm( 6277): GC_FOR_ALLOC freed 1045K, 28% free 12690K/17500K, paused 53ms, total 53ms
D/dalvikvm( 6277): GC_FOR_ALLOC freed 1044K, 28% free 12751K/17500K, paused 54ms, total 54ms
D/dalvikvm( 6277): GC_FOR_ALLOC freed 958K, 28% free 12690K/17500K, paused 51ms, total 51ms
I/dalvikvm( 6277): Jit: resizing JitTable from 4096 to 8192
D/dalvikvm( 6277): GC_FOR_ALLOC freed 1818K, 34% free 11593K/17500K, paused 55ms, total 56ms
D/dalvikvm( 6277): GC_FOR_ALLOC freed 570K, 34% free 11596K/17500K, paused 41ms, total 42ms
D/dalvikvm( 6277): GC_FOR_ALLOC freed 603K, 34% free 11579K/17500K, paused 41ms, total 42ms
D/dalvikvm( 6277): GC_FOR_ALLOC freed 822K, 34% free 11571K/17500K, paused 44ms, total 45ms
V/WLAN_PSA(  215): NL MSG, len[048], NL type[0x11] WNI type[0x5050] len[028]
D/dalvikvm( 1485): GC_CONCURRENT freed 5751K, 23% free 20420K/26480K, paused 17ms+3ms, total 182ms
D/dalvikvm(30487): GC_CONCURRENT freed 1931K, 46% free 6156K/11376K, paused 3ms+1ms, total 45ms
D/dalvikvm( 6277): GC_CONCURRENT freed 2691K, 33% free 11734K/17400K, paused 3ms+6ms, total 64ms
D/dalvikvm( 6277): WAIT_FOR_CONCURRENT_GC blocked 49ms
D/dalvikvm( 1500): GC_FOR_ALLOC freed 801K, 18% free 41866K/50996K, paused 54ms, total 55ms
D/ZLauncher3( 1500): Workspace, mDensity=2.0 ,velocityY=0 ,deltaY=0 ,pageHeight=1050
D/ZLauncher3( 1500): Workspace, snapToPage 2,mCurrentPage=4 ,go whichPage=4
I/ActivityManager( 1500): Timeline: Activity_launch_request id:com.instagram.android time:788498759
E/        ( 1184): grade_parameter buf sprintf = 6 196 , len = 5
E/        ( 1184): grade_parameter write =  5
D/dalvikvm( 1184): GC_FOR_ALLOC freed 2929K, 30% free 40358K/57104K, paused 131ms, total 133ms
D/audio_hw_primary(18524): select_devices: out_snd_device(2: speaker) in_snd_device(0: )
D/hardware_info(18524): hw_info_append_hw_type : device_name = speaker-lite
D/ACDB-LOADER(18524): ACDB -> send_audio_cal, acdb_id = 14, path =  0
D/ACDB-LOADER(18524): ACDB -> send_adm_topology
D/ACDB-LOADER(18524): ACDB -> ACDB_CMD_GET_AUDPROC_COMMON_TOPOLOGY_ID
D/ACDB-LOADER(18524): ACDB -> send_asm_topology
D/ACDB-LOADER(18524): ACDB -> ACDB_CMD_GET_AUDPROC_STREAM_TOPOLOGY_ID
D/ACDB-LOADER(18524): ACDB -> send_audtable
D/ACDB-LOADER(18524): ACDB -> ACDB_CMD_GET_AUDPROC_COMMON_TABLE
D/ACDB-LOADER(18524): ACDB -> AUDIO_SET_AUDPROC_CAL
D/ACDB-LOADER(18524): ACDB -> send_audvoltable
D/ACDB-LOADER(18524): ACDB -> ACDB_CMD_GET_AUDPROC_GAIN_DEP_STEP_TABLE
D/ACDB-LOADER(18524): ACDB -> AUDIO_SET_AUDPROC_VOL_CAL
D/ACDB-LOADER(18524): ACDB -> send_afe_cal
D/ACDB-LOADER(18524): ACDB -> ACDB_CMD_GET_AFE_COMMON_TABLE
D/ACDB-LOADER(18524): ACDB -> AUDIO_SET_AFE_CAL
D/ZLauncher3( 1500): Launcher, onPause
E/ZLauncher3( 1500): Launcher, onStop
D/ZLauncher3( 1500): Launcher, updateWorkspaceItemVisibility,page=4 ,b=false
D/ZLauncher3( 1500): Launcher, showBottomBar,show=false,animation=false,mIndicatorBar.getY()=1020.0,mHotseat.getY()=1090.0
D/a       ( 6577): ACRA is enabled for com.instagram.android, intializing...
V/fb-UnpackingSoSource( 6577): locked dso store /data/data/com.instagram.android/lib-main
I/fb-UnpackingSoSource( 6577): dso store is up-to-date: /data/data/com.instagram.android/lib-main
V/fb-UnpackingSoSource( 6577): releasing dso store lock for /data/data/com.instagram.android/lib-main
D/dalvikvm( 6577): Trying to load lib /data/app-lib/com.instagram.android-1/libgnustl_shared.so 0x419d0270
D/dalvikvm( 6577): Added shared lib /data/app-lib/com.instagram.android-1/libgnustl_shared.so 0x419d0270
D/dalvikvm( 6577): No JNI_OnLoad found in /data/app-lib/com.instagram.android-1/libgnustl_shared.so 0x419d0270, skipping init
D/dalvikvm( 6577): Trying to load lib /data/app-lib/com.instagram.android-1/libbreakpad.so 0x419d0270
D/dalvikvm( 6577): Added shared lib /data/app-lib/com.instagram.android-1/libbreakpad.so 0x419d0270
D/dalvikvm( 6577): Trying to load lib /data/app-lib/com.instagram.android-1/libscrambler.so 0x419d0270
D/dalvikvm( 6577): Added shared lib /data/app-lib/com.instagram.android-1/libscrambler.so 0x419d0270
D/dalvikvm( 6577): Trying to load lib /data/app-lib/com.instagram.android-1/libstrings.so 0x419d0270
D/dalvikvm( 6577): Added shared lib /data/app-lib/com.instagram.android-1/libstrings.so 0x419d0270
D/dalvikvm( 6577): No JNI_OnLoad found in /data/app-lib/com.instagram.android-1/libstrings.so 0x419d0270, skipping init
I/dalvikvm( 6577): Could not find method android.content.Context.checkSelfPermission, referenced from method com.facebook.android.maps.a.ad.b
W/dalvikvm( 6577): VFY: unable to resolve virtual method 300: Landroid/content/Context;.checkSelfPermission (Ljava/lang/String;)I
D/dalvikvm( 6577): VFY: replacing opcode 0x6e at 0x000e
I/ActivityManager( 6577): Timeline: Activity_launch_request id:com.instagram.android time:788499258
I/dalvikvm( 6577): Could not find method android.widget.TextView.setFontFeatureSettings, referenced from method com.instagram.actionbar.k.<init>
W/dalvikvm( 6577): VFY: unable to resolve virtual method 6564: Landroid/widget/TextView;.setFontFeatureSettings (Ljava/lang/String;)V
D/dalvikvm( 6577): VFY: replacing opcode 0x6e at 0x0045
V/WLAN_PSA(  215): NL MSG, len[048], NL type[0x11] WNI type[0x5050] len[028]
I/dalvikvm( 6577): Could not find method android.view.Window.setStatusBarColor, referenced from method com.instagram.actionbar.k.c
W/dalvikvm( 6577): VFY: unable to resolve virtual method 5781: Landroid/view/Window;.setStatusBarColor (I)V
D/dalvikvm( 6577): VFY: replacing opcode 0x6e at 0x0025
W/SSO     ( 6577): com.facebook.katana content provider has no session entry.
W/SSO     ( 6577): com.facebook.wakizashi content provider has no session entry.
I/Adreno-EGL( 6577): <qeglDrvAPI_eglInitialize:410>: EGL 1.4 QUALCOMM build:  ()
I/Adreno-EGL( 6577): OpenGL ES Shader Compiler Version: E031.24.00.14
I/Adreno-EGL( 6577): Build Date: 07/11/14 Fri
I/Adreno-EGL( 6577): Local Branch: YUV
I/Adreno-EGL( 6577): Remote Branch: 
I/Adreno-EGL( 6577): Local Patches: 
I/Adreno-EGL( 6577): Reconstruct Branch: 
D/OpenGLRenderer( 6577): Enabling debug mode 0
I/ActivityManager( 1184): Displayed com.instagram.android/.nux.SignedOutFragmentActivity: +606ms (total +958ms)
I/ActivityManager( 1184): Timeline: Activity_windows_visible id: ActivityRecord{42c5e840 u0 com.instagram.android/.nux.SignedOutFragmentActivity t908} time:788499891
D/nubiatel:tel-callBack-service(  201): onDataActivity arg0 = 0
D/nubiatel:tel-callBack-service(  201): onDataActivity arg0 = 0
D/nubiatel:tel-callBack-service(  201): onDataActivity arg0 = 0
D/StatusBar.MSimNetworkController(23931): refreshViews: mWifiConnected=false, mMDataConnected=true, mSimReady=true
D/StatusBar.MSimNetworkController(23931): refreshViews: mWifiConnected=false, mMDataConnected=true, mSimReady=true
E/        ( 1184): grade_parameter buf sprintf = 6 196 , len = 5
E/        ( 1184): grade_parameter write =  5
D/ConnectivityServiceHSM( 1184): Actual State: DefaultConnectivityState, Current State: DefaultConnectivityState.processMessage what=112
D/ConnectivityServiceHSM( 1184): Actual State: DefaultConnectivityState, Current State: DefaultConnectivityState.processMessage what=112
D/ConnectivityServiceHSM( 1184): Actual State: DefaultConnectivityState, Current State: DefaultConnectivityState.processMessage what=112
D/ru.yandex.money.appwidget.BalanceWidgetProvider( 5534): onUpdate
I/DaoManager( 5534): Loaded configuration for class ru.yandex.money.orm.objects.AccountInfoDB
I/DaoManager( 5534): Loaded configuration for class ru.yandex.money.orm.objects.ArticleDB
I/DaoManager( 5534): Loaded configuration for class ru.yandex.money.orm.objects.BonusDB
I/DaoManager( 5534): Loaded configuration for class ru.yandex.money.orm.objects.DebugHostsDB
I/DaoManager( 5534): Loaded configuration for class ru.yandex.money.orm.objects.DigitalGoodsDB
I/DaoManager( 5534): Loaded configuration for class ru.yandex.money.orm.objects.DocumentDB
I/DaoManager( 5534): Loaded configuration for class ru.yandex.money.orm.objects.ExternalCardDB
I/DaoManager( 5534): Loaded configuration for class ru.yandex.money.orm.objects.FavoriteDB
I/DaoManager( 5534): Loaded configuration for class ru.yandex.money.orm.objects.GoodDB
I/DaoManager( 5534): Loaded configuration for class ru.yandex.money.orm.objects.MartCategoryDB
I/DaoManager( 5534): Loaded configuration for class ru.yandex.money.orm.objects.MartCategoryMartDB
I/DaoManager( 5534): Loaded configuration for class ru.yandex.money.orm.objects.MartDB
I/DaoManager( 5534): Loaded configuration for class ru.yandex.money.orm.objects.OperationDB
I/DaoManager( 5534): Loaded configuration for class ru.yandex.money.orm.objects.PhoneAutoRechargeStateDB
I/DaoManager( 5534): Loaded configuration for class ru.yandex.money.orm.objects.TotpDB
I/DaoManager( 5534): Loaded configuration for class ru.yandex.money.orm.objects.WidgetInfoDB
D/ru.yandex.money.appwidget.BalanceWidgetProvider( 5534): onReceived widget balance
D/BaseIntentService( 5534): received action=ru.yandex.money.action.ACCOUNT_INFO
D/dalvikvm( 1576): GC_CONCURRENT freed 2095K, 47% free 6042K/11376K, paused 3ms+8ms, total 49ms
D/nubiatel:tel-callBack-service(  201): onDataActivity arg0 = 3
D/nubiatel:tel-callBack-service(  201): onDataActivity arg0 = 3
D/nubiatel:tel-callBack-service(  201): onDataActivity arg0 = 3
D/StatusBar.MSimNetworkController(23931): refreshViews: mWifiConnected=false, mMDataConnected=true, mSimReady=true
D/StatusBar.MSimNetworkController(23931): refreshViews: mWifiConnected=false, mMDataConnected=true, mSimReady=true
E/        ( 1184): grade_parameter buf sprintf = 6 196 , len = 5
E/        ( 1184): grade_parameter write =  5
D/hardware_info(18524): hw_info_append_hw_type : device_name = speaker-lite
D/dalvikvm( 6577): GC_CONCURRENT freed 3443K, 33% free 7709K/11376K, paused 3ms+7ms, total 42ms
E/        ( 1184): grade_parameter buf sprintf = 6 196 , len = 5
E/        ( 1184): grade_parameter write =  5
V/WLAN_PSA(  215): NL MSG, len[048], NL type[0x11] WNI type[0x5050] len[028]
W/dalvikvm( 6577): VFY: Ljava/net/URI; is not instance of Ljava/lang/String;
W/dalvikvm( 6577): VFY: bad arg 1 (into Ljava/lang/String;)
W/dalvikvm( 6577): VFY:  rejecting call to Landroid/util/Log;.d (Ljava/lang/String;Ljava/lang/String;)I
W/dalvikvm( 6577): VFY:  rejecting opcode 0x71 at 0x0008
W/dalvikvm( 6577): VFY:  rejected Lch/boye/httpclientandroidlib/client/methods/HttpPost;.<init> (Ljava/net/URI;)V
W/dalvikvm( 6577): Verifier rejected class Lch/boye/httpclientandroidlib/client/methods/HttpPost;
W/dalvikvm( 6577): threadid=12: thread exiting with uncaught exception (group=0x416add58)
E/a       ( 6577): ACRA caught a VerifyError exception for com.instagram.android. Building report.
E/a       ( 6577): Handling exception for crash
E/a       ( 6577): java.lang.VerifyError: ch/boye/httpclientandroidlib/client/methods/HttpPost
E/a       ( 6577): 	at com.instagram.common.d.g.f.b(ChboyeHttpStack.java:235)
E/a       ( 6577): 	at com.instagram.common.d.g.f.a(ChboyeHttpStack.java:188)
E/a       ( 6577): 	at com.instagram.common.d.b.d.a(BasicHttpContinuations.java:24)
E/a       ( 6577): 	at com.instagram.common.d.b.d.a(BasicHttpContinuations.java:21)
E/a       ( 6577): 	at com.instagram.common.i.a.run(ChainableTask.java:134)
E/a       ( 6577): 	at com.instagram.common.i.a.run(ChainableTask.java:129)
E/a       ( 6577): 	at com.instagram.common.d.b.k.b(HttpRequestTask.java:27)
E/a       ( 6577): 	at com.instagram.common.i.g.run(ExecutorScheduler.java:38)
E/a       ( 6577): 	at java.util.concurrent.ThreadPoolExecutor.runWorker(ThreadPoolExecutor.java:1112)
E/a       ( 6577): 	at java.util.concurrent.ThreadPoolExecutor$Worker.run(ThreadPoolExecutor.java:587)
E/a       ( 6577): 	at java.lang.Thread.run(Thread.java:841)
E/a       ( 6577): 	at com.instagram.common.c.b.c.run(IgThread.java:41)
D/a       ( 6577): Generating report file for crash
I/dalvikvm( 6577): Rejecting re-init on previously-failed class Lch/boye/httpclientandroidlib/client/methods/HttpPost; v=0x416a1ca8
W/dalvikvm( 6577): threadid=11: thread exiting with uncaught exception (group=0x416add58)
E/a       ( 6577): ACRA caught a VerifyError exception for com.instagram.android. Building report.
E/a       ( 6577): Handling exception for crash
E/a       ( 6577): java.lang.VerifyError: ch/boye/httpclientandroidlib/client/methods/HttpPost
E/a       ( 6577): 	at com.instagram.common.d.g.f.b(ChboyeHttpStack.java:235)
E/a       ( 6577): 	at com.instagram.common.d.g.f.a(ChboyeHttpStack.java:188)
E/a       ( 6577): 	at com.instagram.common.d.b.d.a(BasicHttpContinuations.java:24)
E/a       ( 6577): 	at com.instagram.common.d.b.d.a(BasicHttpContinuations.java:21)
E/a       ( 6577): 	at com.instagram.common.i.a.run(ChainableTask.java:134)
E/a       ( 6577): 	at com.instagram.common.i.a.run(ChainableTask.java:129)
E/a       ( 6577): 	at com.instagram.common.d.b.k.b(HttpRequestTask.java:27)
E/a       ( 6577): 	at com.instagram.common.i.g.run(ExecutorScheduler.java:38)
E/a       ( 6577): 	at java.util.concurrent.ThreadPoolExecutor.runWorker(ThreadPoolExecutor.java:1112)
E/a       ( 6577): 	at java.util.concurrent.ThreadPoolExecutor$Worker.run(ThreadPoolExecutor.java:587)
E/a       ( 6577): 	at java.lang.Thread.run(Thread.java:841)
E/a       ( 6577): 	at com.instagram.common.c.b.c.run(IgThread.java:41)
D/a       ( 6577): Generating report file for crash
V/a       ( 6577): About to start ReportSenderWorker from #handleException
V/a       ( 6577): About to start ReportSenderWorker from #handleException
D/nubiatel:tel-callBack-service(  201): onDataActivity arg0 = 0
D/nubiatel:tel-callBack-service(  201): onDataActivity arg0 = 0
D/nubiatel:tel-callBack-service(  201): onDataActivity arg0 = 0
D/a       ( 6577): #checkAndSendReports - start
D/a       ( 6577): Looking for error files in /data/data/com.instagram.android/app_acra-reports
D/a       ( 6577): Loading file 1449066689310-VerifyError-18187053.stacktrace
D/StatusBar.MSimNetworkController(23931): refreshViews: mWifiConnected=false, mMDataConnected=true, mSimReady=true
I/a       ( 6577): Sending file 1449066689310-VerifyError-18187053.stacktrace
D/a       ( 6577): Connect to https://www.facebook.com/mobile/instagram_android_crash_logs/
D/StatusBar.MSimNetworkController(23931): refreshViews: mWifiConnected=false, mMDataConnected=true, mSimReady=true
D/dalvikvm( 6577): GC_CONCURRENT freed 1091K, 25% free 8577K/11376K, paused 3ms+4ms, total 31ms
D/KeyguardUpdateMonitor(23931): ACTION_SERVICE_STATE_CHANGED on sub: 0 mServiceState: 0 0 home MegaFon MegaFon 25002  UMTS HSPA CSS not supported -1 -1 RoamInd=-1 DefRoamInd=-1 EmergOnly=false
D/nubiatel:tel-callBack-service(  201): onServiceStateChanged arg0 = 0 0 home MegaFon MegaFon 25002  UMTS HSPA CSS not supported -1 -1 RoamInd=-1 DefRoamInd=-1 EmergOnly=false
D/nubiatel:tel-callBack-service(  201): onServiceStateChanged arg0 = 0 0 home MegaFon MegaFon 25002  UMTS HSPA CSS not supported -1 -1 RoamInd=-1 DefRoamInd=-1 EmergOnly=false
D/nubiatel:tel-callBack-service(  201): onDataConnectionStateChanged arg0 = 2 arg1 = 10
D/nubiatel:tel-callBack-service(  201): onDataConnectionStateChanged arg0 = 2 arg1 = 10
D/ConnectivityServiceHSM( 1184): Actual State: DefaultConnectivityState, Current State: DefaultConnectivityState.processMessage what=458755
D/ConnectivityServiceHSM( 1184): Actual State: DefaultConnectivityState, Current State: DefaultConnectivityState.processMessage what=5011
V/MSimPhoneGlobals( 1473): Action intent recieved:android.intent.action.SERVICE_STATE
V/MSimPhoneGlobals( 1473): Action intent recieved:android.intent.action.ANY_DATA_STATE
D/PhoneApp( 1473): mReceiver: ACTION_ANY_DATA_CONNECTION_STATE_CHANGED
D/PhoneApp( 1473): - state: CONNECTED
D/PhoneApp( 1473): - reason: null
D/StatusBar.MSimNetworkController(23931): refreshViews: mWifiConnected=false, mMDataConnected=true, mSimReady=true
D/StatusBar.MSimNetworkController(23931): refreshViews: mWifiConnected=false, mMDataConnected=true, mSimReady=true
D/nubiatel:tel-callBack-service(  201): onDataActivity arg0 = 3
D/nubiatel:tel-callBack-service(  201): onDataActivity arg0 = 3
D/nubiatel:tel-callBack-service(  201): onDataActivity arg0 = 3
D/StatusBar.MSimNetworkController(23931): refreshViews: mWifiConnected=false, mMDataConnected=true, mSimReady=true
D/StatusBar.MSimNetworkController(23931): refreshViews: mWifiConnected=false, mMDataConnected=true, mSimReady=true
D/nubiatel:tel-callBack-service(  201): onServiceStateChanged arg0 = 0 0 home MegaFon MegaFon 25002  UMTS HSPAP CSS not supported -1 -1 RoamInd=-1 DefRoamInd=-1 EmergOnly=false
D/nubiatel:tel-callBack-service(  201): onServiceStateChanged arg0 = 0 0 home MegaFon MegaFon 25002  UMTS HSPAP CSS not supported -1 -1 RoamInd=-1 DefRoamInd=-1 EmergOnly=false
D/nubiatel:tel-callBack-service(  201): onDataConnectionStateChanged arg0 = 2 arg1 = 15
D/nubiatel:tel-callBack-service(  201): onDataConnectionStateChanged arg0 = 2 arg1 = 15
V/MSimPhoneGlobals( 1473): Action intent recieved:android.intent.action.SERVICE_STATE
V/MSimPhoneGlobals( 1473): Action intent recieved:android.intent.action.ANY_DATA_STATE
D/PhoneApp( 1473): mReceiver: ACTION_ANY_DATA_CONNECTION_STATE_CHANGED
D/PhoneApp( 1473): - state: CONNECTED
D/PhoneApp( 1473): - reason: null
D/ConnectivityServiceHSM( 1184): Actual State: DefaultConnectivityState, Current State: DefaultConnectivityState.processMessage what=458755
D/ConnectivityServiceHSM( 1184): Actual State: DefaultConnectivityState, Current State: DefaultConnectivityState.processMessage what=5011
D/StatusBar.MSimNetworkController(23931): refreshViews: mWifiConnected=false, mMDataConnected=true, mSimReady=true
D/KeyguardUpdateMonitor(23931): ACTION_SERVICE_STATE_CHANGED on sub: 0 mServiceState: 0 0 home MegaFon MegaFon 25002  UMTS HSPAP CSS not supported -1 -1 RoamInd=-1 DefRoamInd=-1 EmergOnly=false
D/StatusBar.MSimNetworkController(23931): refreshViews: mWifiConnected=false, mMDataConnected=true, mSimReady=true
D/a       ( 6577): Loading file 1449066689322-VerifyError-18187053.stacktrace
I/a       ( 6577): Sending file 1449066689322-VerifyError-18187053.stacktrace
D/a       ( 6577): Connect to https://www.facebook.com/mobile/instagram_android_crash_logs/
D/a       ( 6577): #checkAndSendReports - finish
D/a       ( 6577): #checkAndSendReports - start
D/a       ( 6577): Looking for error files in /data/data/com.instagram.android/app_acra-reports
D/a       ( 6577): #checkAndSendReports - finish
I/Process ( 6577): Sending signal. PID: 6577 SIG: 9
D/ZLauncher3( 1500): Launcher, onStart
D/ZLauncher3( 1500): Launcher, mNeedPlayAnimation = false
D/ZLauncher3( 1500): Launcher, updateWorkspaceItemVisibility,page=0 ,b=true
D/ZLauncher3( 1500): Launcher, updateWorkspaceItemVisibility,page=1 ,b=true
D/ZLauncher3( 1500): Launcher, updateWorkspaceItemVisibility,page=2 ,b=true
D/ZLauncher3( 1500): Launcher, updateWorkspaceItemVisibility,page=3 ,b=true
D/ZLauncher3( 1500): Launcher, updateWorkspaceItemVisibility,page=4 ,b=true
D/ZLauncher3( 1500): Launcher, showBottomBar,show=true,animation=false,mIndicatorBar.getY()=1020.0,mHotseat.getY()=1090.0
D/ZLauncher3( 1500): Launcher, launcher-animation activity  first step onResume , mOnResumeState=NONE, mState=WORKSPACE, mRestoring=false, mOnResumeNeedsLoad=false, mOnResumeCallbacks.size=0, mNeedPlayAnimation=false, mWorkspaceLoading=false
D/ZLauncher3( 1500): Launcher, launcher-animation activity resume mWorkspaceLoading=false, mNeedPlayAnimation=false
V/BreathinglightService( 1184): oldCall = 0;  missedCallCount = 0
W/Binder  ( 1442): Caught a RuntimeException from the binder stub implementation.
W/Binder  ( 1442): java.lang.NullPointerException
W/Binder  ( 1442): 	at android.inputmethodservice.IInputMethodWrapper.setSessionEnabled(IInputMethodWrapper.java:280)
W/Binder  ( 1442): 	at com.android.internal.view.IInputMethod$Stub.onTransact(IInputMethod.java:129)
W/Binder  ( 1442): 	at android.os.Binder.execTransact(Binder.java:404)
W/Binder  ( 1442): 	at dalvik.system.NativeStart.run(Native Method)
E/Diag_Lib(  736): [IMS_FATAL]| 2915 | 764 |ims-rtp-daemon ims_rtp_qmi_handler_thread_func waiting on select thread>
D/ZLauncher3( 1500): Workspace, computeScrollHelper1, mCurrentPage=4 ,update mCurrentPage=4
V/BreathinglightService( 1184): oldMmsSMS = 160;  missMmsCount = 160
I/ActivityManager( 1500): Timeline: Activity_idle id: android.os.BinderProxy@419c35b8 time:788509095
V/WLAN_PSA(  215): NL MSG, len[048], NL type[0x11] WNI type[0x5050] len[028]
I/ActivityManager( 1184): Timeline: Activity_windows_visible id: ActivityRecord{42261ac0 u0 cn.nubia.launcher/com.android.launcher2.Launcher t1} time:788509506
D/nubiatel:tel-callBack-service(  201): onDataActivity arg0 = 0
D/nubiatel:tel-callBack-service(  201): onDataActivity arg0 = 0
D/nubiatel:tel-callBack-service(  201): onDataActivity arg0 = 0
D/StatusBar.MSimNetworkController(23931): refreshViews: mWifiConnected=false, mMDataConnected=true, mSimReady=true
D/nubiatel:tel-callBack-service(  201): onSignalStrengthsChanged arg0 = SignalStrength: 31 0 -120 -160 -120 -1 -1 99 2147483647 2147483647 2147483647 2147483647 2147483647 gsm|lte
D/nubiatel:tel-callBack-service(  201): onSignalStrengthsChanged arg0 = SignalStrength: 31 0 -120 -160 -120 -1 -1 99 2147483647 2147483647 2147483647 2147483647 2147483647 gsm|lte
D/nubiatel:tel-callBack-service(  201): onSignalStrengthChanged arg0 = 31
D/nubiatel:tel-callBack-service(  201): onSignalStrengthChanged arg0 = 31
D/StatusBar.MSimNetworkController(23931): refreshViews: mWifiConnected=false, mMDataConnected=true, mSimReady=true
D/StatusBar.MSimNetworkController(23931): refreshViews: mWifiConnected=false, mMDataConnected=true, mSimReady=true
D/dalvikvm( 1500): GC_FOR_ALLOC freed 807K, 18% free 41866K/50996K, paused 66ms, total 67ms
D/ZLauncher3( 1500): Workspace, mDensity=2.0 ,velocityY=0 ,deltaY=0 ,pageHeight=1050
D/ZLauncher3( 1500): Workspace, snapToPage 2,mCurrentPage=4 ,go whichPage=4
I/ActivityManager( 1500): Timeline: Activity_launch_request id:com.instagram.android time:788513608
D/audio_hw_primary(18524): select_devices: out_snd_device(2: speaker) in_snd_device(0: )
D/hardware_info(18524): hw_info_append_hw_type : device_name = speaker-lite
D/ACDB-LOADER(18524): ACDB -> send_audio_cal, acdb_id = 14, path =  0
D/ACDB-LOADER(18524): ACDB -> send_adm_topology
D/ACDB-LOADER(18524): ACDB -> ACDB_CMD_GET_AUDPROC_COMMON_TOPOLOGY_ID
D/ACDB-LOADER(18524): ACDB -> send_asm_topology
D/ACDB-LOADER(18524): ACDB -> ACDB_CMD_GET_AUDPROC_STREAM_TOPOLOGY_ID
D/ACDB-LOADER(18524): ACDB -> send_audtable
D/ACDB-LOADER(18524): ACDB -> ACDB_CMD_GET_AUDPROC_COMMON_TABLE
D/ACDB-LOADER(18524): ACDB -> AUDIO_SET_AUDPROC_CAL
D/ACDB-LOADER(18524): ACDB -> send_audvoltable
D/ACDB-LOADER(18524): ACDB -> ACDB_CMD_GET_AUDPROC_GAIN_DEP_STEP_TABLE
D/ACDB-LOADER(18524): ACDB -> AUDIO_SET_AUDPROC_VOL_CAL
D/ACDB-LOADER(18524): ACDB -> send_afe_cal
D/ACDB-LOADER(18524): ACDB -> ACDB_CMD_GET_AFE_COMMON_TABLE
D/ACDB-LOADER(18524): ACDB -> AUDIO_SET_AFE_CAL
D/ZLauncher3( 1500): Launcher, onPause
E/        ( 1184): grade_parameter buf sprintf = 6 196 , len = 5
E/        ( 1184): grade_parameter write =  5
E/ZLauncher3( 1500): Launcher, onStop
D/ZLauncher3( 1500): Launcher, updateWorkspaceItemVisibility,page=4 ,b=false
D/ZLauncher3( 1500): Launcher, showBottomBar,show=false,animation=false,mIndicatorBar.getY()=1020.0,mHotseat.getY()=1090.0
D/a       ( 6803): ACRA is enabled for com.instagram.android, intializing...
V/fb-UnpackingSoSource( 6803): locked dso store /data/data/com.instagram.android/lib-main
I/fb-UnpackingSoSource( 6803): dso store is up-to-date: /data/data/com.instagram.android/lib-main
V/fb-UnpackingSoSource( 6803): releasing dso store lock for /data/data/com.instagram.android/lib-main
D/dalvikvm( 6803): Trying to load lib /data/app-lib/com.instagram.android-1/libgnustl_shared.so 0x419d1118
D/dalvikvm( 6803): Added shared lib /data/app-lib/com.instagram.android-1/libgnustl_shared.so 0x419d1118
D/dalvikvm( 6803): No JNI_OnLoad found in /data/app-lib/com.instagram.android-1/libgnustl_shared.so 0x419d1118, skipping init
D/dalvikvm( 6803): Trying to load lib /data/app-lib/com.instagram.android-1/libbreakpad.so 0x419d1118
D/dalvikvm( 6803): Added shared lib /data/app-lib/com.instagram.android-1/libbreakpad.so 0x419d1118
D/nubiatel:tel-callBack-service(  201): onDataActivity arg0 = 3
D/nubiatel:tel-callBack-service(  201): onDataActivity arg0 = 3
D/nubiatel:tel-callBack-service(  201): onDataActivity arg0 = 3
D/dalvikvm( 6803): Trying to load lib /data/app-lib/com.instagram.android-1/libscrambler.so 0x419d1118
D/StatusBar.MSimNetworkController(23931): refreshViews: mWifiConnected=false, mMDataConnected=true, mSimReady=true
D/dalvikvm( 6803): Added shared lib /data/app-lib/com.instagram.android-1/libscrambler.so 0x419d1118
D/dalvikvm( 6803): Trying to load lib /data/app-lib/com.instagram.android-1/libstrings.so 0x419d1118
D/dalvikvm( 6803): Added shared lib /data/app-lib/com.instagram.android-1/libstrings.so 0x419d1118
D/dalvikvm( 6803): No JNI_OnLoad found in /data/app-lib/com.instagram.android-1/libstrings.so 0x419d1118, skipping init
D/StatusBar.MSimNetworkController(23931): refreshViews: mWifiConnected=false, mMDataConnected=true, mSimReady=true
I/dalvikvm( 6803): Could not find method android.content.Context.checkSelfPermission, referenced from method com.facebook.android.maps.a.ad.b
W/dalvikvm( 6803): VFY: unable to resolve virtual method 300: Landroid/content/Context;.checkSelfPermission (Ljava/lang/String;)I
D/dalvikvm( 6803): VFY: replacing opcode 0x6e at 0x000e
I/ActivityManager( 6803): Timeline: Activity_launch_request id:com.instagram.android time:788514001
I/dalvikvm( 6803): Could not find method android.widget.TextView.setFontFeatureSettings, referenced from method com.instagram.actionbar.k.<init>
W/dalvikvm( 6803): VFY: unable to resolve virtual method 6564: Landroid/widget/TextView;.setFontFeatureSettings (Ljava/lang/String;)V
D/dalvikvm( 6803): VFY: replacing opcode 0x6e at 0x0045
I/dalvikvm( 6803): Could not find method android.view.Window.setStatusBarColor, referenced from method com.instagram.actionbar.k.c
W/dalvikvm( 6803): VFY: unable to resolve virtual method 5781: Landroid/view/Window;.setStatusBarColor (I)V
D/dalvikvm( 6803): VFY: replacing opcode 0x6e at 0x0025
W/SSO     ( 6803): com.facebook.katana content provider has no session entry.
W/SSO     ( 6803): com.facebook.wakizashi content provider has no session entry.
I/Adreno-EGL( 6803): <qeglDrvAPI_eglInitialize:410>: EGL 1.4 QUALCOMM build:  ()
I/Adreno-EGL( 6803): OpenGL ES Shader Compiler Version: E031.24.00.14
I/Adreno-EGL( 6803): Build Date: 07/11/14 Fri
I/Adreno-EGL( 6803): Local Branch: YUV
I/Adreno-EGL( 6803): Remote Branch: 
I/Adreno-EGL( 6803): Local Patches: 
I/Adreno-EGL( 6803): Reconstruct Branch: 
D/OpenGLRenderer( 6803): Enabling debug mode 0
V/WLAN_PSA(  215): NL MSG, len[048], NL type[0x11] WNI type[0x5050] len[028]
I/ActivityManager( 1184): Displayed com.instagram.android/.nux.SignedOutFragmentActivity: +525ms (total +902ms)
I/ActivityManager( 1184): Timeline: Activity_windows_visible id: ActivityRecord{42dc6230 u0 com.instagram.android/.nux.SignedOutFragmentActivity t909} time:788514556
D/BaseIntentService( 5534): performed action=ru.yandex.money.action.ACCOUNT_INFO
D/ru.yandex.money.appwidget.BalanceWidgetProvider( 5534): onReceived widget balance
D/avf     ( 5534): updateLastUpdate started
D/avf     ( 5534): updateLastUpdate finished
D/ru.yandex.money.appwidget.BalanceWidgetProvider( 5534): onReceived widget balance
D/avf     ( 5534): updateLastUpdate started
D/avf     ( 5534): updateLastUpdate finished
D/hardware_info(18524): hw_info_append_hw_type : device_name = speaker-lite
D/nubiatel:tel-callBack-service(  201): onDataActivity arg0 = 0
D/nubiatel:tel-callBack-service(  201): onDataActivity arg0 = 0
D/nubiatel:tel-callBack-service(  201): onDataActivity arg0 = 0
D/StatusBar.MSimNetworkController(23931): refreshViews: mWifiConnected=false, mMDataConnected=true, mSimReady=true
D/StatusBar.MSimNetworkController(23931): refreshViews: mWifiConnected=false, mMDataConnected=true, mSimReady=true
E/AddrConfig(  206): zte_addr_config is still alive.
D/nubiatel:tel-callBack-service(  201): onServiceStateChanged arg0 = 0 0 home MegaFon MegaFon 25002  UMTS HSPA CSS not supported -1 -1 RoamInd=-1 DefRoamInd=-1 EmergOnly=false
D/nubiatel:tel-callBack-service(  201): onServiceStateChanged arg0 = 0 0 home MegaFon MegaFon 25002  UMTS HSPA CSS not supported -1 -1 RoamInd=-1 DefRoamInd=-1 EmergOnly=false
D/nubiatel:tel-callBack-service(  201): onDataConnectionStateChanged arg0 = 2 arg1 = 10
D/nubiatel:tel-callBack-service(  201): onDataConnectionStateChanged arg0 = 2 arg1 = 10
V/MSimPhoneGlobals( 1473): Action intent recieved:android.intent.action.SERVICE_STATE
V/MSimPhoneGlobals( 1473): Action intent recieved:android.intent.action.ANY_DATA_STATE
D/PhoneApp( 1473): mReceiver: ACTION_ANY_DATA_CONNECTION_STATE_CHANGED
D/PhoneApp( 1473): - state: CONNECTED
D/PhoneApp( 1473): - reason: null
D/ConnectivityServiceHSM( 1184): Actual State: DefaultConnectivityState, Current State: DefaultConnectivityState.processMessage what=458755
D/ConnectivityServiceHSM( 1184): Actual State: DefaultConnectivityState, Current State: DefaultConnectivityState.processMessage what=5011
D/StatusBar.MSimNetworkController(23931): refreshViews: mWifiConnected=false, mMDataConnected=true, mSimReady=true
D/StatusBar.MSimNetworkController(23931): refreshViews: mWifiConnected=false, mMDataConnected=true, mSimReady=true
D/KeyguardUpdateMonitor(23931): ACTION_SERVICE_STATE_CHANGED on sub: 0 mServiceState: 0 0 home MegaFon MegaFon 25002  UMTS HSPA CSS not supported -1 -1 RoamInd=-1 DefRoamInd=-1 EmergOnly=false
V/WLAN_PSA(  215): NL MSG, len[048], NL type[0x11] WNI type[0x5050] len[028]
E/        ( 1184): grade_parameter buf sprintf = 6 196 , len = 5
E/        ( 1184): grade_parameter write =  5
D/dalvikvm( 6803): GC_CONCURRENT freed 3485K, 34% free 7611K/11376K, paused 3ms+2ms, total 23ms
W/dalvikvm( 6803): VFY: Ljava/net/URI; is not instance of Ljava/lang/String;
W/dalvikvm( 6803): VFY: bad arg 1 (into Ljava/lang/String;)
W/dalvikvm( 6803): VFY:  rejecting call to Landroid/util/Log;.d (Ljava/lang/String;Ljava/lang/String;)I
W/dalvikvm( 6803): VFY:  rejecting opcode 0x71 at 0x0008
W/dalvikvm( 6803): VFY:  rejected Lch/boye/httpclientandroidlib/client/methods/HttpPost;.<init> (Ljava/net/URI;)V
W/dalvikvm( 6803): Verifier rejected class Lch/boye/httpclientandroidlib/client/methods/HttpPost;
W/dalvikvm( 6803): threadid=10: thread exiting with uncaught exception (group=0x416add58)
E/a       ( 6803): ACRA caught a VerifyError exception for com.instagram.android. Building report.
E/a       ( 6803): Handling exception for crash
E/a       ( 6803): java.lang.VerifyError: ch/boye/httpclientandroidlib/client/methods/HttpPost
E/a       ( 6803): 	at com.instagram.common.d.g.f.b(ChboyeHttpStack.java:235)
E/a       ( 6803): 	at com.instagram.common.d.g.f.a(ChboyeHttpStack.java:188)
E/a       ( 6803): 	at com.instagram.common.d.b.d.a(BasicHttpContinuations.java:24)
E/a       ( 6803): 	at com.instagram.common.d.b.d.a(BasicHttpContinuations.java:21)
E/a       ( 6803): 	at com.instagram.common.i.a.run(ChainableTask.java:134)
E/a       ( 6803): 	at com.instagram.common.i.a.run(ChainableTask.java:129)
E/a       ( 6803): 	at com.instagram.common.d.b.k.b(HttpRequestTask.java:27)
E/a       ( 6803): 	at com.instagram.common.i.g.run(ExecutorScheduler.java:38)
E/a       ( 6803): 	at java.util.concurrent.ThreadPoolExecutor.runWorker(ThreadPoolExecutor.java:1112)
E/a       ( 6803): 	at java.util.concurrent.ThreadPoolExecutor$Worker.run(ThreadPoolExecutor.java:587)
E/a       ( 6803): 	at java.lang.Thread.run(Thread.java:841)
E/a       ( 6803): 	at com.instagram.common.c.b.c.run(IgThread.java:41)
D/a       ( 6803): Generating report file for crash
I/dalvikvm( 6803): Rejecting re-init on previously-failed class Lch/boye/httpclientandroidlib/client/methods/HttpPost; v=0x416a1ca8
W/dalvikvm( 6803): threadid=11: thread exiting with uncaught exception (group=0x416add58)
E/a       ( 6803): ACRA caught a VerifyError exception for com.instagram.android. Building report.
E/a       ( 6803): Handling exception for crash
E/a       ( 6803): java.lang.VerifyError: ch/boye/httpclientandroidlib/client/methods/HttpPost
E/a       ( 6803): 	at com.instagram.common.d.g.f.b(ChboyeHttpStack.java:235)
E/a       ( 6803): 	at com.instagram.common.d.g.f.a(ChboyeHttpStack.java:188)
E/a       ( 6803): 	at com.instagram.common.d.b.d.a(BasicHttpContinuations.java:24)
E/a       ( 6803): 	at com.instagram.common.d.b.d.a(BasicHttpContinuations.java:21)
E/a       ( 6803): 	at com.instagram.common.i.a.run(ChainableTask.java:134)
E/a       ( 6803): 	at com.instagram.common.i.a.run(ChainableTask.java:129)
E/a       ( 6803): 	at com.instagram.common.d.b.k.b(HttpRequestTask.java:27)
E/a       ( 6803): 	at com.instagram.common.i.g.run(ExecutorScheduler.java:38)
E/a       ( 6803): 	at java.util.concurrent.ThreadPoolExecutor.runWorker(ThreadPoolExecutor.java:1112)
E/a       ( 6803): 	at java.util.concurrent.ThreadPoolExecutor$Worker.run(ThreadPoolExecutor.java:587)
E/a       ( 6803): 	at java.lang.Thread.run(Thread.java:841)
E/a       ( 6803): 	at com.instagram.common.c.b.c.run(IgThread.java:41)
D/a       ( 6803): Generating report file for crash
V/a       ( 6803): About to start ReportSenderWorker from #handleException
D/a       ( 6803): #checkAndSendReports - start
D/a       ( 6803): Looking for error files in /data/data/com.instagram.android/app_acra-reports
D/a       ( 6803): Loading file 1449066704086-VerifyError-18187053.temp_stacktrace
W/a       ( 6803): temp file 1449066704086-VerifyError-18187053.temp_stacktrace is too recent; skipping
D/a       ( 6803): Loading file 1449066704062-VerifyError-18187053.stacktrace
I/a       ( 6803): Sending file 1449066704062-VerifyError-18187053.stacktrace
D/a       ( 6803): Connect to https://www.facebook.com/mobile/instagram_android_crash_logs/
V/a       ( 6803): About to start ReportSenderWorker from #handleException
D/nubiatel:tel-callBack-service(  201): onDataActivity arg0 = 2
D/nubiatel:tel-callBack-service(  201): onDataActivity arg0 = 2
D/nubiatel:tel-callBack-service(  201): onDataActivity arg0 = 2
D/StatusBar.MSimNetworkController(23931): refreshViews: mWifiConnected=false, mMDataConnected=true, mSimReady=true
--------- beginning of /dev/log/system
D/MSimSignalClusterView(23931): wifi: GONE sig=0 act=2130837832
D/MSimSignalClusterView(23931): sub1Visible = true  sub2Visible = false  mMobileVisible = true  subscription = 0
D/MSimSignalClusterView(23931): wifi: GONE sig=0 act=2130837832
D/MSimSignalClusterView(23931): sub1Visible = true  sub2Visible = false  mMobileVisible = false  subscription = 1
D/MSimSignalClusterView(23931): wifi: GONE sig=0 act=2130837832
D/MSimSignalClusterView(23931): sub1Visible = true  sub2Visible = false  mMobileVisible = false  subscription = 1
D/MSimSignalClusterView(23931): wifi: GONE sig=0 act=2130837832
D/MSimSignalClusterView(23931): sub1Visible = true  sub2Visible = false  mMobileVisible = true  subscription = 0
D/StatusBar.MSimNetworkController(23931): refreshViews: mWifiConnected=false, mMDataConnected=true, mSimReady=true
D/MSimSignalClusterView(23931): wifi: GONE sig=0 act=2130837832
D/MSimSignalClusterView(23931): sub1Visible = true  sub2Visible = false  mMobileVisible = true  subscription = 0
D/MSimSignalClusterView(23931): wifi: GONE sig=0 act=2130837832
D/MSimSignalClusterView(23931): sub1Visible = true  sub2Visible = false  mMobileVisible = false  subscription = 1
D/MSimSignalClusterView(23931): wifi: GONE sig=0 act=2130837832
D/MSimSignalClusterView(23931): sub1Visible = true  sub2Visible = false  mMobileVisible = false  subscription = 1
D/MSimSignalClusterView(23931): wifi: GONE sig=0 act=2130837832
D/MSimSignalClusterView(23931): sub1Visible = true  sub2Visible = false  mMobileVisible = true  subscription = 0
D/dalvikvm( 6803): GC_CONCURRENT freed 1099K, 26% free 8525K/11376K, paused 2ms+2ms, total 18ms
E/        ( 1184): grade_parameter buf sprintf = 6 196 , len = 5
E/        ( 1184): grade_parameter write =  5
I/ActivityManager( 1184): Start proc com.google.android.apps.maps for service com.google.android.apps.maps/com.google.android.apps.gmm.prefetch.PrefetcherService: pid=6900 uid=10121 gids={50121, 3003, 1028, 1015, 3002, 3001}
D/nubiatel:tel-callBack-service(  201): onServiceStateChanged arg0 = 0 0 home MegaFon MegaFon 25002  UMTS HSPAP CSS not supported -1 -1 RoamInd=-1 DefRoamInd=-1 EmergOnly=false
I/MSimTelephonyRegistry( 1184): notifyServiceState: 0 0 home MegaFon MegaFon 25002  UMTS HSPAP CSS not supported -1 -1 RoamInd=-1 DefRoamInd=-1 EmergOnly=false
D/StatusBar.MSimNetworkController(23931): onServiceStateChanged received on subscription :0state=0
D/StatusBar.MSimNetworkController(23931): Combining data service state 0 for signal
D/StatusBar.MSimNetworkController(23931): updateTelephonySignalStrength: subscription =0
D/nubiatel:tel-callBack-service(  201): onServiceStateChanged arg0 = 0 0 home MegaFon MegaFon 25002  UMTS HSPAP CSS not supported -1 -1 RoamInd=-1 DefRoamInd=-1 EmergOnly=false
D/StatusBar.MSimNetworkController(23931): isGsm = true  evdoLevel =0   cdmaLevel = 0  lteLevel = 0 mIsInCdmaCall = false iconLevel = 4
D/nubiatel:tel-callBack-service(  201): onDataConnectionStateChanged arg0 = 2 arg1 = 15
D/StatusBar.MSimNetworkController(23931): updateDataNetType sub = 0 mDataNetType = 10
D/StatusBar.MSimNetworkController(23931): updateDataIcon subscription =0
D/StatusBar.MSimNetworkController(23931): updateDataIcon dataSub =0
D/StatusBar.MSimNetworkController(23931): updateDataIcon  when SimState =READY
D/StatusBar.MSimNetworkController(23931): updateDataIcon  when gsm mMSimState =READY
D/StatusBar.MSimNetworkController(23931): updateDataIcon when mMSimDataConnected =true
D/StatusBar.MSimNetworkController(23931): updateNetworkName showSpn=true spn=MegaFon showPlmn=false plmn=MegaFon
D/CarrierLabel(23931): updateNetworkName networkOperator = 25002 subscription = 0
D/StatusBar.MSimNetworkController(23931): mMSimNetworkName[subscription] MegaFonsubscription 0
D/StatusBar.MSimNetworkController(23931): updateCarrierText for sub:0 simState =READY
D/StatusBar.MSimNetworkController(23931): refreshViews subscription =0mMSimDataConnected =true
D/StatusBar.MSimNetworkController(23931): refreshViews mMSimDataActivity =2
D/MSimTelephonyRegistry( 1184): Notify data connection state changed on sub: 0
D/nubiatel:tel-callBack-service(  201): onDataConnectionStateChanged arg0 = 2 arg1 = 15
D/MSimTelephonyRegistry( 1184): Notify data connection state changed on sub: 0
D/MSimTelephonyRegistry( 1184): Notify data connection state changed on sub: 0
D/StatusBar.MSimNetworkController(23931): refreshViews connected={ data } level=4 mMSimcombinedSignalIconId=0x7f020135/com.android.systemui:drawable/stat_sys_signal_4 mMSimcombinedActivityIconId=0x7f02013f mAirplaneMode=false mMSimDataActivity=2 mMSimPhoneSignalIconId=0x7f020135 mMSimDataDirectionIconId=0x7f020116 mMSimDataSignalIconId=0x7f020135 mMSimDataTypeIconId=0x7f02011e mNoMSimIconId=0x0 mWifiIconId=0x0 mBluetoothTetherIconId=0x1080669
